<!doctype html public "-//w3c//dtd html 4.0 transitional//en">
<html><head>
<title>Static Call Graph - [.\Objects\EBF_RA4M2.axf]</title></head>
<body><HR>
<H1>Static Call Graph for image .\Objects\EBF_RA4M2.axf</H1><HR>
<BR><P>#&#060CALLGRAPH&#062# ARM Linker, 6220000: Last Updated: Thu Feb 26 20:24:25 2026
<BR><P>
<H3>Maximum Stack Usage =       1488 bytes + Unknown(Cycles, Untraceable Function Pointers)</H3><H3>
Call chain for Maximum Stack Depth:</H3>
Reset_Handler &rArr; main &rArr; hal_entry &rArr; Save_Appliance_Data &rArr; Check_Device_Exist &rArr; f_open &rArr; follow_path &rArr; dir_find &rArr; dir_next &rArr; create_chain &rArr; put_fat &rArr; move_window &rArr; sync_window &rArr; disk_write &rArr; R_SDHI_Write &rArr; r_sdhi_command_send_no_wait
<P>
<H3>
Mutually Recursive functions
</H3> <LI><a href="#[8a]">bsp_prv_software_delay_loop</a>&nbsp;&nbsp;&nbsp;&rArr;&nbsp;&nbsp;&nbsp;<a href="#[8a]">bsp_prv_software_delay_loop</a><BR>
</UL>
<P>
<H3>
Function Pointers
</H3><UL>
 <LI><a href="#[4]">BusFault_Handler</a> from startup.o(.text.Default_Handler) referenced from startup.o(.fixed_vectors)
 <LI><a href="#[8]">DebugMon_Handler</a> from startup.o(.text.Default_Handler) referenced from startup.o(.fixed_vectors)
 <LI><a href="#[2]">HardFault_Handler</a> from startup.o(.text.Default_Handler) referenced from startup.o(.fixed_vectors)
 <LI><a href="#[3]">MemManage_Handler</a> from startup.o(.text.Default_Handler) referenced from startup.o(.fixed_vectors)
 <LI><a href="#[1]">NMI_Handler</a> from bsp_group_irq.o(.text.NMI_Handler) referenced from startup.o(.fixed_vectors)
 <LI><a href="#[9]">PendSV_Handler</a> from startup.o(.text.Default_Handler) referenced from startup.o(.fixed_vectors)
 <LI><a href="#[4a]">R_DMAC_CallbackSet</a> from r_dmac.o(.text.R_DMAC_CallbackSet) referenced from r_dmac.o(.rodata.g_transfer_on_dmac)
 <LI><a href="#[48]">R_DMAC_Close</a> from r_dmac.o(.text.R_DMAC_Close) referenced from r_dmac.o(.rodata.g_transfer_on_dmac)
 <LI><a href="#[44]">R_DMAC_Disable</a> from r_dmac.o(.text.R_DMAC_Disable) referenced from r_dmac.o(.rodata.g_transfer_on_dmac)
 <LI><a href="#[43]">R_DMAC_Enable</a> from r_dmac.o(.text.R_DMAC_Enable) referenced from r_dmac.o(.rodata.g_transfer_on_dmac)
 <LI><a href="#[47]">R_DMAC_InfoGet</a> from r_dmac.o(.text.R_DMAC_InfoGet) referenced from r_dmac.o(.rodata.g_transfer_on_dmac)
 <LI><a href="#[40]">R_DMAC_Open</a> from r_dmac.o(.text.R_DMAC_Open) referenced from r_dmac.o(.rodata.g_transfer_on_dmac)
 <LI><a href="#[41]">R_DMAC_Reconfigure</a> from r_dmac.o(.text.R_DMAC_Reconfigure) referenced from r_dmac.o(.rodata.g_transfer_on_dmac)
 <LI><a href="#[49]">R_DMAC_Reload</a> from r_dmac.o(.text.R_DMAC_Reload) referenced from r_dmac.o(.rodata.g_transfer_on_dmac)
 <LI><a href="#[42]">R_DMAC_Reset</a> from r_dmac.o(.text.R_DMAC_Reset) referenced from r_dmac.o(.rodata.g_transfer_on_dmac)
 <LI><a href="#[45]">R_DMAC_SoftwareStart</a> from r_dmac.o(.text.R_DMAC_SoftwareStart) referenced from r_dmac.o(.rodata.g_transfer_on_dmac)
 <LI><a href="#[46]">R_DMAC_SoftwareStop</a> from r_dmac.o(.text.R_DMAC_SoftwareStop) referenced from r_dmac.o(.rodata.g_transfer_on_dmac)
 <LI><a href="#[1e]">R_ELC_Close</a> from r_elc.o(.text.R_ELC_Close) referenced from r_elc.o(.rodata.g_elc_on_elc)
 <LI><a href="#[23]">R_ELC_Disable</a> from r_elc.o(.text.R_ELC_Disable) referenced from r_elc.o(.rodata.g_elc_on_elc)
 <LI><a href="#[22]">R_ELC_Enable</a> from r_elc.o(.text.R_ELC_Enable) referenced from r_elc.o(.rodata.g_elc_on_elc)
 <LI><a href="#[21]">R_ELC_LinkBreak</a> from r_elc.o(.text.R_ELC_LinkBreak) referenced from r_elc.o(.rodata.g_elc_on_elc)
 <LI><a href="#[20]">R_ELC_LinkSet</a> from r_elc.o(.text.R_ELC_LinkSet) referenced from r_elc.o(.rodata.g_elc_on_elc)
 <LI><a href="#[1d]">R_ELC_Open</a> from r_elc.o(.text.R_ELC_Open) referenced from r_elc.o(.rodata.g_elc_on_elc)
 <LI><a href="#[1f]">R_ELC_SoftwareEventGenerate</a> from r_elc.o(.text.R_ELC_SoftwareEventGenerate) referenced from r_elc.o(.rodata.g_elc_on_elc)
 <LI><a href="#[3e]">R_GPT_CallbackSet</a> from r_gpt.o(.text.R_GPT_CallbackSet) referenced from r_gpt.o(.rodata.g_timer_on_gpt)
 <LI><a href="#[3f]">R_GPT_Close</a> from r_gpt.o(.text.R_GPT_Close) referenced from r_gpt.o(.rodata.g_timer_on_gpt)
 <LI><a href="#[3b]">R_GPT_CompareMatchSet</a> from r_gpt.o(.text.R_GPT_CompareMatchSet) referenced from r_gpt.o(.rodata.g_timer_on_gpt)
 <LI><a href="#[38]">R_GPT_Disable</a> from r_gpt.o(.text.R_GPT_Disable) referenced from r_gpt.o(.rodata.g_timer_on_gpt)
 <LI><a href="#[3a]">R_GPT_DutyCycleSet</a> from r_gpt.o(.text.R_GPT_DutyCycleSet) referenced from r_gpt.o(.rodata.g_timer_on_gpt)
 <LI><a href="#[37]">R_GPT_Enable</a> from r_gpt.o(.text.R_GPT_Enable) referenced from r_gpt.o(.rodata.g_timer_on_gpt)
 <LI><a href="#[3c]">R_GPT_InfoGet</a> from r_gpt.o(.text.R_GPT_InfoGet) referenced from r_gpt.o(.rodata.g_timer_on_gpt)
 <LI><a href="#[33]">R_GPT_Open</a> from r_gpt.o(.text.R_GPT_Open) referenced from r_gpt.o(.rodata.g_timer_on_gpt)
 <LI><a href="#[39]">R_GPT_PeriodSet</a> from r_gpt.o(.text.R_GPT_PeriodSet) referenced from r_gpt.o(.rodata.g_timer_on_gpt)
 <LI><a href="#[36]">R_GPT_Reset</a> from r_gpt.o(.text.R_GPT_Reset) referenced from r_gpt.o(.rodata.g_timer_on_gpt)
 <LI><a href="#[34]">R_GPT_Start</a> from r_gpt.o(.text.R_GPT_Start) referenced from r_gpt.o(.rodata.g_timer_on_gpt)
 <LI><a href="#[3d]">R_GPT_StatusGet</a> from r_gpt.o(.text.R_GPT_StatusGet) referenced from r_gpt.o(.rodata.g_timer_on_gpt)
 <LI><a href="#[35]">R_GPT_Stop</a> from r_gpt.o(.text.R_GPT_Stop) referenced from r_gpt.o(.rodata.g_timer_on_gpt)
 <LI><a href="#[26]">R_IOPORT_Close</a> from r_ioport.o(.text.R_IOPORT_Close) referenced from r_ioport.o(.rodata.g_ioport_on_ioport)
 <LI><a href="#[25]">R_IOPORT_Open</a> from r_ioport.o(.text.R_IOPORT_Open) referenced from r_ioport.o(.rodata.g_ioport_on_ioport)
 <LI><a href="#[28]">R_IOPORT_PinCfg</a> from r_ioport.o(.text.R_IOPORT_PinCfg) referenced from r_ioport.o(.rodata.g_ioport_on_ioport)
 <LI><a href="#[29]">R_IOPORT_PinEventInputRead</a> from r_ioport.o(.text.R_IOPORT_PinEventInputRead) referenced from r_ioport.o(.rodata.g_ioport_on_ioport)
 <LI><a href="#[2a]">R_IOPORT_PinEventOutputWrite</a> from r_ioport.o(.text.R_IOPORT_PinEventOutputWrite) referenced from r_ioport.o(.rodata.g_ioport_on_ioport)
 <LI><a href="#[2b]">R_IOPORT_PinRead</a> from r_ioport.o(.text.R_IOPORT_PinRead) referenced from r_ioport.o(.rodata.g_ioport_on_ioport)
 <LI><a href="#[2c]">R_IOPORT_PinWrite</a> from r_ioport.o(.text.R_IOPORT_PinWrite) referenced from r_ioport.o(.rodata.g_ioport_on_ioport)
 <LI><a href="#[27]">R_IOPORT_PinsCfg</a> from r_ioport.o(.text.R_IOPORT_PinsCfg) referenced from r_ioport.o(.rodata.g_ioport_on_ioport)
 <LI><a href="#[2d]">R_IOPORT_PortDirectionSet</a> from r_ioport.o(.text.R_IOPORT_PortDirectionSet) referenced from r_ioport.o(.rodata.g_ioport_on_ioport)
 <LI><a href="#[2e]">R_IOPORT_PortEventInputRead</a> from r_ioport.o(.text.R_IOPORT_PortEventInputRead) referenced from r_ioport.o(.rodata.g_ioport_on_ioport)
 <LI><a href="#[2f]">R_IOPORT_PortEventOutputWrite</a> from r_ioport.o(.text.R_IOPORT_PortEventOutputWrite) referenced from r_ioport.o(.rodata.g_ioport_on_ioport)
 <LI><a href="#[30]">R_IOPORT_PortRead</a> from r_ioport.o(.text.R_IOPORT_PortRead) referenced from r_ioport.o(.rodata.g_ioport_on_ioport)
 <LI><a href="#[31]">R_IOPORT_PortWrite</a> from r_ioport.o(.text.R_IOPORT_PortWrite) referenced from r_ioport.o(.rodata.g_ioport_on_ioport)
 <LI><a href="#[53]">R_SCI_UART_Abort</a> from r_sci_uart.o(.text.R_SCI_UART_Abort) referenced from r_sci_uart.o(.rodata.g_uart_on_sci)
 <LI><a href="#[51]">R_SCI_UART_BaudSet</a> from r_sci_uart.o(.text.R_SCI_UART_BaudSet) referenced from r_sci_uart.o(.rodata.g_uart_on_sci)
 <LI><a href="#[54]">R_SCI_UART_CallbackSet</a> from r_sci_uart.o(.text.R_SCI_UART_CallbackSet) referenced from r_sci_uart.o(.rodata.g_uart_on_sci)
 <LI><a href="#[55]">R_SCI_UART_Close</a> from r_sci_uart.o(.text.R_SCI_UART_Close) referenced from r_sci_uart.o(.rodata.g_uart_on_sci)
 <LI><a href="#[52]">R_SCI_UART_InfoGet</a> from r_sci_uart.o(.text.R_SCI_UART_InfoGet) referenced from r_sci_uart.o(.rodata.g_uart_on_sci)
 <LI><a href="#[4e]">R_SCI_UART_Open</a> from r_sci_uart.o(.text.R_SCI_UART_Open) referenced from r_sci_uart.o(.rodata.g_uart_on_sci)
 <LI><a href="#[4f]">R_SCI_UART_Read</a> from r_sci_uart.o(.text.R_SCI_UART_Read) referenced from r_sci_uart.o(.rodata.g_uart_on_sci)
 <LI><a href="#[56]">R_SCI_UART_ReadStop</a> from r_sci_uart.o(.text.R_SCI_UART_ReadStop) referenced from r_sci_uart.o(.rodata.g_uart_on_sci)
 <LI><a href="#[58]">R_SCI_UART_ReceiveResume</a> from r_sci_uart.o(.text.R_SCI_UART_ReceiveResume) referenced from r_sci_uart.o(.rodata.g_uart_on_sci)
 <LI><a href="#[57]">R_SCI_UART_ReceiveSuspend</a> from r_sci_uart.o(.text.R_SCI_UART_ReceiveSuspend) referenced from r_sci_uart.o(.rodata.g_uart_on_sci)
 <LI><a href="#[50]">R_SCI_UART_Write</a> from r_sci_uart.o(.text.R_SCI_UART_Write) referenced from r_sci_uart.o(.rodata.g_uart_on_sci)
 <LI><a href="#[0]">Reset_Handler</a> from startup.o(.text.Reset_Handler) referenced from startup.o(.fixed_vectors)
 <LI><a href="#[7]">SVC_Handler</a> from startup.o(.text.Default_Handler) referenced from startup.o(.fixed_vectors)
 <LI><a href="#[6]">SecureFault_Handler</a> from startup.o(.text.Default_Handler) referenced from startup.o(.fixed_vectors)
 <LI><a href="#[a]">SysTick_Handler</a> from systick.o(.text.SysTick_Handler) referenced from startup.o(.fixed_vectors)
 <LI><a href="#[5]">UsageFault_Handler</a> from startup.o(.text.Default_Handler) referenced from startup.o(.fixed_vectors)
 <LI><a href="#[16]">_sbackspace</a> from _sgetc.o(.text) referenced from __0sscanf.o(.text)
 <LI><a href="#[17]">_scanf_char_input</a> from scanf_char.o(.text) referenced from scanf_char.o(.text)
 <LI><a href="#[15]">_sgetc</a> from _sgetc.o(.text) referenced from __0sscanf.o(.text)
 <LI><a href="#[1c]">_snputc</a> from printfa.o(i._snputc) referenced from printfa.o(i.__0snprintf)
 <LI><a href="#[1a]">circlebuf_get</a> from circle_buf.o(.text.circlebuf_get) referenced 2 times from circle_buf.o(.text.BL0942_circlebuf_init)
 <LI><a href="#[1a]">circlebuf_get</a> from circle_buf.o(.text.circlebuf_get) referenced 2 times from circle_buf.o(.text.circlebuf_init)
 <LI><a href="#[19]">circlebuf_put</a> from circle_buf.o(.text.circlebuf_put) referenced 2 times from circle_buf.o(.text.BL0942_circlebuf_init)
 <LI><a href="#[19]">circlebuf_put</a> from circle_buf.o(.text.circlebuf_put) referenced 2 times from circle_buf.o(.text.circlebuf_init)
 <LI><a href="#[4c]">debug_uart0_callback</a> from bsp_debug_uart.o(.text.debug_uart0_callback) referenced from hal_data.o(.rodata.g_uart0_cfg)
 <LI><a href="#[13]">dmac_int_isr</a> from r_dmac.o(.text.dmac_int_isr) referenced from vector_data.o(.application_vectors)
 <LI><a href="#[1b]">fputc</a> from bsp_debug_uart.o(.text.fputc) referenced from printfa.o(i.__0printf)
 <LI><a href="#[14]">g_sdmmc0_callback</a> from bsp_sdhi_sdcard.o(.text.g_sdmmc0_callback) referenced from hal_data.o(.data.g_sdmmc0_cfg)
 <LI><a href="#[4b]">g_sdmmc0_dmac_callback</a> from hal_data.o(.text.g_sdmmc0_dmac_callback) referenced from hal_data.o(.rodata.g_transfer_sdhi_extend)
 <LI><a href="#[f]">gpt_counter_overflow_isr</a> from r_gpt.o(.text.gpt_counter_overflow_isr) referenced from vector_data.o(.application_vectors)
 <LI><a href="#[32]">gpt_uart_callback</a> from uart_hlw.o(.text.gpt_uart_callback) referenced from hal_data.o(.rodata.g_timer0_cfg)
 <LI><a href="#[18]">isspace</a> from isspace_c.o(.text) referenced from scanf_char.o(.text)
 <LI><a href="#[24]">key_externel_irq_callback</a> from key.o(.text.key_externel_irq_callback) referenced from common_data.o(.rodata.g_external_irq6_cfg)
 <LI><a href="#[24]">key_externel_irq_callback</a> from key.o(.text.key_externel_irq_callback) referenced from common_data.o(.rodata.g_external_irq7_cfg)
 <LI><a href="#[10]">r_icu_isr</a> from r_icu.o(.text.r_icu_isr) referenced 2 times from vector_data.o(.application_vectors)
 <LI><a href="#[e]">sci_uart_eri_isr</a> from r_sci_uart.o(.text.sci_uart_eri_isr) referenced 3 times from vector_data.o(.application_vectors)
 <LI><a href="#[b]">sci_uart_rxi_isr</a> from r_sci_uart.o(.text.sci_uart_rxi_isr) referenced 3 times from vector_data.o(.application_vectors)
 <LI><a href="#[d]">sci_uart_tei_isr</a> from r_sci_uart.o(.text.sci_uart_tei_isr) referenced 3 times from vector_data.o(.application_vectors)
 <LI><a href="#[c]">sci_uart_txi_isr</a> from r_sci_uart.o(.text.sci_uart_txi_isr) referenced 3 times from vector_data.o(.application_vectors)
 <LI><a href="#[11]">sdhimmc_accs_isr</a> from r_sdhi.o(.text.sdhimmc_accs_isr) referenced from vector_data.o(.application_vectors)
 <LI><a href="#[12]">sdhimmc_card_isr</a> from r_sdhi.o(.text.sdhimmc_card_isr) referenced from vector_data.o(.application_vectors)
 <LI><a href="#[4d]">uart3_callback</a> from uart_hlw.o(.text.uart3_callback) referenced from hal_data.o(.rodata.g_uart3_cfg)
</UL>
<P>
<H3>
Global Symbols
</H3>
<P><STRONG><a name="[59]"></a>__aeabi_uldivmod</STRONG> (Thumb, 98 bytes, Stack size 40 bytes, uldiv.o(.text), UNUSED)
<BR><BR>[Calls]<UL><LI><a href="#[5a]">&gt;&gt;</a>&nbsp;&nbsp;&nbsp;__aeabi_llsr
<LI><a href="#[5b]">&gt;&gt;</a>&nbsp;&nbsp;&nbsp;__aeabi_llsl
</UL>
<BR>[Called By]<UL><LI><a href="#[df]">&gt;&gt;</a>&nbsp;&nbsp;&nbsp;_printf_core
<LI><a href="#[e1]">&gt;&gt;</a>&nbsp;&nbsp;&nbsp;_fp_digits
</UL>

<P><STRONG><a name="[a9]"></a>rand</STRONG> (Thumb, 20 bytes, Stack size 0 bytes, rand.o(.text))
<BR><BR>[Called By]<UL><LI><a href="#[a8]">&gt;&gt;</a>&nbsp;&nbsp;&nbsp;Simulation_Random_Load_Test
</UL>

<P><STRONG><a name="[d8]"></a>srand</STRONG> (Thumb, 6 bytes, Stack size 0 bytes, rand.o(.text))
<BR><BR>[Called By]<UL><LI><a href="#[d4]">&gt;&gt;</a>&nbsp;&nbsp;&nbsp;hal_entry
</UL>

<P><STRONG><a name="[9b]"></a>__aeabi_memcpy</STRONG> (Thumb, 36 bytes, Stack size 0 bytes, memcpya.o(.text))
<BR><BR>[Called By]<UL><LI><a href="#[c8]">&gt;&gt;</a>&nbsp;&nbsp;&nbsp;f_read
<LI><a href="#[c2]">&gt;&gt;</a>&nbsp;&nbsp;&nbsp;dir_register
<LI><a href="#[9a]">&gt;&gt;</a>&nbsp;&nbsp;&nbsp;R_SDHI_Write
<LI><a href="#[a4]">&gt;&gt;</a>&nbsp;&nbsp;&nbsp;f_write
<LI><a href="#[d3]">&gt;&gt;</a>&nbsp;&nbsp;&nbsp;r_sdhi_transfer_callback
<LI><a href="#[b]">&gt;&gt;</a>&nbsp;&nbsp;&nbsp;sci_uart_rxi_isr
</UL>

<P><STRONG><a name="[b1]"></a>__aeabi_memcpy4</STRONG> (Thumb, 0 bytes, Stack size 0 bytes, memcpya.o(.text))
<BR><BR>[Called By]<UL><LI><a href="#[ad]">&gt;&gt;</a>&nbsp;&nbsp;&nbsp;SystemRuntimeInit
</UL>

<P><STRONG><a name="[e6]"></a>__aeabi_memcpy8</STRONG> (Thumb, 0 bytes, Stack size 0 bytes, memcpya.o(.text), UNUSED)

<P><STRONG><a name="[5d]"></a>__aeabi_memset</STRONG> (Thumb, 14 bytes, Stack size 0 bytes, memseta.o(.text))
<BR><BR>[Called By]<UL><LI><a href="#[5e]">&gt;&gt;</a>&nbsp;&nbsp;&nbsp;_memset$wrapper
<LI><a href="#[5c]">&gt;&gt;</a>&nbsp;&nbsp;&nbsp;__aeabi_memclr
</UL>

<P><STRONG><a name="[e7]"></a>__aeabi_memset4</STRONG> (Thumb, 0 bytes, Stack size 0 bytes, memseta.o(.text), UNUSED)

<P><STRONG><a name="[e8]"></a>__aeabi_memset8</STRONG> (Thumb, 0 bytes, Stack size 0 bytes, memseta.o(.text), UNUSED)

<P><STRONG><a name="[5c]"></a>__aeabi_memclr</STRONG> (Thumb, 4 bytes, Stack size 0 bytes, memseta.o(.text))
<BR><BR>[Calls]<UL><LI><a href="#[5d]">&gt;&gt;</a>&nbsp;&nbsp;&nbsp;__aeabi_memset
</UL>
<BR>[Called By]<UL><LI><a href="#[c2]">&gt;&gt;</a>&nbsp;&nbsp;&nbsp;dir_register
</UL>

<P><STRONG><a name="[96]"></a>__aeabi_memclr4</STRONG> (Thumb, 0 bytes, Stack size 0 bytes, memseta.o(.text))
<BR><BR>[Called By]<UL><LI><a href="#[ad]">&gt;&gt;</a>&nbsp;&nbsp;&nbsp;SystemRuntimeInit
<LI><a href="#[bb]">&gt;&gt;</a>&nbsp;&nbsp;&nbsp;dir_clear
<LI><a href="#[ce]">&gt;&gt;</a>&nbsp;&nbsp;&nbsp;sync_fs
<LI><a href="#[77]">&gt;&gt;</a>&nbsp;&nbsp;&nbsp;f_open
<LI><a href="#[95]">&gt;&gt;</a>&nbsp;&nbsp;&nbsp;R_SDHI_Open
<LI><a href="#[11]">&gt;&gt;</a>&nbsp;&nbsp;&nbsp;sdhimmc_accs_isr
<LI><a href="#[d3]">&gt;&gt;</a>&nbsp;&nbsp;&nbsp;r_sdhi_transfer_callback
</UL>

<P><STRONG><a name="[e9]"></a>__aeabi_memclr8</STRONG> (Thumb, 0 bytes, Stack size 0 bytes, memseta.o(.text), UNUSED)

<P><STRONG><a name="[5e]"></a>_memset$wrapper</STRONG> (Thumb, 18 bytes, Stack size 8 bytes, memseta.o(.text), UNUSED)
<BR><BR>[Calls]<UL><LI><a href="#[5d]">&gt;&gt;</a>&nbsp;&nbsp;&nbsp;__aeabi_memset
</UL>

<P><STRONG><a name="[83]"></a>strstr</STRONG> (Thumb, 36 bytes, Stack size 12 bytes, strstr.o(.text))
<BR><BR>[Stack]<UL><LI>Max Depth = 12<LI>Call Chain = strstr
</UL>
<BR>[Called By]<UL><LI><a href="#[82]">&gt;&gt;</a>&nbsp;&nbsp;&nbsp;Load_And_Print_All
</UL>

<P><STRONG><a name="[a7]"></a>strlen</STRONG> (Thumb, 14 bytes, Stack size 0 bytes, strlen.o(.text))
<BR><BR>[Called By]<UL><LI><a href="#[a3]">&gt;&gt;</a>&nbsp;&nbsp;&nbsp;Save_Appliance_Data
</UL>

<P><STRONG><a name="[79]"></a>strcmp</STRONG> (Thumb, 28 bytes, Stack size 8 bytes, strcmp.o(.text))
<BR><BR>[Stack]<UL><LI>Max Depth = 8<LI>Call Chain = strcmp
</UL>
<BR>[Called By]<UL><LI><a href="#[76]">&gt;&gt;</a>&nbsp;&nbsp;&nbsp;Check_Device_Exist
</UL>

<P><STRONG><a name="[d1]"></a>memchr</STRONG> (Thumb, 20 bytes, Stack size 0 bytes, memchr.o(.text))
<BR><BR>[Called By]<UL><LI><a href="#[cc]">&gt;&gt;</a>&nbsp;&nbsp;&nbsp;follow_path
</UL>

<P><STRONG><a name="[b7]"></a>memcmp</STRONG> (Thumb, 26 bytes, Stack size 12 bytes, memcmp.o(.text))
<BR><BR>[Stack]<UL><LI>Max Depth = 12<LI>Call Chain = memcmp
</UL>
<BR>[Called By]<UL><LI><a href="#[b5]">&gt;&gt;</a>&nbsp;&nbsp;&nbsp;check_fs
<LI><a href="#[be]">&gt;&gt;</a>&nbsp;&nbsp;&nbsp;dir_find
</UL>

<P><STRONG><a name="[5f]"></a>__0sscanf</STRONG> (Thumb, 48 bytes, Stack size 72 bytes, __0sscanf.o(.text))
<BR><BR>[Stack]<UL><LI>Max Depth = 264<LI>Call Chain = __0sscanf &rArr; __vfscanf_char &rArr; __vfscanf &rArr; _scanf_real
</UL>
<BR>[Calls]<UL><LI><a href="#[60]">&gt;&gt;</a>&nbsp;&nbsp;&nbsp;__vfscanf_char
</UL>
<BR>[Called By]<UL><LI><a href="#[76]">&gt;&gt;</a>&nbsp;&nbsp;&nbsp;Check_Device_Exist
<LI><a href="#[82]">&gt;&gt;</a>&nbsp;&nbsp;&nbsp;Load_And_Print_All
</UL>

<P><STRONG><a name="[61]"></a>_scanf_int</STRONG> (Thumb, 332 bytes, Stack size 56 bytes, _scanf_int.o(.text))
<BR><BR>[Stack]<UL><LI>Max Depth = 56<LI>Call Chain = _scanf_int
</UL>
<BR>[Calls]<UL><LI><a href="#[62]">&gt;&gt;</a>&nbsp;&nbsp;&nbsp;_chval
</UL>
<BR>[Called By]<UL><LI><a href="#[71]">&gt;&gt;</a>&nbsp;&nbsp;&nbsp;__vfscanf
</UL>

<P><STRONG><a name="[75]"></a>_scanf_string</STRONG> (Thumb, 224 bytes, Stack size 56 bytes, _scanf_str.o(.text))
<BR><BR>[Stack]<UL><LI>Max Depth = 56<LI>Call Chain = _scanf_string
</UL>
<BR>[Called By]<UL><LI><a href="#[71]">&gt;&gt;</a>&nbsp;&nbsp;&nbsp;__vfscanf
</UL>

<P><STRONG><a name="[74]"></a>_scanf_real</STRONG> (Thumb, 0 bytes, Stack size 104 bytes, scanf_fp.o(.text))
<BR><BR>[Stack]<UL><LI>Max Depth = 104<LI>Call Chain = _scanf_real
</UL>
<BR>[Called By]<UL><LI><a href="#[71]">&gt;&gt;</a>&nbsp;&nbsp;&nbsp;__vfscanf
</UL>

<P><STRONG><a name="[67]"></a>_scanf_really_real</STRONG> (Thumb, 556 bytes, Stack size 104 bytes, scanf_fp.o(.text), UNUSED)
<BR><BR>[Calls]<UL><LI><a href="#[69]">&gt;&gt;</a>&nbsp;&nbsp;&nbsp;__aeabi_d2f
<LI><a href="#[68]">&gt;&gt;</a>&nbsp;&nbsp;&nbsp;_is_digit
<LI><a href="#[63]">&gt;&gt;</a>&nbsp;&nbsp;&nbsp;_fp_value
</UL>

<P><STRONG><a name="[6a]"></a>__aeabi_dadd</STRONG> (Thumb, 322 bytes, Stack size 48 bytes, dadd.o(.text), UNUSED)
<BR><BR>[Calls]<UL><LI><a href="#[6b]">&gt;&gt;</a>&nbsp;&nbsp;&nbsp;__aeabi_lasr
<LI><a href="#[5b]">&gt;&gt;</a>&nbsp;&nbsp;&nbsp;__aeabi_llsl
<LI><a href="#[6d]">&gt;&gt;</a>&nbsp;&nbsp;&nbsp;_double_round
<LI><a href="#[6c]">&gt;&gt;</a>&nbsp;&nbsp;&nbsp;_double_epilogue
</UL>
<BR>[Called By]<UL><LI><a href="#[6e]">&gt;&gt;</a>&nbsp;&nbsp;&nbsp;__aeabi_dsub
<LI><a href="#[6f]">&gt;&gt;</a>&nbsp;&nbsp;&nbsp;__aeabi_drsub
<LI><a href="#[e1]">&gt;&gt;</a>&nbsp;&nbsp;&nbsp;_fp_digits
</UL>

<P><STRONG><a name="[6e]"></a>__aeabi_dsub</STRONG> (Thumb, 6 bytes, Stack size 0 bytes, dadd.o(.text), UNUSED)
<BR><BR>[Calls]<UL><LI><a href="#[6a]">&gt;&gt;</a>&nbsp;&nbsp;&nbsp;__aeabi_dadd
</UL>

<P><STRONG><a name="[6f]"></a>__aeabi_drsub</STRONG> (Thumb, 6 bytes, Stack size 0 bytes, dadd.o(.text), UNUSED)
<BR><BR>[Calls]<UL><LI><a href="#[6a]">&gt;&gt;</a>&nbsp;&nbsp;&nbsp;__aeabi_dadd
</UL>

<P><STRONG><a name="[65]"></a>__aeabi_dmul</STRONG> (Thumb, 228 bytes, Stack size 48 bytes, dmul.o(.text), UNUSED)
<BR><BR>[Calls]<UL><LI><a href="#[6c]">&gt;&gt;</a>&nbsp;&nbsp;&nbsp;_double_epilogue
</UL>
<BR>[Called By]<UL><LI><a href="#[63]">&gt;&gt;</a>&nbsp;&nbsp;&nbsp;_fp_value
<LI><a href="#[e1]">&gt;&gt;</a>&nbsp;&nbsp;&nbsp;_fp_digits
</UL>

<P><STRONG><a name="[66]"></a>__aeabi_ddiv</STRONG> (Thumb, 222 bytes, Stack size 32 bytes, ddiv.o(.text), UNUSED)
<BR><BR>[Calls]<UL><LI><a href="#[6d]">&gt;&gt;</a>&nbsp;&nbsp;&nbsp;_double_round
</UL>
<BR>[Called By]<UL><LI><a href="#[63]">&gt;&gt;</a>&nbsp;&nbsp;&nbsp;_fp_value
<LI><a href="#[e1]">&gt;&gt;</a>&nbsp;&nbsp;&nbsp;_fp_digits
</UL>

<P><STRONG><a name="[84]"></a>__aeabi_f2d</STRONG> (Thumb, 38 bytes, Stack size 0 bytes, f2d.o(.text))
<BR><BR>[Called By]<UL><LI><a href="#[82]">&gt;&gt;</a>&nbsp;&nbsp;&nbsp;Load_And_Print_All
<LI><a href="#[a3]">&gt;&gt;</a>&nbsp;&nbsp;&nbsp;Save_Appliance_Data
</UL>

<P><STRONG><a name="[69]"></a>__aeabi_d2f</STRONG> (Thumb, 56 bytes, Stack size 8 bytes, d2f.o(.text), UNUSED)
<BR><BR>[Calls]<UL><LI><a href="#[70]">&gt;&gt;</a>&nbsp;&nbsp;&nbsp;_float_round
</UL>
<BR>[Called By]<UL><LI><a href="#[67]">&gt;&gt;</a>&nbsp;&nbsp;&nbsp;_scanf_really_real
</UL>

<P><STRONG><a name="[ea]"></a>__aeabi_uidiv</STRONG> (Thumb, 0 bytes, Stack size 12 bytes, uidiv.o(.text), UNUSED)

<P><STRONG><a name="[e5]"></a>__aeabi_uidivmod</STRONG> (Thumb, 44 bytes, Stack size 12 bytes, uidiv.o(.text), UNUSED)
<BR><BR>[Called By]<UL><LI><a href="#[df]">&gt;&gt;</a>&nbsp;&nbsp;&nbsp;_printf_core
</UL>

<P><STRONG><a name="[5b]"></a>__aeabi_llsl</STRONG> (Thumb, 30 bytes, Stack size 0 bytes, llshl.o(.text), UNUSED)
<BR><BR>[Called By]<UL><LI><a href="#[6a]">&gt;&gt;</a>&nbsp;&nbsp;&nbsp;__aeabi_dadd
<LI><a href="#[59]">&gt;&gt;</a>&nbsp;&nbsp;&nbsp;__aeabi_uldivmod
<LI><a href="#[6c]">&gt;&gt;</a>&nbsp;&nbsp;&nbsp;_double_epilogue
<LI><a href="#[72]">&gt;&gt;</a>&nbsp;&nbsp;&nbsp;__aeabi_d2ulz
</UL>

<P><STRONG><a name="[eb]"></a>_ll_shift_l</STRONG> (Thumb, 0 bytes, Stack size 0 bytes, llshl.o(.text), UNUSED)

<P><STRONG><a name="[5a]"></a>__aeabi_llsr</STRONG> (Thumb, 32 bytes, Stack size 0 bytes, llushr.o(.text), UNUSED)
<BR><BR>[Called By]<UL><LI><a href="#[59]">&gt;&gt;</a>&nbsp;&nbsp;&nbsp;__aeabi_uldivmod
<LI><a href="#[6c]">&gt;&gt;</a>&nbsp;&nbsp;&nbsp;_double_epilogue
<LI><a href="#[72]">&gt;&gt;</a>&nbsp;&nbsp;&nbsp;__aeabi_d2ulz
</UL>

<P><STRONG><a name="[ec]"></a>_ll_ushift_r</STRONG> (Thumb, 0 bytes, Stack size 0 bytes, llushr.o(.text), UNUSED)

<P><STRONG><a name="[6b]"></a>__aeabi_lasr</STRONG> (Thumb, 36 bytes, Stack size 0 bytes, llsshr.o(.text), UNUSED)
<BR><BR>[Called By]<UL><LI><a href="#[6a]">&gt;&gt;</a>&nbsp;&nbsp;&nbsp;__aeabi_dadd
</UL>

<P><STRONG><a name="[ed]"></a>_ll_sshift_r</STRONG> (Thumb, 0 bytes, Stack size 0 bytes, llsshr.o(.text), UNUSED)

<P><STRONG><a name="[62]"></a>_chval</STRONG> (Thumb, 28 bytes, Stack size 0 bytes, _chval.o(.text))
<BR><BR>[Called By]<UL><LI><a href="#[61]">&gt;&gt;</a>&nbsp;&nbsp;&nbsp;_scanf_int
</UL>

<P><STRONG><a name="[60]"></a>__vfscanf_char</STRONG> (Thumb, 20 bytes, Stack size 0 bytes, scanf_char.o(.text))
<BR><BR>[Stack]<UL><LI>Max Depth = 192<LI>Call Chain = __vfscanf_char &rArr; __vfscanf &rArr; _scanf_real
</UL>
<BR>[Calls]<UL><LI><a href="#[71]">&gt;&gt;</a>&nbsp;&nbsp;&nbsp;__vfscanf
</UL>
<BR>[Called By]<UL><LI><a href="#[5f]">&gt;&gt;</a>&nbsp;&nbsp;&nbsp;__0sscanf
</UL>

<P><STRONG><a name="[15]"></a>_sgetc</STRONG> (Thumb, 30 bytes, Stack size 0 bytes, _sgetc.o(.text))
<BR>[Address Reference Count : 1]<UL><LI> __0sscanf.o(.text)
</UL>
<P><STRONG><a name="[16]"></a>_sbackspace</STRONG> (Thumb, 34 bytes, Stack size 0 bytes, _sgetc.o(.text))
<BR>[Address Reference Count : 1]<UL><LI> __0sscanf.o(.text)
</UL>
<P><STRONG><a name="[ee]"></a>__I$use$fp</STRONG> (Thumb, 0 bytes, Stack size 0 bytes, iusefp.o(.text), UNUSED)

<P><STRONG><a name="[70]"></a>_float_round</STRONG> (Thumb, 18 bytes, Stack size 0 bytes, fepilogue.o(.text), UNUSED)
<BR><BR>[Called By]<UL><LI><a href="#[69]">&gt;&gt;</a>&nbsp;&nbsp;&nbsp;__aeabi_d2f
</UL>

<P><STRONG><a name="[ef]"></a>_float_epilogue</STRONG> (Thumb, 92 bytes, Stack size 4 bytes, fepilogue.o(.text), UNUSED)

<P><STRONG><a name="[6d]"></a>_double_round</STRONG> (Thumb, 30 bytes, Stack size 8 bytes, depilogue.o(.text), UNUSED)
<BR><BR>[Called By]<UL><LI><a href="#[6a]">&gt;&gt;</a>&nbsp;&nbsp;&nbsp;__aeabi_dadd
<LI><a href="#[66]">&gt;&gt;</a>&nbsp;&nbsp;&nbsp;__aeabi_ddiv
<LI><a href="#[6c]">&gt;&gt;</a>&nbsp;&nbsp;&nbsp;_double_epilogue
</UL>

<P><STRONG><a name="[6c]"></a>_double_epilogue</STRONG> (Thumb, 156 bytes, Stack size 32 bytes, depilogue.o(.text), UNUSED)
<BR><BR>[Calls]<UL><LI><a href="#[5a]">&gt;&gt;</a>&nbsp;&nbsp;&nbsp;__aeabi_llsr
<LI><a href="#[5b]">&gt;&gt;</a>&nbsp;&nbsp;&nbsp;__aeabi_llsl
<LI><a href="#[6d]">&gt;&gt;</a>&nbsp;&nbsp;&nbsp;_double_round
</UL>
<BR>[Called By]<UL><LI><a href="#[6a]">&gt;&gt;</a>&nbsp;&nbsp;&nbsp;__aeabi_dadd
<LI><a href="#[65]">&gt;&gt;</a>&nbsp;&nbsp;&nbsp;__aeabi_dmul
<LI><a href="#[64]">&gt;&gt;</a>&nbsp;&nbsp;&nbsp;__aeabi_ul2d
</UL>

<P><STRONG><a name="[64]"></a>__aeabi_ul2d</STRONG> (Thumb, 24 bytes, Stack size 16 bytes, dfltul.o(.text), UNUSED)
<BR><BR>[Calls]<UL><LI><a href="#[6c]">&gt;&gt;</a>&nbsp;&nbsp;&nbsp;_double_epilogue
</UL>
<BR>[Called By]<UL><LI><a href="#[63]">&gt;&gt;</a>&nbsp;&nbsp;&nbsp;_fp_value
</UL>

<P><STRONG><a name="[72]"></a>__aeabi_d2ulz</STRONG> (Thumb, 48 bytes, Stack size 0 bytes, dfixul.o(.text), UNUSED)
<BR><BR>[Calls]<UL><LI><a href="#[5a]">&gt;&gt;</a>&nbsp;&nbsp;&nbsp;__aeabi_llsr
<LI><a href="#[5b]">&gt;&gt;</a>&nbsp;&nbsp;&nbsp;__aeabi_llsl
</UL>
<BR>[Called By]<UL><LI><a href="#[e1]">&gt;&gt;</a>&nbsp;&nbsp;&nbsp;_fp_digits
</UL>

<P><STRONG><a name="[e2]"></a>__aeabi_cdrcmple</STRONG> (Thumb, 48 bytes, Stack size 0 bytes, cdrcmple.o(.text), UNUSED)
<BR><BR>[Called By]<UL><LI><a href="#[e1]">&gt;&gt;</a>&nbsp;&nbsp;&nbsp;_fp_digits
</UL>

<P><STRONG><a name="[18]"></a>isspace</STRONG> (Thumb, 10 bytes, Stack size 0 bytes, isspace_c.o(.text))
<BR><BR>[Calls]<UL><LI><a href="#[73]">&gt;&gt;</a>&nbsp;&nbsp;&nbsp;__ctype_lookup
</UL>
<BR>[Address Reference Count : 1]<UL><LI> scanf_char.o(.text)
</UL>
<P><STRONG><a name="[71]"></a>__vfscanf</STRONG> (Thumb, 808 bytes, Stack size 88 bytes, _scanf.o(.text))
<BR><BR>[Stack]<UL><LI>Max Depth = 192<LI>Call Chain = __vfscanf &rArr; _scanf_real
</UL>
<BR>[Calls]<UL><LI><a href="#[74]">&gt;&gt;</a>&nbsp;&nbsp;&nbsp;_scanf_real
<LI><a href="#[75]">&gt;&gt;</a>&nbsp;&nbsp;&nbsp;_scanf_string
<LI><a href="#[61]">&gt;&gt;</a>&nbsp;&nbsp;&nbsp;_scanf_int
</UL>
<BR>[Called By]<UL><LI><a href="#[60]">&gt;&gt;</a>&nbsp;&nbsp;&nbsp;__vfscanf_char
</UL>

<P><STRONG><a name="[73]"></a>__ctype_lookup</STRONG> (Thumb, 34 bytes, Stack size 0 bytes, ctype_c.o(.text))
<BR><BR>[Called By]<UL><LI><a href="#[18]">&gt;&gt;</a>&nbsp;&nbsp;&nbsp;isspace
</UL>

<P><STRONG><a name="[d7]"></a>BL0942_circlebuf_init</STRONG> (Thumb, 50 bytes, Stack size 0 bytes, circle_buf.o(.text.BL0942_circlebuf_init))
<BR><BR>[Called By]<UL><LI><a href="#[d4]">&gt;&gt;</a>&nbsp;&nbsp;&nbsp;hal_entry
</UL>

<P><STRONG><a name="[76]"></a>Check_Device_Exist</STRONG> (Thumb, 148 bytes, Stack size 176 bytes, sdcard_data_handle.o(.text.Check_Device_Exist))
<BR><BR>[Stack]<UL><LI>Max Depth = 1088<LI>Call Chain = Check_Device_Exist &rArr; f_open &rArr; follow_path &rArr; dir_find &rArr; dir_next &rArr; create_chain &rArr; put_fat &rArr; move_window &rArr; sync_window &rArr; disk_write &rArr; R_SDHI_Write &rArr; r_sdhi_command_send_no_wait
</UL>
<BR>[Calls]<UL><LI><a href="#[7a]">&gt;&gt;</a>&nbsp;&nbsp;&nbsp;f_close
<LI><a href="#[78]">&gt;&gt;</a>&nbsp;&nbsp;&nbsp;f_gets
<LI><a href="#[77]">&gt;&gt;</a>&nbsp;&nbsp;&nbsp;f_open
<LI><a href="#[79]">&gt;&gt;</a>&nbsp;&nbsp;&nbsp;strcmp
<LI><a href="#[5f]">&gt;&gt;</a>&nbsp;&nbsp;&nbsp;__0sscanf
</UL>
<BR>[Called By]<UL><LI><a href="#[a3]">&gt;&gt;</a>&nbsp;&nbsp;&nbsp;Save_Appliance_Data
</UL>

<P><STRONG><a name="[7b]"></a>Debug_UART0_Init</STRONG> (Thumb, 20 bytes, Stack size 0 bytes, bsp_debug_uart.o(.text.Debug_UART0_Init))
<BR><BR>[Stack]<UL><LI>Max Depth = 32<LI>Call Chain = Debug_UART0_Init &rArr; R_SCI_UART_Open
</UL>
<BR>[Calls]<UL><LI><a href="#[4e]">&gt;&gt;</a>&nbsp;&nbsp;&nbsp;R_SCI_UART_Open
</UL>
<BR>[Called By]<UL><LI><a href="#[d4]">&gt;&gt;</a>&nbsp;&nbsp;&nbsp;hal_entry
</UL>

<P><STRONG><a name="[4]"></a>BusFault_Handler</STRONG> (Thumb, 4 bytes, Stack size 0 bytes, startup.o(.text.Default_Handler))
<BR>[Address Reference Count : 1]<UL><LI> startup.o(.fixed_vectors)
</UL>
<P><STRONG><a name="[8]"></a>DebugMon_Handler</STRONG> (Thumb, 4 bytes, Stack size 0 bytes, startup.o(.text.Default_Handler))
<BR>[Address Reference Count : 1]<UL><LI> startup.o(.fixed_vectors)
</UL>
<P><STRONG><a name="[f0]"></a>Default_Handler</STRONG> (Thumb, 4 bytes, Stack size 0 bytes, startup.o(.text.Default_Handler), UNUSED)

<P><STRONG><a name="[2]"></a>HardFault_Handler</STRONG> (Thumb, 4 bytes, Stack size 0 bytes, startup.o(.text.Default_Handler))
<BR>[Address Reference Count : 1]<UL><LI> startup.o(.fixed_vectors)
</UL>
<P><STRONG><a name="[3]"></a>MemManage_Handler</STRONG> (Thumb, 4 bytes, Stack size 0 bytes, startup.o(.text.Default_Handler))
<BR>[Address Reference Count : 1]<UL><LI> startup.o(.fixed_vectors)
</UL>
<P><STRONG><a name="[9]"></a>PendSV_Handler</STRONG> (Thumb, 4 bytes, Stack size 0 bytes, startup.o(.text.Default_Handler))
<BR>[Address Reference Count : 1]<UL><LI> startup.o(.fixed_vectors)
</UL>
<P><STRONG><a name="[7]"></a>SVC_Handler</STRONG> (Thumb, 4 bytes, Stack size 0 bytes, startup.o(.text.Default_Handler))
<BR>[Address Reference Count : 1]<UL><LI> startup.o(.fixed_vectors)
</UL>
<P><STRONG><a name="[6]"></a>SecureFault_Handler</STRONG> (Thumb, 4 bytes, Stack size 0 bytes, startup.o(.text.Default_Handler))
<BR>[Address Reference Count : 1]<UL><LI> startup.o(.fixed_vectors)
</UL>
<P><STRONG><a name="[5]"></a>UsageFault_Handler</STRONG> (Thumb, 4 bytes, Stack size 0 bytes, startup.o(.text.Default_Handler))
<BR>[Address Reference Count : 1]<UL><LI> startup.o(.fixed_vectors)
</UL>
<P><STRONG><a name="[7c]"></a>ELCDrvInit</STRONG> (Thumb, 48 bytes, Stack size 16 bytes, uart_hlw.o(.text.ELCDrvInit))
<BR><BR>[Stack]<UL><LI>Max Depth = 48<LI>Call Chain = ELCDrvInit &rArr; puts &rArr; fputc &rArr; R_SCI_UART_Write
</UL>
<BR>[Calls]<UL><LI><a href="#[7d]">&gt;&gt;</a>&nbsp;&nbsp;&nbsp;puts
</UL>
<BR>[Called By]<UL><LI><a href="#[d5]">&gt;&gt;</a>&nbsp;&nbsp;&nbsp;uart_hlw_init
</UL>

<P><STRONG><a name="[7e]"></a>GPTDrvInit_elc</STRONG> (Thumb, 52 bytes, Stack size 16 bytes, uart_hlw.o(.text.GPTDrvInit_elc))
<BR><BR>[Stack]<UL><LI>Max Depth = 48<LI>Call Chain = GPTDrvInit_elc &rArr; puts &rArr; fputc &rArr; R_SCI_UART_Write
</UL>
<BR>[Calls]<UL><LI><a href="#[7d]">&gt;&gt;</a>&nbsp;&nbsp;&nbsp;puts
</UL>
<BR>[Called By]<UL><LI><a href="#[d5]">&gt;&gt;</a>&nbsp;&nbsp;&nbsp;uart_hlw_init
</UL>

<P><STRONG><a name="[ab]"></a>HAL_GetTick</STRONG> (Thumb, 12 bytes, Stack size 0 bytes, systick.o(.text.HAL_GetTick))
<BR><BR>[Called By]<UL><LI><a href="#[aa]">&gt;&gt;</a>&nbsp;&nbsp;&nbsp;Socket_Command_Handler
<LI><a href="#[d4]">&gt;&gt;</a>&nbsp;&nbsp;&nbsp;hal_entry
</UL>

<P><STRONG><a name="[7f]"></a>Key_IRQ_Init</STRONG> (Thumb, 62 bytes, Stack size 16 bytes, key.o(.text.Key_IRQ_Init))
<BR><BR>[Stack]<UL><LI>Max Depth = 36<LI>Call Chain = Key_IRQ_Init &rArr; R_ICU_ExternalIrqOpen
</UL>
<BR>[Calls]<UL><LI><a href="#[81]">&gt;&gt;</a>&nbsp;&nbsp;&nbsp;R_ICU_ExternalIrqEnable
<LI><a href="#[80]">&gt;&gt;</a>&nbsp;&nbsp;&nbsp;R_ICU_ExternalIrqOpen
</UL>
<BR>[Called By]<UL><LI><a href="#[d4]">&gt;&gt;</a>&nbsp;&nbsp;&nbsp;hal_entry
</UL>

<P><STRONG><a name="[82]"></a>Load_And_Print_All</STRONG> (Thumb, 312 bytes, Stack size 280 bytes, sdcard_data_handle.o(.text.Load_And_Print_All))
<BR><BR>[Stack]<UL><LI>Max Depth = 1192<LI>Call Chain = Load_And_Print_All &rArr; f_open &rArr; follow_path &rArr; dir_find &rArr; dir_next &rArr; create_chain &rArr; put_fat &rArr; move_window &rArr; sync_window &rArr; disk_write &rArr; R_SDHI_Write &rArr; r_sdhi_command_send_no_wait
</UL>
<BR>[Calls]<UL><LI><a href="#[7a]">&gt;&gt;</a>&nbsp;&nbsp;&nbsp;f_close
<LI><a href="#[78]">&gt;&gt;</a>&nbsp;&nbsp;&nbsp;f_gets
<LI><a href="#[77]">&gt;&gt;</a>&nbsp;&nbsp;&nbsp;f_open
<LI><a href="#[84]">&gt;&gt;</a>&nbsp;&nbsp;&nbsp;__aeabi_f2d
<LI><a href="#[83]">&gt;&gt;</a>&nbsp;&nbsp;&nbsp;strstr
<LI><a href="#[7d]">&gt;&gt;</a>&nbsp;&nbsp;&nbsp;puts
<LI><a href="#[5f]">&gt;&gt;</a>&nbsp;&nbsp;&nbsp;__0sscanf
<LI><a href="#[85]">&gt;&gt;</a>&nbsp;&nbsp;&nbsp;__2printf
</UL>
<BR>[Called By]<UL><LI><a href="#[d4]">&gt;&gt;</a>&nbsp;&nbsp;&nbsp;hal_entry
</UL>

<P><STRONG><a name="[1]"></a>NMI_Handler</STRONG> (Thumb, 68 bytes, Stack size 24 bytes, bsp_group_irq.o(.text.NMI_Handler))
<BR><BR>[Stack]<UL><LI>Max Depth = 24<LI>Call Chain = NMI_Handler
</UL>
<BR>[Address Reference Count : 1]<UL><LI> startup.o(.fixed_vectors)
</UL>
<P><STRONG><a name="[86]"></a>R_BSP_Init_RTC</STRONG> (Thumb, 122 bytes, Stack size 16 bytes, bsp_clocks.o(.text.R_BSP_Init_RTC))
<BR><BR>[Stack]<UL><LI>Max Depth = 24<LI>Call Chain = R_BSP_Init_RTC &rArr; R_BSP_RegisterProtectDisable
</UL>
<BR>[Calls]<UL><LI><a href="#[89]">&gt;&gt;</a>&nbsp;&nbsp;&nbsp;R_BSP_RegisterProtectEnable
<LI><a href="#[88]">&gt;&gt;</a>&nbsp;&nbsp;&nbsp;R_BSP_RegisterProtectDisable
<LI><a href="#[87]">&gt;&gt;</a>&nbsp;&nbsp;&nbsp;R_BSP_SoftwareDelay
</UL>
<BR>[Called By]<UL><LI><a href="#[9f]">&gt;&gt;</a>&nbsp;&nbsp;&nbsp;SystemInit
</UL>

<P><STRONG><a name="[88]"></a>R_BSP_RegisterProtectDisable</STRONG> (Thumb, 78 bytes, Stack size 8 bytes, bsp_register_protection.o(.text.R_BSP_RegisterProtectDisable))
<BR><BR>[Stack]<UL><LI>Max Depth = 8<LI>Call Chain = R_BSP_RegisterProtectDisable
</UL>
<BR>[Called By]<UL><LI><a href="#[af]">&gt;&gt;</a>&nbsp;&nbsp;&nbsp;bsp_irq_cfg
<LI><a href="#[86]">&gt;&gt;</a>&nbsp;&nbsp;&nbsp;R_BSP_Init_RTC
<LI><a href="#[9f]">&gt;&gt;</a>&nbsp;&nbsp;&nbsp;SystemInit
<LI><a href="#[8e]">&gt;&gt;</a>&nbsp;&nbsp;&nbsp;bsp_vbatt_init
</UL>

<P><STRONG><a name="[89]"></a>R_BSP_RegisterProtectEnable</STRONG> (Thumb, 82 bytes, Stack size 0 bytes, bsp_register_protection.o(.text.R_BSP_RegisterProtectEnable))
<BR><BR>[Called By]<UL><LI><a href="#[af]">&gt;&gt;</a>&nbsp;&nbsp;&nbsp;bsp_irq_cfg
<LI><a href="#[86]">&gt;&gt;</a>&nbsp;&nbsp;&nbsp;R_BSP_Init_RTC
<LI><a href="#[9f]">&gt;&gt;</a>&nbsp;&nbsp;&nbsp;SystemInit
<LI><a href="#[8e]">&gt;&gt;</a>&nbsp;&nbsp;&nbsp;bsp_vbatt_init
</UL>

<P><STRONG><a name="[87]"></a>R_BSP_SoftwareDelay</STRONG> (Thumb, 88 bytes, Stack size 0 bytes, bsp_delay.o(.text.R_BSP_SoftwareDelay))
<BR><BR>[Calls]<UL><LI><a href="#[8a]">&gt;&gt;</a>&nbsp;&nbsp;&nbsp;bsp_prv_software_delay_loop
</UL>
<BR>[Called By]<UL><LI><a href="#[86]">&gt;&gt;</a>&nbsp;&nbsp;&nbsp;R_BSP_Init_RTC
<LI><a href="#[ac]">&gt;&gt;</a>&nbsp;&nbsp;&nbsp;bsp_clock_init
<LI><a href="#[8f]">&gt;&gt;</a>&nbsp;&nbsp;&nbsp;R_SDHI_MediaInit
<LI><a href="#[c3]">&gt;&gt;</a>&nbsp;&nbsp;&nbsp;disk_initialize
<LI><a href="#[9d]">&gt;&gt;</a>&nbsp;&nbsp;&nbsp;Relay_Set_OFF
<LI><a href="#[9e]">&gt;&gt;</a>&nbsp;&nbsp;&nbsp;Relay_Set_ON
<LI><a href="#[d4]">&gt;&gt;</a>&nbsp;&nbsp;&nbsp;hal_entry
<LI><a href="#[93]">&gt;&gt;</a>&nbsp;&nbsp;&nbsp;r_sdhi_wait_for_event
<LI><a href="#[91]">&gt;&gt;</a>&nbsp;&nbsp;&nbsp;r_sdhi_command_send
<LI><a href="#[8e]">&gt;&gt;</a>&nbsp;&nbsp;&nbsp;bsp_vbatt_init
</UL>

<P><STRONG><a name="[b3]"></a>R_BSP_SourceClockHzGet</STRONG> (Thumb, 14 bytes, Stack size 0 bytes, bsp_clocks.o(.text.R_BSP_SourceClockHzGet))
<BR><BR>[Called By]<UL><LI><a href="#[b2]">&gt;&gt;</a>&nbsp;&nbsp;&nbsp;SystickInit
</UL>

<P><STRONG><a name="[b4]"></a>R_BSP_SubClockStabilizeWaitAfterReset</STRONG> (Thumb, 2 bytes, Stack size 0 bytes, bsp_clocks.o(.text.R_BSP_SubClockStabilizeWaitAfterReset))
<BR><BR>[Called By]<UL><LI><a href="#[ac]">&gt;&gt;</a>&nbsp;&nbsp;&nbsp;bsp_clock_init
</UL>

<P><STRONG><a name="[8b]"></a>R_BSP_WarmStart</STRONG> (Thumb, 28 bytes, Stack size 0 bytes, hal_entry.o(.text.R_BSP_WarmStart))
<BR><BR>[Stack]<UL><LI>Max Depth = 72<LI>Call Chain = R_BSP_WarmStart &rArr; R_IOPORT_Open &rArr; r_ioport_pins_config &rArr; bsp_vbatt_init &rArr; R_BSP_RegisterProtectDisable
</UL>
<BR>[Calls]<UL><LI><a href="#[25]">&gt;&gt;</a>&nbsp;&nbsp;&nbsp;R_IOPORT_Open
</UL>
<BR>[Called By]<UL><LI><a href="#[9f]">&gt;&gt;</a>&nbsp;&nbsp;&nbsp;SystemInit
</UL>

<P><STRONG><a name="[4a]"></a>R_DMAC_CallbackSet</STRONG> (Thumb, 10 bytes, Stack size 0 bytes, r_dmac.o(.text.R_DMAC_CallbackSet))
<BR>[Address Reference Count : 1]<UL><LI> r_dmac.o(.rodata.g_transfer_on_dmac)
</UL>
<P><STRONG><a name="[48]"></a>R_DMAC_Close</STRONG> (Thumb, 92 bytes, Stack size 8 bytes, r_dmac.o(.text.R_DMAC_Close))
<BR><BR>[Stack]<UL><LI>Max Depth = 8<LI>Call Chain = R_DMAC_Close
</UL>
<BR>[Address Reference Count : 1]<UL><LI> r_dmac.o(.rodata.g_transfer_on_dmac)
</UL>
<P><STRONG><a name="[44]"></a>R_DMAC_Disable</STRONG> (Thumb, 40 bytes, Stack size 0 bytes, r_dmac.o(.text.R_DMAC_Disable))
<BR>[Address Reference Count : 1]<UL><LI> r_dmac.o(.rodata.g_transfer_on_dmac)
</UL>
<P><STRONG><a name="[43]"></a>R_DMAC_Enable</STRONG> (Thumb, 10 bytes, Stack size 0 bytes, r_dmac.o(.text.R_DMAC_Enable))
<BR>[Address Reference Count : 1]<UL><LI> r_dmac.o(.rodata.g_transfer_on_dmac)
</UL>
<P><STRONG><a name="[47]"></a>R_DMAC_InfoGet</STRONG> (Thumb, 44 bytes, Stack size 0 bytes, r_dmac.o(.text.R_DMAC_InfoGet))
<BR>[Address Reference Count : 1]<UL><LI> r_dmac.o(.rodata.g_transfer_on_dmac)
</UL>
<P><STRONG><a name="[40]"></a>R_DMAC_Open</STRONG> (Thumb, 96 bytes, Stack size 8 bytes, r_dmac.o(.text.R_DMAC_Open))
<BR><BR>[Stack]<UL><LI>Max Depth = 48<LI>Call Chain = R_DMAC_Open &rArr; r_dmac_config_transfer_info
</UL>
<BR>[Calls]<UL><LI><a href="#[8c]">&gt;&gt;</a>&nbsp;&nbsp;&nbsp;r_dmac_config_transfer_info
</UL>
<BR>[Address Reference Count : 1]<UL><LI> r_dmac.o(.rodata.g_transfer_on_dmac)
</UL>
<P><STRONG><a name="[41]"></a>R_DMAC_Reconfigure</STRONG> (Thumb, 18 bytes, Stack size 8 bytes, r_dmac.o(.text.R_DMAC_Reconfigure))
<BR><BR>[Stack]<UL><LI>Max Depth = 48<LI>Call Chain = R_DMAC_Reconfigure &rArr; r_dmac_config_transfer_info
</UL>
<BR>[Calls]<UL><LI><a href="#[8c]">&gt;&gt;</a>&nbsp;&nbsp;&nbsp;r_dmac_config_transfer_info
</UL>
<BR>[Address Reference Count : 1]<UL><LI> r_dmac.o(.rodata.g_transfer_on_dmac)
</UL>
<P><STRONG><a name="[49]"></a>R_DMAC_Reload</STRONG> (Thumb, 4 bytes, Stack size 0 bytes, r_dmac.o(.text.R_DMAC_Reload))
<BR>[Address Reference Count : 1]<UL><LI> r_dmac.o(.rodata.g_transfer_on_dmac)
</UL>
<P><STRONG><a name="[42]"></a>R_DMAC_Reset</STRONG> (Thumb, 100 bytes, Stack size 16 bytes, r_dmac.o(.text.R_DMAC_Reset))
<BR><BR>[Stack]<UL><LI>Max Depth = 16<LI>Call Chain = R_DMAC_Reset
</UL>
<BR>[Address Reference Count : 1]<UL><LI> r_dmac.o(.rodata.g_transfer_on_dmac)
</UL>
<P><STRONG><a name="[45]"></a>R_DMAC_SoftwareStart</STRONG> (Thumb, 12 bytes, Stack size 0 bytes, r_dmac.o(.text.R_DMAC_SoftwareStart))
<BR>[Address Reference Count : 1]<UL><LI> r_dmac.o(.rodata.g_transfer_on_dmac)
</UL>
<P><STRONG><a name="[46]"></a>R_DMAC_SoftwareStop</STRONG> (Thumb, 10 bytes, Stack size 0 bytes, r_dmac.o(.text.R_DMAC_SoftwareStop))
<BR>[Address Reference Count : 1]<UL><LI> r_dmac.o(.rodata.g_transfer_on_dmac)
</UL>
<P><STRONG><a name="[1e]"></a>R_ELC_Close</STRONG> (Thumb, 18 bytes, Stack size 0 bytes, r_elc.o(.text.R_ELC_Close))
<BR>[Address Reference Count : 1]<UL><LI> r_elc.o(.rodata.g_elc_on_elc)
</UL>
<P><STRONG><a name="[23]"></a>R_ELC_Disable</STRONG> (Thumb, 16 bytes, Stack size 0 bytes, r_elc.o(.text.R_ELC_Disable))
<BR>[Address Reference Count : 1]<UL><LI> r_elc.o(.rodata.g_elc_on_elc)
</UL>
<P><STRONG><a name="[22]"></a>R_ELC_Enable</STRONG> (Thumb, 16 bytes, Stack size 0 bytes, r_elc.o(.text.R_ELC_Enable))
<BR>[Address Reference Count : 1]<UL><LI> r_elc.o(.rodata.g_elc_on_elc)
</UL>
<P><STRONG><a name="[21]"></a>R_ELC_LinkBreak</STRONG> (Thumb, 18 bytes, Stack size 0 bytes, r_elc.o(.text.R_ELC_LinkBreak))
<BR>[Address Reference Count : 1]<UL><LI> r_elc.o(.rodata.g_elc_on_elc)
</UL>
<P><STRONG><a name="[20]"></a>R_ELC_LinkSet</STRONG> (Thumb, 16 bytes, Stack size 0 bytes, r_elc.o(.text.R_ELC_LinkSet))
<BR>[Address Reference Count : 1]<UL><LI> r_elc.o(.rodata.g_elc_on_elc)
</UL>
<P><STRONG><a name="[1d]"></a>R_ELC_Open</STRONG> (Thumb, 100 bytes, Stack size 16 bytes, r_elc.o(.text.R_ELC_Open))
<BR><BR>[Stack]<UL><LI>Max Depth = 16<LI>Call Chain = R_ELC_Open
</UL>
<BR>[Address Reference Count : 1]<UL><LI> r_elc.o(.rodata.g_elc_on_elc)
</UL>
<P><STRONG><a name="[1f]"></a>R_ELC_SoftwareEventGenerate</STRONG> (Thumb, 30 bytes, Stack size 0 bytes, r_elc.o(.text.R_ELC_SoftwareEventGenerate))
<BR>[Address Reference Count : 1]<UL><LI> r_elc.o(.rodata.g_elc_on_elc)
</UL>
<P><STRONG><a name="[3e]"></a>R_GPT_CallbackSet</STRONG> (Thumb, 14 bytes, Stack size 0 bytes, r_gpt.o(.text.R_GPT_CallbackSet))
<BR>[Address Reference Count : 1]<UL><LI> r_gpt.o(.rodata.g_timer_on_gpt)
</UL>
<P><STRONG><a name="[3f]"></a>R_GPT_Close</STRONG> (Thumb, 292 bytes, Stack size 8 bytes, r_gpt.o(.text.R_GPT_Close))
<BR><BR>[Stack]<UL><LI>Max Depth = 8<LI>Call Chain = R_GPT_Close
</UL>
<BR>[Address Reference Count : 1]<UL><LI> r_gpt.o(.rodata.g_timer_on_gpt)
</UL>
<P><STRONG><a name="[3b]"></a>R_GPT_CompareMatchSet</STRONG> (Thumb, 28 bytes, Stack size 0 bytes, r_gpt.o(.text.R_GPT_CompareMatchSet))
<BR>[Address Reference Count : 1]<UL><LI> r_gpt.o(.rodata.g_timer_on_gpt)
</UL>
<P><STRONG><a name="[38]"></a>R_GPT_Disable</STRONG> (Thumb, 30 bytes, Stack size 0 bytes, r_gpt.o(.text.R_GPT_Disable))
<BR>[Address Reference Count : 1]<UL><LI> r_gpt.o(.rodata.g_timer_on_gpt)
</UL>
<P><STRONG><a name="[3a]"></a>R_GPT_DutyCycleSet</STRONG> (Thumb, 4 bytes, Stack size 0 bytes, r_gpt.o(.text.R_GPT_DutyCycleSet))
<BR>[Address Reference Count : 1]<UL><LI> r_gpt.o(.rodata.g_timer_on_gpt)
</UL>
<P><STRONG><a name="[37]"></a>R_GPT_Enable</STRONG> (Thumb, 54 bytes, Stack size 8 bytes, r_gpt.o(.text.R_GPT_Enable))
<BR><BR>[Stack]<UL><LI>Max Depth = 8<LI>Call Chain = R_GPT_Enable
</UL>
<BR>[Address Reference Count : 1]<UL><LI> r_gpt.o(.rodata.g_timer_on_gpt)
</UL>
<P><STRONG><a name="[3c]"></a>R_GPT_InfoGet</STRONG> (Thumb, 64 bytes, Stack size 0 bytes, r_gpt.o(.text.R_GPT_InfoGet))
<BR>[Address Reference Count : 1]<UL><LI> r_gpt.o(.rodata.g_timer_on_gpt)
</UL>
<P><STRONG><a name="[33]"></a>R_GPT_Open</STRONG> (Thumb, 842 bytes, Stack size 24 bytes, r_gpt.o(.text.R_GPT_Open))
<BR><BR>[Stack]<UL><LI>Max Depth = 24<LI>Call Chain = R_GPT_Open
</UL>
<BR>[Address Reference Count : 1]<UL><LI> r_gpt.o(.rodata.g_timer_on_gpt)
</UL>
<P><STRONG><a name="[39]"></a>R_GPT_PeriodSet</STRONG> (Thumb, 26 bytes, Stack size 0 bytes, r_gpt.o(.text.R_GPT_PeriodSet))
<BR>[Address Reference Count : 1]<UL><LI> r_gpt.o(.rodata.g_timer_on_gpt)
</UL>
<P><STRONG><a name="[36]"></a>R_GPT_Reset</STRONG> (Thumb, 10 bytes, Stack size 0 bytes, r_gpt.o(.text.R_GPT_Reset))
<BR>[Address Reference Count : 1]<UL><LI> r_gpt.o(.rodata.g_timer_on_gpt)
</UL>
<P><STRONG><a name="[34]"></a>R_GPT_Start</STRONG> (Thumb, 10 bytes, Stack size 0 bytes, r_gpt.o(.text.R_GPT_Start))
<BR>[Address Reference Count : 1]<UL><LI> r_gpt.o(.rodata.g_timer_on_gpt)
</UL>
<P><STRONG><a name="[3d]"></a>R_GPT_StatusGet</STRONG> (Thumb, 18 bytes, Stack size 0 bytes, r_gpt.o(.text.R_GPT_StatusGet))
<BR>[Address Reference Count : 1]<UL><LI> r_gpt.o(.rodata.g_timer_on_gpt)
</UL>
<P><STRONG><a name="[35]"></a>R_GPT_Stop</STRONG> (Thumb, 10 bytes, Stack size 0 bytes, r_gpt.o(.text.R_GPT_Stop))
<BR>[Address Reference Count : 1]<UL><LI> r_gpt.o(.rodata.g_timer_on_gpt)
</UL>
<P><STRONG><a name="[81]"></a>R_ICU_ExternalIrqEnable</STRONG> (Thumb, 66 bytes, Stack size 0 bytes, r_icu.o(.text.R_ICU_ExternalIrqEnable))
<BR><BR>[Called By]<UL><LI><a href="#[7f]">&gt;&gt;</a>&nbsp;&nbsp;&nbsp;Key_IRQ_Init
</UL>

<P><STRONG><a name="[80]"></a>R_ICU_ExternalIrqOpen</STRONG> (Thumb, 124 bytes, Stack size 20 bytes, r_icu.o(.text.R_ICU_ExternalIrqOpen))
<BR><BR>[Stack]<UL><LI>Max Depth = 20<LI>Call Chain = R_ICU_ExternalIrqOpen
</UL>
<BR>[Called By]<UL><LI><a href="#[7f]">&gt;&gt;</a>&nbsp;&nbsp;&nbsp;Key_IRQ_Init
</UL>

<P><STRONG><a name="[26]"></a>R_IOPORT_Close</STRONG> (Thumb, 10 bytes, Stack size 0 bytes, r_ioport.o(.text.R_IOPORT_Close))
<BR>[Address Reference Count : 1]<UL><LI> r_ioport.o(.rodata.g_ioport_on_ioport)
</UL>
<P><STRONG><a name="[25]"></a>R_IOPORT_Open</STRONG> (Thumb, 22 bytes, Stack size 8 bytes, r_ioport.o(.text.R_IOPORT_Open))
<BR><BR>[Stack]<UL><LI>Max Depth = 72<LI>Call Chain = R_IOPORT_Open &rArr; r_ioport_pins_config &rArr; bsp_vbatt_init &rArr; R_BSP_RegisterProtectDisable
</UL>
<BR>[Calls]<UL><LI><a href="#[8d]">&gt;&gt;</a>&nbsp;&nbsp;&nbsp;r_ioport_pins_config
</UL>
<BR>[Called By]<UL><LI><a href="#[8b]">&gt;&gt;</a>&nbsp;&nbsp;&nbsp;R_BSP_WarmStart
</UL>
<BR>[Address Reference Count : 1]<UL><LI> r_ioport.o(.rodata.g_ioport_on_ioport)
</UL>
<P><STRONG><a name="[28]"></a>R_IOPORT_PinCfg</STRONG> (Thumb, 178 bytes, Stack size 40 bytes, r_ioport.o(.text.R_IOPORT_PinCfg))
<BR><BR>[Stack]<UL><LI>Max Depth = 88<LI>Call Chain = R_IOPORT_PinCfg &rArr; bsp_vbatt_init &rArr; R_BSP_RegisterProtectDisable
</UL>
<BR>[Calls]<UL><LI><a href="#[8e]">&gt;&gt;</a>&nbsp;&nbsp;&nbsp;bsp_vbatt_init
</UL>
<BR>[Address Reference Count : 1]<UL><LI> r_ioport.o(.rodata.g_ioport_on_ioport)
</UL>
<P><STRONG><a name="[29]"></a>R_IOPORT_PinEventInputRead</STRONG> (Thumb, 40 bytes, Stack size 0 bytes, r_ioport.o(.text.R_IOPORT_PinEventInputRead))
<BR>[Address Reference Count : 1]<UL><LI> r_ioport.o(.rodata.g_ioport_on_ioport)
</UL>
<P><STRONG><a name="[2a]"></a>R_IOPORT_PinEventOutputWrite</STRONG> (Thumb, 82 bytes, Stack size 8 bytes, r_ioport.o(.text.R_IOPORT_PinEventOutputWrite))
<BR><BR>[Stack]<UL><LI>Max Depth = 8<LI>Call Chain = R_IOPORT_PinEventOutputWrite
</UL>
<BR>[Address Reference Count : 1]<UL><LI> r_ioport.o(.rodata.g_ioport_on_ioport)
</UL>
<P><STRONG><a name="[2b]"></a>R_IOPORT_PinRead</STRONG> (Thumb, 34 bytes, Stack size 0 bytes, r_ioport.o(.text.R_IOPORT_PinRead))
<BR>[Address Reference Count : 1]<UL><LI> r_ioport.o(.rodata.g_ioport_on_ioport)
</UL>
<P><STRONG><a name="[2c]"></a>R_IOPORT_PinWrite</STRONG> (Thumb, 40 bytes, Stack size 0 bytes, r_ioport.o(.text.R_IOPORT_PinWrite))
<BR>[Address Reference Count : 1]<UL><LI> r_ioport.o(.rodata.g_ioport_on_ioport)
</UL>
<P><STRONG><a name="[27]"></a>R_IOPORT_PinsCfg</STRONG> (Thumb, 12 bytes, Stack size 8 bytes, r_ioport.o(.text.R_IOPORT_PinsCfg))
<BR><BR>[Stack]<UL><LI>Max Depth = 72<LI>Call Chain = R_IOPORT_PinsCfg &rArr; r_ioport_pins_config &rArr; bsp_vbatt_init &rArr; R_BSP_RegisterProtectDisable
</UL>
<BR>[Calls]<UL><LI><a href="#[8d]">&gt;&gt;</a>&nbsp;&nbsp;&nbsp;r_ioport_pins_config
</UL>
<BR>[Address Reference Count : 1]<UL><LI> r_ioport.o(.rodata.g_ioport_on_ioport)
</UL>
<P><STRONG><a name="[2d]"></a>R_IOPORT_PortDirectionSet</STRONG> (Thumb, 44 bytes, Stack size 8 bytes, r_ioport.o(.text.R_IOPORT_PortDirectionSet))
<BR><BR>[Stack]<UL><LI>Max Depth = 8<LI>Call Chain = R_IOPORT_PortDirectionSet
</UL>
<BR>[Address Reference Count : 1]<UL><LI> r_ioport.o(.rodata.g_ioport_on_ioport)
</UL>
<P><STRONG><a name="[2e]"></a>R_IOPORT_PortEventInputRead</STRONG> (Thumb, 24 bytes, Stack size 0 bytes, r_ioport.o(.text.R_IOPORT_PortEventInputRead))
<BR>[Address Reference Count : 1]<UL><LI> r_ioport.o(.rodata.g_ioport_on_ioport)
</UL>
<P><STRONG><a name="[2f]"></a>R_IOPORT_PortEventOutputWrite</STRONG> (Thumb, 32 bytes, Stack size 0 bytes, r_ioport.o(.text.R_IOPORT_PortEventOutputWrite))
<BR>[Address Reference Count : 1]<UL><LI> r_ioport.o(.rodata.g_ioport_on_ioport)
</UL>
<P><STRONG><a name="[30]"></a>R_IOPORT_PortRead</STRONG> (Thumb, 22 bytes, Stack size 0 bytes, r_ioport.o(.text.R_IOPORT_PortRead))
<BR>[Address Reference Count : 1]<UL><LI> r_ioport.o(.rodata.g_ioport_on_ioport)
</UL>
<P><STRONG><a name="[31]"></a>R_IOPORT_PortWrite</STRONG> (Thumb, 32 bytes, Stack size 0 bytes, r_ioport.o(.text.R_IOPORT_PortWrite))
<BR>[Address Reference Count : 1]<UL><LI> r_ioport.o(.rodata.g_ioport_on_ioport)
</UL>
<P><STRONG><a name="[53]"></a>R_SCI_UART_Abort</STRONG> (Thumb, 34 bytes, Stack size 0 bytes, r_sci_uart.o(.text.R_SCI_UART_Abort))
<BR>[Address Reference Count : 1]<UL><LI> r_sci_uart.o(.rodata.g_uart_on_sci)
</UL>
<P><STRONG><a name="[51]"></a>R_SCI_UART_BaudSet</STRONG> (Thumb, 104 bytes, Stack size 8 bytes, r_sci_uart.o(.text.R_SCI_UART_BaudSet))
<BR><BR>[Stack]<UL><LI>Max Depth = 8<LI>Call Chain = R_SCI_UART_BaudSet
</UL>
<BR>[Address Reference Count : 1]<UL><LI> r_sci_uart.o(.rodata.g_uart_on_sci)
</UL>
<P><STRONG><a name="[54]"></a>R_SCI_UART_CallbackSet</STRONG> (Thumb, 14 bytes, Stack size 0 bytes, r_sci_uart.o(.text.R_SCI_UART_CallbackSet))
<BR>[Address Reference Count : 1]<UL><LI> r_sci_uart.o(.rodata.g_uart_on_sci)
</UL>
<P><STRONG><a name="[55]"></a>R_SCI_UART_Close</STRONG> (Thumb, 166 bytes, Stack size 0 bytes, r_sci_uart.o(.text.R_SCI_UART_Close))
<BR>[Address Reference Count : 1]<UL><LI> r_sci_uart.o(.rodata.g_uart_on_sci)
</UL>
<P><STRONG><a name="[52]"></a>R_SCI_UART_InfoGet</STRONG> (Thumb, 12 bytes, Stack size 0 bytes, r_sci_uart.o(.text.R_SCI_UART_InfoGet))
<BR>[Address Reference Count : 1]<UL><LI> r_sci_uart.o(.rodata.g_uart_on_sci)
</UL>
<P><STRONG><a name="[4e]"></a>R_SCI_UART_Open</STRONG> (Thumb, 828 bytes, Stack size 32 bytes, r_sci_uart.o(.text.R_SCI_UART_Open))
<BR><BR>[Stack]<UL><LI>Max Depth = 32<LI>Call Chain = R_SCI_UART_Open
</UL>
<BR>[Called By]<UL><LI><a href="#[7b]">&gt;&gt;</a>&nbsp;&nbsp;&nbsp;Debug_UART0_Init
</UL>
<BR>[Address Reference Count : 1]<UL><LI> r_sci_uart.o(.rodata.g_uart_on_sci)
</UL>
<P><STRONG><a name="[4f]"></a>R_SCI_UART_Read</STRONG> (Thumb, 10 bytes, Stack size 0 bytes, r_sci_uart.o(.text.R_SCI_UART_Read))
<BR>[Address Reference Count : 1]<UL><LI> r_sci_uart.o(.rodata.g_uart_on_sci)
</UL>
<P><STRONG><a name="[56]"></a>R_SCI_UART_ReadStop</STRONG> (Thumb, 14 bytes, Stack size 0 bytes, r_sci_uart.o(.text.R_SCI_UART_ReadStop))
<BR>[Address Reference Count : 1]<UL><LI> r_sci_uart.o(.rodata.g_uart_on_sci)
</UL>
<P><STRONG><a name="[58]"></a>R_SCI_UART_ReceiveResume</STRONG> (Thumb, 4 bytes, Stack size 0 bytes, r_sci_uart.o(.text.R_SCI_UART_ReceiveResume))
<BR>[Address Reference Count : 1]<UL><LI> r_sci_uart.o(.rodata.g_uart_on_sci)
</UL>
<P><STRONG><a name="[57]"></a>R_SCI_UART_ReceiveSuspend</STRONG> (Thumb, 4 bytes, Stack size 0 bytes, r_sci_uart.o(.text.R_SCI_UART_ReceiveSuspend))
<BR>[Address Reference Count : 1]<UL><LI> r_sci_uart.o(.rodata.g_uart_on_sci)
</UL>
<P><STRONG><a name="[50]"></a>R_SCI_UART_Write</STRONG> (Thumb, 76 bytes, Stack size 8 bytes, r_sci_uart.o(.text.R_SCI_UART_Write))
<BR><BR>[Stack]<UL><LI>Max Depth = 8<LI>Call Chain = R_SCI_UART_Write
</UL>
<BR>[Called By]<UL><LI><a href="#[1b]">&gt;&gt;</a>&nbsp;&nbsp;&nbsp;fputc
<LI><a href="#[4c]">&gt;&gt;</a>&nbsp;&nbsp;&nbsp;debug_uart0_callback
</UL>
<BR>[Address Reference Count : 1]<UL><LI> r_sci_uart.o(.rodata.g_uart_on_sci)
</UL>
<P><STRONG><a name="[8f]"></a>R_SDHI_MediaInit</STRONG> (Thumb, 698 bytes, Stack size 48 bytes, r_sdhi.o(.text.R_SDHI_MediaInit))
<BR><BR>[Stack]<UL><LI>Max Depth = 112<LI>Call Chain = R_SDHI_MediaInit &rArr; r_sdhi_bus_width_set &rArr; r_sdhi_command_send &rArr; r_sdhi_wait_for_event
</UL>
<BR>[Calls]<UL><LI><a href="#[87]">&gt;&gt;</a>&nbsp;&nbsp;&nbsp;R_BSP_SoftwareDelay
<LI><a href="#[94]">&gt;&gt;</a>&nbsp;&nbsp;&nbsp;r_sdhi_bus_width_set
<LI><a href="#[93]">&gt;&gt;</a>&nbsp;&nbsp;&nbsp;r_sdhi_wait_for_event
<LI><a href="#[92]">&gt;&gt;</a>&nbsp;&nbsp;&nbsp;r_sdhi_transfer_read
<LI><a href="#[91]">&gt;&gt;</a>&nbsp;&nbsp;&nbsp;r_sdhi_command_send
<LI><a href="#[90]">&gt;&gt;</a>&nbsp;&nbsp;&nbsp;r_sdhi_max_clock_rate_set
</UL>
<BR>[Called By]<UL><LI><a href="#[c3]">&gt;&gt;</a>&nbsp;&nbsp;&nbsp;disk_initialize
</UL>

<P><STRONG><a name="[95]"></a>R_SDHI_Open</STRONG> (Thumb, 278 bytes, Stack size 24 bytes, r_sdhi.o(.text.R_SDHI_Open))
<BR><BR>[Stack]<UL><LI>Max Depth = 24<LI>Call Chain = R_SDHI_Open
</UL>
<BR>[Calls]<UL><LI><a href="#[96]">&gt;&gt;</a>&nbsp;&nbsp;&nbsp;__aeabi_memclr4
<LI><a href="#[97]">&gt;&gt;</a>&nbsp;&nbsp;&nbsp;r_sdhi_irq_enable
</UL>
<BR>[Called By]<UL><LI><a href="#[a1]">&gt;&gt;</a>&nbsp;&nbsp;&nbsp;SDCard_Init
</UL>

<P><STRONG><a name="[98]"></a>R_SDHI_Read</STRONG> (Thumb, 120 bytes, Stack size 16 bytes, r_sdhi.o(.text.R_SDHI_Read))
<BR><BR>[Stack]<UL><LI>Max Depth = 32<LI>Call Chain = R_SDHI_Read &rArr; r_sdhi_transfer_read
</UL>
<BR>[Calls]<UL><LI><a href="#[99]">&gt;&gt;</a>&nbsp;&nbsp;&nbsp;r_sdhi_command_send_no_wait
<LI><a href="#[92]">&gt;&gt;</a>&nbsp;&nbsp;&nbsp;r_sdhi_transfer_read
</UL>
<BR>[Called By]<UL><LI><a href="#[c5]">&gt;&gt;</a>&nbsp;&nbsp;&nbsp;disk_read
</UL>

<P><STRONG><a name="[c4]"></a>R_SDHI_StatusGet</STRONG> (Thumb, 52 bytes, Stack size 0 bytes, r_sdhi.o(.text.R_SDHI_StatusGet))
<BR><BR>[Called By]<UL><LI><a href="#[c3]">&gt;&gt;</a>&nbsp;&nbsp;&nbsp;disk_initialize
</UL>

<P><STRONG><a name="[9a]"></a>R_SDHI_Write</STRONG> (Thumb, 246 bytes, Stack size 40 bytes, r_sdhi.o(.text.R_SDHI_Write))
<BR><BR>[Stack]<UL><LI>Max Depth = 48<LI>Call Chain = R_SDHI_Write &rArr; r_sdhi_command_send_no_wait
</UL>
<BR>[Calls]<UL><LI><a href="#[9b]">&gt;&gt;</a>&nbsp;&nbsp;&nbsp;__aeabi_memcpy
<LI><a href="#[99]">&gt;&gt;</a>&nbsp;&nbsp;&nbsp;r_sdhi_command_send_no_wait
</UL>
<BR>[Called By]<UL><LI><a href="#[bd]">&gt;&gt;</a>&nbsp;&nbsp;&nbsp;disk_write
</UL>

<P><STRONG><a name="[9c]"></a>Relay_Reset_All</STRONG> (Thumb, 84 bytes, Stack size 40 bytes, relay.o(.text.Relay_Reset_All))
<BR><BR>[Stack]<UL><LI>Max Depth = 72<LI>Call Chain = Relay_Reset_All &rArr; puts &rArr; fputc &rArr; R_SCI_UART_Write
</UL>
<BR>[Calls]<UL><LI><a href="#[9d]">&gt;&gt;</a>&nbsp;&nbsp;&nbsp;Relay_Set_OFF
<LI><a href="#[7d]">&gt;&gt;</a>&nbsp;&nbsp;&nbsp;puts
</UL>
<BR>[Called By]<UL><LI><a href="#[d4]">&gt;&gt;</a>&nbsp;&nbsp;&nbsp;hal_entry
</UL>

<P><STRONG><a name="[9d]"></a>Relay_Set_OFF</STRONG> (Thumb, 56 bytes, Stack size 16 bytes, relay.o(.text.Relay_Set_OFF))
<BR><BR>[Stack]<UL><LI>Max Depth = 16<LI>Call Chain = Relay_Set_OFF
</UL>
<BR>[Calls]<UL><LI><a href="#[87]">&gt;&gt;</a>&nbsp;&nbsp;&nbsp;R_BSP_SoftwareDelay
</UL>
<BR>[Called By]<UL><LI><a href="#[aa]">&gt;&gt;</a>&nbsp;&nbsp;&nbsp;Socket_Command_Handler
<LI><a href="#[9c]">&gt;&gt;</a>&nbsp;&nbsp;&nbsp;Relay_Reset_All
</UL>

<P><STRONG><a name="[9e]"></a>Relay_Set_ON</STRONG> (Thumb, 70 bytes, Stack size 16 bytes, relay.o(.text.Relay_Set_ON))
<BR><BR>[Stack]<UL><LI>Max Depth = 16<LI>Call Chain = Relay_Set_ON
</UL>
<BR>[Calls]<UL><LI><a href="#[87]">&gt;&gt;</a>&nbsp;&nbsp;&nbsp;R_BSP_SoftwareDelay
</UL>
<BR>[Called By]<UL><LI><a href="#[aa]">&gt;&gt;</a>&nbsp;&nbsp;&nbsp;Socket_Command_Handler
</UL>

<P><STRONG><a name="[0]"></a>Reset_Handler</STRONG> (Thumb, 10 bytes, Stack size 0 bytes, startup.o(.text.Reset_Handler))
<BR><BR>[Stack]<UL><LI>Max Depth = 1488<LI>Call Chain = Reset_Handler &rArr; main &rArr; hal_entry &rArr; Save_Appliance_Data &rArr; Check_Device_Exist &rArr; f_open &rArr; follow_path &rArr; dir_find &rArr; dir_next &rArr; create_chain &rArr; put_fat &rArr; move_window &rArr; sync_window &rArr; disk_write &rArr; R_SDHI_Write &rArr; r_sdhi_command_send_no_wait
</UL>
<BR>[Calls]<UL><LI><a href="#[a0]">&gt;&gt;</a>&nbsp;&nbsp;&nbsp;main
<LI><a href="#[9f]">&gt;&gt;</a>&nbsp;&nbsp;&nbsp;SystemInit
</UL>
<BR>[Address Reference Count : 1]<UL><LI> startup.o(.fixed_vectors)
</UL>
<P><STRONG><a name="[a1]"></a>SDCard_Init</STRONG> (Thumb, 48 bytes, Stack size 8 bytes, bsp_sdhi_sdcard.o(.text.SDCard_Init))
<BR><BR>[Stack]<UL><LI>Max Depth = 32<LI>Call Chain = SDCard_Init &rArr; R_SDHI_Open
</UL>
<BR>[Calls]<UL><LI><a href="#[a2]">&gt;&gt;</a>&nbsp;&nbsp;&nbsp;__aeabi_assert
<LI><a href="#[95]">&gt;&gt;</a>&nbsp;&nbsp;&nbsp;R_SDHI_Open
</UL>
<BR>[Called By]<UL><LI><a href="#[c3]">&gt;&gt;</a>&nbsp;&nbsp;&nbsp;disk_initialize
</UL>

<P><STRONG><a name="[a3]"></a>Save_Appliance_Data</STRONG> (Thumb, 248 bytes, Stack size 232 bytes, sdcard_data_handle.o(.text.Save_Appliance_Data))
<BR><BR>[Stack]<UL><LI>Max Depth = 1320<LI>Call Chain = Save_Appliance_Data &rArr; Check_Device_Exist &rArr; f_open &rArr; follow_path &rArr; dir_find &rArr; dir_next &rArr; create_chain &rArr; put_fat &rArr; move_window &rArr; sync_window &rArr; disk_write &rArr; R_SDHI_Write &rArr; r_sdhi_command_send_no_wait
</UL>
<BR>[Calls]<UL><LI><a href="#[a5]">&gt;&gt;</a>&nbsp;&nbsp;&nbsp;f_lseek
<LI><a href="#[a4]">&gt;&gt;</a>&nbsp;&nbsp;&nbsp;f_write
<LI><a href="#[7a]">&gt;&gt;</a>&nbsp;&nbsp;&nbsp;f_close
<LI><a href="#[77]">&gt;&gt;</a>&nbsp;&nbsp;&nbsp;f_open
<LI><a href="#[76]">&gt;&gt;</a>&nbsp;&nbsp;&nbsp;Check_Device_Exist
<LI><a href="#[84]">&gt;&gt;</a>&nbsp;&nbsp;&nbsp;__aeabi_f2d
<LI><a href="#[a7]">&gt;&gt;</a>&nbsp;&nbsp;&nbsp;strlen
<LI><a href="#[7d]">&gt;&gt;</a>&nbsp;&nbsp;&nbsp;puts
<LI><a href="#[a6]">&gt;&gt;</a>&nbsp;&nbsp;&nbsp;__2snprintf
<LI><a href="#[85]">&gt;&gt;</a>&nbsp;&nbsp;&nbsp;__2printf
</UL>
<BR>[Called By]<UL><LI><a href="#[d4]">&gt;&gt;</a>&nbsp;&nbsp;&nbsp;hal_entry
</UL>

<P><STRONG><a name="[d9]"></a>Send_com</STRONG> (Thumb, 26 bytes, Stack size 0 bytes, uart_hlw.o(.text.Send_com))
<BR><BR>[Called By]<UL><LI><a href="#[d4]">&gt;&gt;</a>&nbsp;&nbsp;&nbsp;hal_entry
</UL>

<P><STRONG><a name="[a8]"></a>Simulation_Random_Load_Test</STRONG> (Thumb, 212 bytes, Stack size 56 bytes, uart_hlw.o(.text.Simulation_Random_Load_Test))
<BR><BR>[Stack]<UL><LI>Max Depth = 56<LI>Call Chain = Simulation_Random_Load_Test
</UL>
<BR>[Calls]<UL><LI><a href="#[a9]">&gt;&gt;</a>&nbsp;&nbsp;&nbsp;rand
</UL>
<BR>[Called By]<UL><LI><a href="#[d4]">&gt;&gt;</a>&nbsp;&nbsp;&nbsp;hal_entry
</UL>

<P><STRONG><a name="[aa]"></a>Socket_Command_Handler</STRONG> (Thumb, 136 bytes, Stack size 24 bytes, appliance_identification.o(.text.Socket_Command_Handler))
<BR><BR>[Stack]<UL><LI>Max Depth = 40<LI>Call Chain = Socket_Command_Handler &rArr; Relay_Set_OFF
</UL>
<BR>[Calls]<UL><LI><a href="#[9d]">&gt;&gt;</a>&nbsp;&nbsp;&nbsp;Relay_Set_OFF
<LI><a href="#[9e]">&gt;&gt;</a>&nbsp;&nbsp;&nbsp;Relay_Set_ON
<LI><a href="#[ab]">&gt;&gt;</a>&nbsp;&nbsp;&nbsp;HAL_GetTick
</UL>
<BR>[Called By]<UL><LI><a href="#[d4]">&gt;&gt;</a>&nbsp;&nbsp;&nbsp;hal_entry
</UL>

<P><STRONG><a name="[a]"></a>SysTick_Handler</STRONG> (Thumb, 16 bytes, Stack size 0 bytes, systick.o(.text.SysTick_Handler))
<BR>[Address Reference Count : 1]<UL><LI> startup.o(.fixed_vectors)
</UL>
<P><STRONG><a name="[ae]"></a>SystemCoreClockUpdate</STRONG> (Thumb, 44 bytes, Stack size 0 bytes, bsp_clocks.o(.text.SystemCoreClockUpdate))
<BR><BR>[Called By]<UL><LI><a href="#[9f]">&gt;&gt;</a>&nbsp;&nbsp;&nbsp;SystemInit
</UL>

<P><STRONG><a name="[9f]"></a>SystemInit</STRONG> (Thumb, 162 bytes, Stack size 8 bytes, system.o(.text.SystemInit))
<BR><BR>[Stack]<UL><LI>Max Depth = 80<LI>Call Chain = SystemInit &rArr; R_BSP_WarmStart &rArr; R_IOPORT_Open &rArr; r_ioport_pins_config &rArr; bsp_vbatt_init &rArr; R_BSP_RegisterProtectDisable
</UL>
<BR>[Calls]<UL><LI><a href="#[b0]">&gt;&gt;</a>&nbsp;&nbsp;&nbsp;bsp_init
<LI><a href="#[af]">&gt;&gt;</a>&nbsp;&nbsp;&nbsp;bsp_irq_cfg
<LI><a href="#[89]">&gt;&gt;</a>&nbsp;&nbsp;&nbsp;R_BSP_RegisterProtectEnable
<LI><a href="#[88]">&gt;&gt;</a>&nbsp;&nbsp;&nbsp;R_BSP_RegisterProtectDisable
<LI><a href="#[86]">&gt;&gt;</a>&nbsp;&nbsp;&nbsp;R_BSP_Init_RTC
<LI><a href="#[ae]">&gt;&gt;</a>&nbsp;&nbsp;&nbsp;SystemCoreClockUpdate
<LI><a href="#[ac]">&gt;&gt;</a>&nbsp;&nbsp;&nbsp;bsp_clock_init
<LI><a href="#[ad]">&gt;&gt;</a>&nbsp;&nbsp;&nbsp;SystemRuntimeInit
<LI><a href="#[8b]">&gt;&gt;</a>&nbsp;&nbsp;&nbsp;R_BSP_WarmStart
</UL>
<BR>[Called By]<UL><LI><a href="#[0]">&gt;&gt;</a>&nbsp;&nbsp;&nbsp;Reset_Handler
</UL>

<P><STRONG><a name="[b2]"></a>SystickInit</STRONG> (Thumb, 70 bytes, Stack size 8 bytes, systick.o(.text.SystickInit))
<BR><BR>[Stack]<UL><LI>Max Depth = 8<LI>Call Chain = SystickInit
</UL>
<BR>[Calls]<UL><LI><a href="#[b3]">&gt;&gt;</a>&nbsp;&nbsp;&nbsp;R_BSP_SourceClockHzGet
</UL>
<BR>[Called By]<UL><LI><a href="#[d4]">&gt;&gt;</a>&nbsp;&nbsp;&nbsp;hal_entry
</UL>

<P><STRONG><a name="[a2]"></a>__aeabi_assert</STRONG> (Thumb, 6 bytes, Stack size 0 bytes, bsp_common.o(.text.__aeabi_assert))
<BR><BR>[Called By]<UL><LI><a href="#[a1]">&gt;&gt;</a>&nbsp;&nbsp;&nbsp;SDCard_Init
</UL>

<P><STRONG><a name="[ac]"></a>bsp_clock_init</STRONG> (Thumb, 298 bytes, Stack size 24 bytes, bsp_clocks.o(.text.bsp_clock_init))
<BR><BR>[Stack]<UL><LI>Max Depth = 24<LI>Call Chain = bsp_clock_init
</UL>
<BR>[Calls]<UL><LI><a href="#[b4]">&gt;&gt;</a>&nbsp;&nbsp;&nbsp;R_BSP_SubClockStabilizeWaitAfterReset
<LI><a href="#[87]">&gt;&gt;</a>&nbsp;&nbsp;&nbsp;R_BSP_SoftwareDelay
</UL>
<BR>[Called By]<UL><LI><a href="#[9f]">&gt;&gt;</a>&nbsp;&nbsp;&nbsp;SystemInit
</UL>

<P><STRONG><a name="[b0]"></a>bsp_init</STRONG> (Thumb, 2 bytes, Stack size 0 bytes, bsp_common.o(.text.bsp_init_internal))
<BR><BR>[Called By]<UL><LI><a href="#[9f]">&gt;&gt;</a>&nbsp;&nbsp;&nbsp;SystemInit
</UL>

<P><STRONG><a name="[f1]"></a>bsp_init_internal</STRONG> (Thumb, 2 bytes, Stack size 0 bytes, bsp_common.o(.text.bsp_init_internal), UNUSED)

<P><STRONG><a name="[af]"></a>bsp_irq_cfg</STRONG> (Thumb, 138 bytes, Stack size 32 bytes, bsp_irq.o(.text.bsp_irq_cfg))
<BR><BR>[Stack]<UL><LI>Max Depth = 40<LI>Call Chain = bsp_irq_cfg &rArr; R_BSP_RegisterProtectDisable
</UL>
<BR>[Calls]<UL><LI><a href="#[89]">&gt;&gt;</a>&nbsp;&nbsp;&nbsp;R_BSP_RegisterProtectEnable
<LI><a href="#[88]">&gt;&gt;</a>&nbsp;&nbsp;&nbsp;R_BSP_RegisterProtectDisable
</UL>
<BR>[Called By]<UL><LI><a href="#[9f]">&gt;&gt;</a>&nbsp;&nbsp;&nbsp;SystemInit
</UL>

<P><STRONG><a name="[8a]"></a>bsp_prv_software_delay_loop</STRONG> (Thumb, 8 bytes, Stack size 0 bytes, bsp_delay.o(.text.bsp_prv_software_delay_loop))
<BR><BR>[Calls]<UL><LI><a href="#[8a]">&gt;&gt;</a>&nbsp;&nbsp;&nbsp;bsp_prv_software_delay_loop
</UL>
<BR>[Called By]<UL><LI><a href="#[8a]">&gt;&gt;</a>&nbsp;&nbsp;&nbsp;bsp_prv_software_delay_loop
<LI><a href="#[87]">&gt;&gt;</a>&nbsp;&nbsp;&nbsp;R_BSP_SoftwareDelay
</UL>

<P><STRONG><a name="[d6]"></a>circlebuf_init</STRONG> (Thumb, 52 bytes, Stack size 0 bytes, circle_buf.o(.text.circlebuf_init))
<BR><BR>[Called By]<UL><LI><a href="#[d4]">&gt;&gt;</a>&nbsp;&nbsp;&nbsp;hal_entry
</UL>

<P><STRONG><a name="[4c]"></a>debug_uart0_callback</STRONG> (Thumb, 64 bytes, Stack size 8 bytes, bsp_debug_uart.o(.text.debug_uart0_callback))
<BR><BR>[Stack]<UL><LI>Max Depth = 16<LI>Call Chain = debug_uart0_callback &rArr; R_SCI_UART_Write
</UL>
<BR>[Calls]<UL><LI><a href="#[50]">&gt;&gt;</a>&nbsp;&nbsp;&nbsp;R_SCI_UART_Write
</UL>
<BR>[Address Reference Count : 1]<UL><LI> hal_data.o(.rodata.g_uart0_cfg)
</UL>
<P><STRONG><a name="[c3]"></a>disk_initialize</STRONG> (Thumb, 128 bytes, Stack size 24 bytes, diskio.o(.text.disk_initialize))
<BR><BR>[Stack]<UL><LI>Max Depth = 136<LI>Call Chain = disk_initialize &rArr; R_SDHI_MediaInit &rArr; r_sdhi_bus_width_set &rArr; r_sdhi_command_send &rArr; r_sdhi_wait_for_event
</UL>
<BR>[Calls]<UL><LI><a href="#[8f]">&gt;&gt;</a>&nbsp;&nbsp;&nbsp;R_SDHI_MediaInit
<LI><a href="#[c4]">&gt;&gt;</a>&nbsp;&nbsp;&nbsp;R_SDHI_StatusGet
<LI><a href="#[a1]">&gt;&gt;</a>&nbsp;&nbsp;&nbsp;SDCard_Init
<LI><a href="#[87]">&gt;&gt;</a>&nbsp;&nbsp;&nbsp;R_BSP_SoftwareDelay
<LI><a href="#[7d]">&gt;&gt;</a>&nbsp;&nbsp;&nbsp;puts
</UL>
<BR>[Called By]<UL><LI><a href="#[cb]">&gt;&gt;</a>&nbsp;&nbsp;&nbsp;mount_volume
</UL>

<P><STRONG><a name="[db]"></a>disk_ioctl</STRONG> (Thumb, 92 bytes, Stack size 0 bytes, diskio.o(.text.disk_ioctl))
<BR><BR>[Called By]<UL><LI><a href="#[ce]">&gt;&gt;</a>&nbsp;&nbsp;&nbsp;sync_fs
<LI><a href="#[cb]">&gt;&gt;</a>&nbsp;&nbsp;&nbsp;mount_volume
</UL>

<P><STRONG><a name="[c5]"></a>disk_read</STRONG> (Thumb, 52 bytes, Stack size 8 bytes, diskio.o(.text.disk_read))
<BR><BR>[Stack]<UL><LI>Max Depth = 40<LI>Call Chain = disk_read &rArr; R_SDHI_Read &rArr; r_sdhi_transfer_read
</UL>
<BR>[Calls]<UL><LI><a href="#[98]">&gt;&gt;</a>&nbsp;&nbsp;&nbsp;R_SDHI_Read
</UL>
<BR>[Called By]<UL><LI><a href="#[c8]">&gt;&gt;</a>&nbsp;&nbsp;&nbsp;f_read
<LI><a href="#[b6]">&gt;&gt;</a>&nbsp;&nbsp;&nbsp;move_window
<LI><a href="#[a5]">&gt;&gt;</a>&nbsp;&nbsp;&nbsp;f_lseek
<LI><a href="#[a4]">&gt;&gt;</a>&nbsp;&nbsp;&nbsp;f_write
<LI><a href="#[77]">&gt;&gt;</a>&nbsp;&nbsp;&nbsp;f_open
</UL>

<P><STRONG><a name="[da]"></a>disk_status</STRONG> (Thumb, 12 bytes, Stack size 0 bytes, diskio.o(.text.disk_status))
<BR><BR>[Called By]<UL><LI><a href="#[c7]">&gt;&gt;</a>&nbsp;&nbsp;&nbsp;validate
<LI><a href="#[cb]">&gt;&gt;</a>&nbsp;&nbsp;&nbsp;mount_volume
</UL>

<P><STRONG><a name="[bd]"></a>disk_write</STRONG> (Thumb, 52 bytes, Stack size 8 bytes, diskio.o(.text.disk_write))
<BR><BR>[Stack]<UL><LI>Max Depth = 56<LI>Call Chain = disk_write &rArr; R_SDHI_Write &rArr; r_sdhi_command_send_no_wait
</UL>
<BR>[Calls]<UL><LI><a href="#[9a]">&gt;&gt;</a>&nbsp;&nbsp;&nbsp;R_SDHI_Write
</UL>
<BR>[Called By]<UL><LI><a href="#[c6]">&gt;&gt;</a>&nbsp;&nbsp;&nbsp;f_sync
<LI><a href="#[c8]">&gt;&gt;</a>&nbsp;&nbsp;&nbsp;f_read
<LI><a href="#[bb]">&gt;&gt;</a>&nbsp;&nbsp;&nbsp;dir_clear
<LI><a href="#[ce]">&gt;&gt;</a>&nbsp;&nbsp;&nbsp;sync_fs
<LI><a href="#[bc]">&gt;&gt;</a>&nbsp;&nbsp;&nbsp;sync_window
<LI><a href="#[a5]">&gt;&gt;</a>&nbsp;&nbsp;&nbsp;f_lseek
<LI><a href="#[a4]">&gt;&gt;</a>&nbsp;&nbsp;&nbsp;f_write
</UL>

<P><STRONG><a name="[13]"></a>dmac_int_isr</STRONG> (Thumb, 72 bytes, Stack size 16 bytes, r_dmac.o(.text.dmac_int_isr))
<BR><BR>[Stack]<UL><LI>Max Depth = 16<LI>Call Chain = dmac_int_isr
</UL>
<BR>[Address Reference Count : 1]<UL><LI> vector_data.o(.application_vectors)
</UL>
<P><STRONG><a name="[7a]"></a>f_close</STRONG> (Thumb, 30 bytes, Stack size 16 bytes, ff.o(.text.f_close))
<BR><BR>[Stack]<UL><LI>Max Depth = 128<LI>Call Chain = f_close &rArr; f_sync &rArr; sync_fs &rArr; sync_window &rArr; disk_write &rArr; R_SDHI_Write &rArr; r_sdhi_command_send_no_wait
</UL>
<BR>[Calls]<UL><LI><a href="#[c6]">&gt;&gt;</a>&nbsp;&nbsp;&nbsp;f_sync
<LI><a href="#[c7]">&gt;&gt;</a>&nbsp;&nbsp;&nbsp;validate
</UL>
<BR>[Called By]<UL><LI><a href="#[76]">&gt;&gt;</a>&nbsp;&nbsp;&nbsp;Check_Device_Exist
<LI><a href="#[82]">&gt;&gt;</a>&nbsp;&nbsp;&nbsp;Load_And_Print_All
<LI><a href="#[a3]">&gt;&gt;</a>&nbsp;&nbsp;&nbsp;Save_Appliance_Data
</UL>

<P><STRONG><a name="[78]"></a>f_gets</STRONG> (Thumb, 392 bytes, Stack size 56 bytes, ff.o(.text.f_gets))
<BR><BR>[Stack]<UL><LI>Max Depth = 216<LI>Call Chain = f_gets &rArr; f_read &rArr; get_fat &rArr; move_window &rArr; sync_window &rArr; disk_write &rArr; R_SDHI_Write &rArr; r_sdhi_command_send_no_wait
</UL>
<BR>[Calls]<UL><LI><a href="#[c8]">&gt;&gt;</a>&nbsp;&nbsp;&nbsp;f_read
</UL>
<BR>[Called By]<UL><LI><a href="#[76]">&gt;&gt;</a>&nbsp;&nbsp;&nbsp;Check_Device_Exist
<LI><a href="#[82]">&gt;&gt;</a>&nbsp;&nbsp;&nbsp;Load_And_Print_All
</UL>

<P><STRONG><a name="[a5]"></a>f_lseek</STRONG> (Thumb, 388 bytes, Stack size 32 bytes, ff.o(.text.f_lseek))
<BR><BR>[Stack]<UL><LI>Max Depth = 184<LI>Call Chain = f_lseek &rArr; create_chain &rArr; put_fat &rArr; move_window &rArr; sync_window &rArr; disk_write &rArr; R_SDHI_Write &rArr; r_sdhi_command_send_no_wait
</UL>
<BR>[Calls]<UL><LI><a href="#[b8]">&gt;&gt;</a>&nbsp;&nbsp;&nbsp;create_chain
<LI><a href="#[c7]">&gt;&gt;</a>&nbsp;&nbsp;&nbsp;validate
<LI><a href="#[b9]">&gt;&gt;</a>&nbsp;&nbsp;&nbsp;get_fat
<LI><a href="#[bd]">&gt;&gt;</a>&nbsp;&nbsp;&nbsp;disk_write
<LI><a href="#[c5]">&gt;&gt;</a>&nbsp;&nbsp;&nbsp;disk_read
</UL>
<BR>[Called By]<UL><LI><a href="#[a3]">&gt;&gt;</a>&nbsp;&nbsp;&nbsp;Save_Appliance_Data
</UL>

<P><STRONG><a name="[c9]"></a>f_mount</STRONG> (Thumb, 80 bytes, Stack size 32 bytes, ff.o(.text.f_mount))
<BR><BR>[Stack]<UL><LI>Max Depth = 208<LI>Call Chain = f_mount &rArr; mount_volume &rArr; find_volume &rArr; check_fs &rArr; move_window &rArr; sync_window &rArr; disk_write &rArr; R_SDHI_Write &rArr; r_sdhi_command_send_no_wait
</UL>
<BR>[Calls]<UL><LI><a href="#[cb]">&gt;&gt;</a>&nbsp;&nbsp;&nbsp;mount_volume
<LI><a href="#[ca]">&gt;&gt;</a>&nbsp;&nbsp;&nbsp;get_ldnumber
</UL>
<BR>[Called By]<UL><LI><a href="#[d4]">&gt;&gt;</a>&nbsp;&nbsp;&nbsp;hal_entry
</UL>

<P><STRONG><a name="[77]"></a>f_open</STRONG> (Thumb, 556 bytes, Stack size 608 bytes, ff.o(.text.f_open))
<BR><BR>[Stack]<UL><LI>Max Depth = 912<LI>Call Chain = f_open &rArr; follow_path &rArr; dir_find &rArr; dir_next &rArr; create_chain &rArr; put_fat &rArr; move_window &rArr; sync_window &rArr; disk_write &rArr; R_SDHI_Write &rArr; r_sdhi_command_send_no_wait
</UL>
<BR>[Calls]<UL><LI><a href="#[b9]">&gt;&gt;</a>&nbsp;&nbsp;&nbsp;get_fat
<LI><a href="#[cd]">&gt;&gt;</a>&nbsp;&nbsp;&nbsp;remove_chain
<LI><a href="#[c2]">&gt;&gt;</a>&nbsp;&nbsp;&nbsp;dir_register
<LI><a href="#[cc]">&gt;&gt;</a>&nbsp;&nbsp;&nbsp;follow_path
<LI><a href="#[b6]">&gt;&gt;</a>&nbsp;&nbsp;&nbsp;move_window
<LI><a href="#[cb]">&gt;&gt;</a>&nbsp;&nbsp;&nbsp;mount_volume
<LI><a href="#[c5]">&gt;&gt;</a>&nbsp;&nbsp;&nbsp;disk_read
<LI><a href="#[96]">&gt;&gt;</a>&nbsp;&nbsp;&nbsp;__aeabi_memclr4
</UL>
<BR>[Called By]<UL><LI><a href="#[76]">&gt;&gt;</a>&nbsp;&nbsp;&nbsp;Check_Device_Exist
<LI><a href="#[82]">&gt;&gt;</a>&nbsp;&nbsp;&nbsp;Load_And_Print_All
<LI><a href="#[a3]">&gt;&gt;</a>&nbsp;&nbsp;&nbsp;Save_Appliance_Data
</UL>

<P><STRONG><a name="[c8]"></a>f_read</STRONG> (Thumb, 418 bytes, Stack size 48 bytes, ff.o(.text.f_read))
<BR><BR>[Stack]<UL><LI>Max Depth = 160<LI>Call Chain = f_read &rArr; get_fat &rArr; move_window &rArr; sync_window &rArr; disk_write &rArr; R_SDHI_Write &rArr; r_sdhi_command_send_no_wait
</UL>
<BR>[Calls]<UL><LI><a href="#[c7]">&gt;&gt;</a>&nbsp;&nbsp;&nbsp;validate
<LI><a href="#[b9]">&gt;&gt;</a>&nbsp;&nbsp;&nbsp;get_fat
<LI><a href="#[bd]">&gt;&gt;</a>&nbsp;&nbsp;&nbsp;disk_write
<LI><a href="#[c5]">&gt;&gt;</a>&nbsp;&nbsp;&nbsp;disk_read
<LI><a href="#[9b]">&gt;&gt;</a>&nbsp;&nbsp;&nbsp;__aeabi_memcpy
</UL>
<BR>[Called By]<UL><LI><a href="#[78]">&gt;&gt;</a>&nbsp;&nbsp;&nbsp;f_gets
</UL>

<P><STRONG><a name="[c6]"></a>f_sync</STRONG> (Thumb, 150 bytes, Stack size 24 bytes, ff.o(.text.f_sync))
<BR><BR>[Stack]<UL><LI>Max Depth = 112<LI>Call Chain = f_sync &rArr; sync_fs &rArr; sync_window &rArr; disk_write &rArr; R_SDHI_Write &rArr; r_sdhi_command_send_no_wait
</UL>
<BR>[Calls]<UL><LI><a href="#[ce]">&gt;&gt;</a>&nbsp;&nbsp;&nbsp;sync_fs
<LI><a href="#[c7]">&gt;&gt;</a>&nbsp;&nbsp;&nbsp;validate
<LI><a href="#[b6]">&gt;&gt;</a>&nbsp;&nbsp;&nbsp;move_window
<LI><a href="#[bd]">&gt;&gt;</a>&nbsp;&nbsp;&nbsp;disk_write
</UL>
<BR>[Called By]<UL><LI><a href="#[7a]">&gt;&gt;</a>&nbsp;&nbsp;&nbsp;f_close
</UL>

<P><STRONG><a name="[a4]"></a>f_write</STRONG> (Thumb, 464 bytes, Stack size 48 bytes, ff.o(.text.f_write))
<BR><BR>[Stack]<UL><LI>Max Depth = 200<LI>Call Chain = f_write &rArr; create_chain &rArr; put_fat &rArr; move_window &rArr; sync_window &rArr; disk_write &rArr; R_SDHI_Write &rArr; r_sdhi_command_send_no_wait
</UL>
<BR>[Calls]<UL><LI><a href="#[b8]">&gt;&gt;</a>&nbsp;&nbsp;&nbsp;create_chain
<LI><a href="#[c7]">&gt;&gt;</a>&nbsp;&nbsp;&nbsp;validate
<LI><a href="#[bd]">&gt;&gt;</a>&nbsp;&nbsp;&nbsp;disk_write
<LI><a href="#[c5]">&gt;&gt;</a>&nbsp;&nbsp;&nbsp;disk_read
<LI><a href="#[9b]">&gt;&gt;</a>&nbsp;&nbsp;&nbsp;__aeabi_memcpy
</UL>
<BR>[Called By]<UL><LI><a href="#[a3]">&gt;&gt;</a>&nbsp;&nbsp;&nbsp;Save_Appliance_Data
</UL>

<P><STRONG><a name="[d2]"></a>ff_uni2oem</STRONG> (Thumb, 90 bytes, Stack size 8 bytes, ffunicode.o(.text.ff_uni2oem))
<BR><BR>[Stack]<UL><LI>Max Depth = 8<LI>Call Chain = ff_uni2oem
</UL>
<BR>[Called By]<UL><LI><a href="#[cc]">&gt;&gt;</a>&nbsp;&nbsp;&nbsp;follow_path
</UL>

<P><STRONG><a name="[c1]"></a>ff_wtoupper</STRONG> (Thumb, 160 bytes, Stack size 0 bytes, ffunicode.o(.text.ff_wtoupper))
<BR><BR>[Called By]<UL><LI><a href="#[be]">&gt;&gt;</a>&nbsp;&nbsp;&nbsp;dir_find
<LI><a href="#[cc]">&gt;&gt;</a>&nbsp;&nbsp;&nbsp;follow_path
</UL>

<P><STRONG><a name="[1b]"></a>fputc</STRONG> (Thumb, 48 bytes, Stack size 16 bytes, bsp_debug_uart.o(.text.fputc))
<BR><BR>[Stack]<UL><LI>Max Depth = 24<LI>Call Chain = fputc &rArr; R_SCI_UART_Write
</UL>
<BR>[Calls]<UL><LI><a href="#[50]">&gt;&gt;</a>&nbsp;&nbsp;&nbsp;R_SCI_UART_Write
</UL>
<BR>[Called By]<UL><LI><a href="#[7d]">&gt;&gt;</a>&nbsp;&nbsp;&nbsp;puts
</UL>
<BR>[Address Reference Count : 1]<UL><LI> printfa.o(i.__0printf)
</UL>
<P><STRONG><a name="[14]"></a>g_sdmmc0_callback</STRONG> (Thumb, 94 bytes, Stack size 0 bytes, bsp_sdhi_sdcard.o(.text.g_sdmmc0_callback))
<BR>[Address Reference Count : 1]<UL><LI> hal_data.o(.data.g_sdmmc0_cfg)
</UL>
<P><STRONG><a name="[4b]"></a>g_sdmmc0_dmac_callback</STRONG> (Thumb, 6 bytes, Stack size 0 bytes, hal_data.o(.text.g_sdmmc0_dmac_callback))
<BR><BR>[Stack]<UL><LI>Max Depth = 56<LI>Call Chain = g_sdmmc0_dmac_callback &rArr; r_sdhi_transfer_callback &rArr; r_sdhi_call_callback
</UL>
<BR>[Calls]<UL><LI><a href="#[d3]">&gt;&gt;</a>&nbsp;&nbsp;&nbsp;r_sdhi_transfer_callback
</UL>
<BR>[Address Reference Count : 1]<UL><LI> hal_data.o(.rodata.g_transfer_sdhi_extend)
</UL>
<P><STRONG><a name="[f]"></a>gpt_counter_overflow_isr</STRONG> (Thumb, 446 bytes, Stack size 24 bytes, r_gpt.o(.text.gpt_counter_overflow_isr))
<BR><BR>[Stack]<UL><LI>Max Depth = 24<LI>Call Chain = gpt_counter_overflow_isr
</UL>
<BR>[Address Reference Count : 1]<UL><LI> vector_data.o(.application_vectors)
</UL>
<P><STRONG><a name="[32]"></a>gpt_uart_callback</STRONG> (Thumb, 20 bytes, Stack size 0 bytes, uart_hlw.o(.text.gpt_uart_callback))
<BR>[Address Reference Count : 1]<UL><LI> hal_data.o(.rodata.g_timer0_cfg)
</UL>
<P><STRONG><a name="[d4]"></a>hal_entry</STRONG> (Thumb, 524 bytes, Stack size 160 bytes, hal_entry.o(.text.hal_entry))
<BR><BR>[Stack]<UL><LI>Max Depth = 1480<LI>Call Chain = hal_entry &rArr; Save_Appliance_Data &rArr; Check_Device_Exist &rArr; f_open &rArr; follow_path &rArr; dir_find &rArr; dir_next &rArr; create_chain &rArr; put_fat &rArr; move_window &rArr; sync_window &rArr; disk_write &rArr; R_SDHI_Write &rArr; r_sdhi_command_send_no_wait
</UL>
<BR>[Calls]<UL><LI><a href="#[87]">&gt;&gt;</a>&nbsp;&nbsp;&nbsp;R_BSP_SoftwareDelay
<LI><a href="#[d9]">&gt;&gt;</a>&nbsp;&nbsp;&nbsp;Send_com
<LI><a href="#[aa]">&gt;&gt;</a>&nbsp;&nbsp;&nbsp;Socket_Command_Handler
<LI><a href="#[a8]">&gt;&gt;</a>&nbsp;&nbsp;&nbsp;Simulation_Random_Load_Test
<LI><a href="#[82]">&gt;&gt;</a>&nbsp;&nbsp;&nbsp;Load_And_Print_All
<LI><a href="#[a3]">&gt;&gt;</a>&nbsp;&nbsp;&nbsp;Save_Appliance_Data
<LI><a href="#[c9]">&gt;&gt;</a>&nbsp;&nbsp;&nbsp;f_mount
<LI><a href="#[ab]">&gt;&gt;</a>&nbsp;&nbsp;&nbsp;HAL_GetTick
<LI><a href="#[d7]">&gt;&gt;</a>&nbsp;&nbsp;&nbsp;BL0942_circlebuf_init
<LI><a href="#[d6]">&gt;&gt;</a>&nbsp;&nbsp;&nbsp;circlebuf_init
<LI><a href="#[d5]">&gt;&gt;</a>&nbsp;&nbsp;&nbsp;uart_hlw_init
<LI><a href="#[7f]">&gt;&gt;</a>&nbsp;&nbsp;&nbsp;Key_IRQ_Init
<LI><a href="#[b2]">&gt;&gt;</a>&nbsp;&nbsp;&nbsp;SystickInit
<LI><a href="#[7b]">&gt;&gt;</a>&nbsp;&nbsp;&nbsp;Debug_UART0_Init
<LI><a href="#[9c]">&gt;&gt;</a>&nbsp;&nbsp;&nbsp;Relay_Reset_All
<LI><a href="#[d8]">&gt;&gt;</a>&nbsp;&nbsp;&nbsp;srand
<LI><a href="#[7d]">&gt;&gt;</a>&nbsp;&nbsp;&nbsp;puts
<LI><a href="#[85]">&gt;&gt;</a>&nbsp;&nbsp;&nbsp;__2printf
</UL>
<BR>[Called By]<UL><LI><a href="#[a0]">&gt;&gt;</a>&nbsp;&nbsp;&nbsp;main
</UL>

<P><STRONG><a name="[24]"></a>key_externel_irq_callback</STRONG> (Thumb, 36 bytes, Stack size 0 bytes, key.o(.text.key_externel_irq_callback))
<BR>[Address Reference Count : 2]<UL><LI> common_data.o(.rodata.g_external_irq7_cfg)
<LI> common_data.o(.rodata.g_external_irq6_cfg)
</UL>
<P><STRONG><a name="[a0]"></a>main</STRONG> (Thumb, 10 bytes, Stack size 8 bytes, main.o(.text.main))
<BR><BR>[Stack]<UL><LI>Max Depth = 1488<LI>Call Chain = main &rArr; hal_entry &rArr; Save_Appliance_Data &rArr; Check_Device_Exist &rArr; f_open &rArr; follow_path &rArr; dir_find &rArr; dir_next &rArr; create_chain &rArr; put_fat &rArr; move_window &rArr; sync_window &rArr; disk_write &rArr; R_SDHI_Write &rArr; r_sdhi_command_send_no_wait
</UL>
<BR>[Calls]<UL><LI><a href="#[d4]">&gt;&gt;</a>&nbsp;&nbsp;&nbsp;hal_entry
</UL>
<BR>[Called By]<UL><LI><a href="#[0]">&gt;&gt;</a>&nbsp;&nbsp;&nbsp;Reset_Handler
</UL>

<P><STRONG><a name="[10]"></a>r_icu_isr</STRONG> (Thumb, 114 bytes, Stack size 24 bytes, r_icu.o(.text.r_icu_isr))
<BR><BR>[Stack]<UL><LI>Max Depth = 24<LI>Call Chain = r_icu_isr
</UL>
<BR>[Address Reference Count : 1]<UL><LI> vector_data.o(.application_vectors)
</UL>
<P><STRONG><a name="[d3]"></a>r_sdhi_transfer_callback</STRONG> (Thumb, 136 bytes, Stack size 32 bytes, r_sdhi.o(.text.r_sdhi_transfer_callback))
<BR><BR>[Stack]<UL><LI>Max Depth = 56<LI>Call Chain = r_sdhi_transfer_callback &rArr; r_sdhi_call_callback
</UL>
<BR>[Calls]<UL><LI><a href="#[96]">&gt;&gt;</a>&nbsp;&nbsp;&nbsp;__aeabi_memclr4
<LI><a href="#[9b]">&gt;&gt;</a>&nbsp;&nbsp;&nbsp;__aeabi_memcpy
<LI><a href="#[dc]">&gt;&gt;</a>&nbsp;&nbsp;&nbsp;r_sdhi_call_callback
</UL>
<BR>[Called By]<UL><LI><a href="#[4b]">&gt;&gt;</a>&nbsp;&nbsp;&nbsp;g_sdmmc0_dmac_callback
</UL>

<P><STRONG><a name="[e]"></a>sci_uart_eri_isr</STRONG> (Thumb, 106 bytes, Stack size 16 bytes, r_sci_uart.o(.text.sci_uart_eri_isr))
<BR><BR>[Stack]<UL><LI>Max Depth = 48<LI>Call Chain = sci_uart_eri_isr &rArr; r_sci_uart_call_callback
</UL>
<BR>[Calls]<UL><LI><a href="#[dd]">&gt;&gt;</a>&nbsp;&nbsp;&nbsp;r_sci_uart_call_callback
</UL>
<BR>[Address Reference Count : 1]<UL><LI> vector_data.o(.application_vectors)
</UL>
<P><STRONG><a name="[b]"></a>sci_uart_rxi_isr</STRONG> (Thumb, 136 bytes, Stack size 16 bytes, r_sci_uart.o(.text.sci_uart_rxi_isr))
<BR><BR>[Stack]<UL><LI>Max Depth = 48<LI>Call Chain = sci_uart_rxi_isr &rArr; r_sci_uart_call_callback
</UL>
<BR>[Calls]<UL><LI><a href="#[9b]">&gt;&gt;</a>&nbsp;&nbsp;&nbsp;__aeabi_memcpy
<LI><a href="#[dd]">&gt;&gt;</a>&nbsp;&nbsp;&nbsp;r_sci_uart_call_callback
</UL>
<BR>[Address Reference Count : 1]<UL><LI> vector_data.o(.application_vectors)
</UL>
<P><STRONG><a name="[d]"></a>sci_uart_tei_isr</STRONG> (Thumb, 74 bytes, Stack size 8 bytes, r_sci_uart.o(.text.sci_uart_tei_isr))
<BR><BR>[Stack]<UL><LI>Max Depth = 40<LI>Call Chain = sci_uart_tei_isr &rArr; r_sci_uart_call_callback
</UL>
<BR>[Calls]<UL><LI><a href="#[dd]">&gt;&gt;</a>&nbsp;&nbsp;&nbsp;r_sci_uart_call_callback
</UL>
<BR>[Address Reference Count : 1]<UL><LI> vector_data.o(.application_vectors)
</UL>
<P><STRONG><a name="[c]"></a>sci_uart_txi_isr</STRONG> (Thumb, 136 bytes, Stack size 0 bytes, r_sci_uart.o(.text.sci_uart_txi_isr))
<BR><BR>[Stack]<UL><LI>Max Depth = 32<LI>Call Chain = sci_uart_txi_isr &rArr; r_sci_uart_call_callback
</UL>
<BR>[Calls]<UL><LI><a href="#[dd]">&gt;&gt;</a>&nbsp;&nbsp;&nbsp;r_sci_uart_call_callback
</UL>
<BR>[Address Reference Count : 1]<UL><LI> vector_data.o(.application_vectors)
</UL>
<P><STRONG><a name="[11]"></a>sdhimmc_accs_isr</STRONG> (Thumb, 328 bytes, Stack size 40 bytes, r_sdhi.o(.text.sdhimmc_accs_isr))
<BR><BR>[Stack]<UL><LI>Max Depth = 64<LI>Call Chain = sdhimmc_accs_isr &rArr; r_sdhi_call_callback
</UL>
<BR>[Calls]<UL><LI><a href="#[96]">&gt;&gt;</a>&nbsp;&nbsp;&nbsp;__aeabi_memclr4
<LI><a href="#[dc]">&gt;&gt;</a>&nbsp;&nbsp;&nbsp;r_sdhi_call_callback
</UL>
<BR>[Address Reference Count : 1]<UL><LI> vector_data.o(.application_vectors)
</UL>
<P><STRONG><a name="[12]"></a>sdhimmc_card_isr</STRONG> (Thumb, 116 bytes, Stack size 24 bytes, r_sdhi.o(.text.sdhimmc_card_isr))
[...]
</UL>
<BR>[Calls]<UL><LI><a href="#[b6]">&gt;&gt;</a>&nbsp;&nbsp;&nbsp;move_window
<LI><a href="#[cf]">&gt;&gt;</a>&nbsp;&nbsp;&nbsp;find_volume
<LI><a href="#[ca]">&gt;&gt;</a>&nbsp;&nbsp;&nbsp;get_ldnumber
<LI><a href="#[db]">&gt;&gt;</a>&nbsp;&nbsp;&nbsp;disk_ioctl
<LI><a href="#[c3]">&gt;&gt;</a>&nbsp;&nbsp;&nbsp;disk_initialize
<LI><a href="#[da]">&gt;&gt;</a>&nbsp;&nbsp;&nbsp;disk_status
</UL>
<BR>[Called By]<UL><LI><a href="#[77]">&gt;&gt;</a>&nbsp;&nbsp;&nbsp;f_open
<LI><a href="#[c9]">&gt;&gt;</a>&nbsp;&nbsp;&nbsp;f_mount
</UL>

<P><STRONG><a name="[cf]"></a>find_volume</STRONG> (Thumb, 76 bytes, Stack size 32 bytes, ff.o(.text.find_volume))
<BR><BR>[Stack]<UL><LI>Max Depth = 136<LI>Call Chain = find_volume &rArr; check_fs &rArr; move_window &rArr; sync_window &rArr; disk_write &rArr; R_SDHI_Write &rArr; r_sdhi_command_send_no_wait
</UL>
<BR>[Calls]<UL><LI><a href="#[b5]">&gt;&gt;</a>&nbsp;&nbsp;&nbsp;check_fs
</UL>
<BR>[Called By]<UL><LI><a href="#[cb]">&gt;&gt;</a>&nbsp;&nbsp;&nbsp;mount_volume
</UL>

<P><STRONG><a name="[b6]"></a>move_window</STRONG> (Thumb, 56 bytes, Stack size 16 bytes, ff.o(.text.move_window))
<BR><BR>[Stack]<UL><LI>Max Depth = 88<LI>Call Chain = move_window &rArr; sync_window &rArr; disk_write &rArr; R_SDHI_Write &rArr; r_sdhi_command_send_no_wait
</UL>
<BR>[Calls]<UL><LI><a href="#[bc]">&gt;&gt;</a>&nbsp;&nbsp;&nbsp;sync_window
<LI><a href="#[c5]">&gt;&gt;</a>&nbsp;&nbsp;&nbsp;disk_read
</UL>
<BR>[Called By]<UL><LI><a href="#[c6]">&gt;&gt;</a>&nbsp;&nbsp;&nbsp;f_sync
<LI><a href="#[b5]">&gt;&gt;</a>&nbsp;&nbsp;&nbsp;check_fs
<LI><a href="#[ba]">&gt;&gt;</a>&nbsp;&nbsp;&nbsp;put_fat
<LI><a href="#[be]">&gt;&gt;</a>&nbsp;&nbsp;&nbsp;dir_find
<LI><a href="#[b9]">&gt;&gt;</a>&nbsp;&nbsp;&nbsp;get_fat
<LI><a href="#[c2]">&gt;&gt;</a>&nbsp;&nbsp;&nbsp;dir_register
<LI><a href="#[cb]">&gt;&gt;</a>&nbsp;&nbsp;&nbsp;mount_volume
<LI><a href="#[77]">&gt;&gt;</a>&nbsp;&nbsp;&nbsp;f_open
</UL>

<P><STRONG><a name="[cc]"></a>follow_path</STRONG> (Thumb, 864 bytes, Stack size 80 bytes, ff.o(.text.follow_path))
<BR><BR>[Stack]<UL><LI>Max Depth = 304<LI>Call Chain = follow_path &rArr; dir_find &rArr; dir_next &rArr; create_chain &rArr; put_fat &rArr; move_window &rArr; sync_window &rArr; disk_write &rArr; R_SDHI_Write &rArr; r_sdhi_command_send_no_wait
</UL>
<BR>[Calls]<UL><LI><a href="#[d2]">&gt;&gt;</a>&nbsp;&nbsp;&nbsp;ff_uni2oem
<LI><a href="#[c1]">&gt;&gt;</a>&nbsp;&nbsp;&nbsp;ff_wtoupper
<LI><a href="#[be]">&gt;&gt;</a>&nbsp;&nbsp;&nbsp;dir_find
<LI><a href="#[d0]">&gt;&gt;</a>&nbsp;&nbsp;&nbsp;tchar2uni
<LI><a href="#[bf]">&gt;&gt;</a>&nbsp;&nbsp;&nbsp;dir_sdi
<LI><a href="#[d1]">&gt;&gt;</a>&nbsp;&nbsp;&nbsp;memchr
</UL>
<BR>[Called By]<UL><LI><a href="#[77]">&gt;&gt;</a>&nbsp;&nbsp;&nbsp;f_open
</UL>

<P><STRONG><a name="[c2]"></a>dir_register</STRONG> (Thumb, 718 bytes, Stack size 72 bytes, ff.o(.text.dir_register))
<BR><BR>[Stack]<UL><LI>Max Depth = 296<LI>Call Chain = dir_register &rArr; dir_find &rArr; dir_next &rArr; create_chain &rArr; put_fat &rArr; move_window &rArr; sync_window &rArr; disk_write &rArr; R_SDHI_Write &rArr; r_sdhi_command_send_no_wait
</UL>
<BR>[Calls]<UL><LI><a href="#[c0]">&gt;&gt;</a>&nbsp;&nbsp;&nbsp;dir_next
<LI><a href="#[be]">&gt;&gt;</a>&nbsp;&nbsp;&nbsp;dir_find
<LI><a href="#[bf]">&gt;&gt;</a>&nbsp;&nbsp;&nbsp;dir_sdi
<LI><a href="#[b6]">&gt;&gt;</a>&nbsp;&nbsp;&nbsp;move_window
<LI><a href="#[5c]">&gt;&gt;</a>&nbsp;&nbsp;&nbsp;__aeabi_memclr
<LI><a href="#[9b]">&gt;&gt;</a>&nbsp;&nbsp;&nbsp;__aeabi_memcpy
</UL>
<BR>[Called By]<UL><LI><a href="#[77]">&gt;&gt;</a>&nbsp;&nbsp;&nbsp;f_open
</UL>

<P><STRONG><a name="[cd]"></a>remove_chain</STRONG> (Thumb, 120 bytes, Stack size 24 bytes, ff.o(.text.remove_chain))
<BR><BR>[Stack]<UL><LI>Max Depth = 144<LI>Call Chain = remove_chain &rArr; put_fat &rArr; move_window &rArr; sync_window &rArr; disk_write &rArr; R_SDHI_Write &rArr; r_sdhi_command_send_no_wait
</UL>
<BR>[Calls]<UL><LI><a href="#[ba]">&gt;&gt;</a>&nbsp;&nbsp;&nbsp;put_fat
<LI><a href="#[b9]">&gt;&gt;</a>&nbsp;&nbsp;&nbsp;get_fat
</UL>
<BR>[Called By]<UL><LI><a href="#[77]">&gt;&gt;</a>&nbsp;&nbsp;&nbsp;f_open
</UL>

<P><STRONG><a name="[b9]"></a>get_fat</STRONG> (Thumb, 258 bytes, Stack size 24 bytes, ff.o(.text.get_fat))
<BR><BR>[Stack]<UL><LI>Max Depth = 112<LI>Call Chain = get_fat &rArr; move_window &rArr; sync_window &rArr; disk_write &rArr; R_SDHI_Write &rArr; r_sdhi_command_send_no_wait
</UL>
<BR>[Calls]<UL><LI><a href="#[b6]">&gt;&gt;</a>&nbsp;&nbsp;&nbsp;move_window
</UL>
<BR>[Called By]<UL><LI><a href="#[c8]">&gt;&gt;</a>&nbsp;&nbsp;&nbsp;f_read
<LI><a href="#[b8]">&gt;&gt;</a>&nbsp;&nbsp;&nbsp;create_chain
<LI><a href="#[c0]">&gt;&gt;</a>&nbsp;&nbsp;&nbsp;dir_next
<LI><a href="#[bf]">&gt;&gt;</a>&nbsp;&nbsp;&nbsp;dir_sdi
<LI><a href="#[cd]">&gt;&gt;</a>&nbsp;&nbsp;&nbsp;remove_chain
<LI><a href="#[a5]">&gt;&gt;</a>&nbsp;&nbsp;&nbsp;f_lseek
<LI><a href="#[77]">&gt;&gt;</a>&nbsp;&nbsp;&nbsp;f_open
</UL>

<P><STRONG><a name="[bf]"></a>dir_sdi</STRONG> (Thumb, 160 bytes, Stack size 24 bytes, ff.o(.text.dir_sdi))
<BR><BR>[Stack]<UL><LI>Max Depth = 136<LI>Call Chain = dir_sdi &rArr; get_fat &rArr; move_window &rArr; sync_window &rArr; disk_write &rArr; R_SDHI_Write &rArr; r_sdhi_command_send_no_wait
</UL>
<BR>[Calls]<UL><LI><a href="#[b9]">&gt;&gt;</a>&nbsp;&nbsp;&nbsp;get_fat
</UL>
<BR>[Called By]<UL><LI><a href="#[be]">&gt;&gt;</a>&nbsp;&nbsp;&nbsp;dir_find
<LI><a href="#[c2]">&gt;&gt;</a>&nbsp;&nbsp;&nbsp;dir_register
<LI><a href="#[cc]">&gt;&gt;</a>&nbsp;&nbsp;&nbsp;follow_path
</UL>

<P><STRONG><a name="[d0]"></a>tchar2uni</STRONG> (Thumb, 192 bytes, Stack size 8 bytes, ff.o(.text.tchar2uni))
<BR><BR>[Stack]<UL><LI>Max Depth = 8<LI>Call Chain = tchar2uni
</UL>
<BR>[Called By]<UL><LI><a href="#[cc]">&gt;&gt;</a>&nbsp;&nbsp;&nbsp;follow_path
</UL>

<P><STRONG><a name="[be]"></a>dir_find</STRONG> (Thumb, 372 bytes, Stack size 48 bytes, ff.o(.text.dir_find))
<BR><BR>[Stack]<UL><LI>Max Depth = 224<LI>Call Chain = dir_find &rArr; dir_next &rArr; create_chain &rArr; put_fat &rArr; move_window &rArr; sync_window &rArr; disk_write &rArr; R_SDHI_Write &rArr; r_sdhi_command_send_no_wait
</UL>
<BR>[Calls]<UL><LI><a href="#[c1]">&gt;&gt;</a>&nbsp;&nbsp;&nbsp;ff_wtoupper
<LI><a href="#[c0]">&gt;&gt;</a>&nbsp;&nbsp;&nbsp;dir_next
<LI><a href="#[bf]">&gt;&gt;</a>&nbsp;&nbsp;&nbsp;dir_sdi
<LI><a href="#[b6]">&gt;&gt;</a>&nbsp;&nbsp;&nbsp;move_window
<LI><a href="#[b7]">&gt;&gt;</a>&nbsp;&nbsp;&nbsp;memcmp
</UL>
<BR>[Called By]<UL><LI><a href="#[c2]">&gt;&gt;</a>&nbsp;&nbsp;&nbsp;dir_register
<LI><a href="#[cc]">&gt;&gt;</a>&nbsp;&nbsp;&nbsp;follow_path
</UL>

<P><STRONG><a name="[c0]"></a>dir_next</STRONG> (Thumb, 228 bytes, Stack size 24 bytes, ff.o(.text.dir_next))
<BR><BR>[Stack]<UL><LI>Max Depth = 176<LI>Call Chain = dir_next &rArr; create_chain &rArr; put_fat &rArr; move_window &rArr; sync_window &rArr; disk_write &rArr; R_SDHI_Write &rArr; r_sdhi_command_send_no_wait
</UL>
<BR>[Calls]<UL><LI><a href="#[bb]">&gt;&gt;</a>&nbsp;&nbsp;&nbsp;dir_clear
<LI><a href="#[b8]">&gt;&gt;</a>&nbsp;&nbsp;&nbsp;create_chain
<LI><a href="#[b9]">&gt;&gt;</a>&nbsp;&nbsp;&nbsp;get_fat
</UL>
<BR>[Called By]<UL><LI><a href="#[be]">&gt;&gt;</a>&nbsp;&nbsp;&nbsp;dir_find
<LI><a href="#[c2]">&gt;&gt;</a>&nbsp;&nbsp;&nbsp;dir_register
</UL>

<P><STRONG><a name="[ba]"></a>put_fat</STRONG> (Thumb, 314 bytes, Stack size 32 bytes, ff.o(.text.put_fat))
<BR><BR>[Stack]<UL><LI>Max Depth = 120<LI>Call Chain = put_fat &rArr; move_window &rArr; sync_window &rArr; disk_write &rArr; R_SDHI_Write &rArr; r_sdhi_command_send_no_wait
</UL>
<BR>[Calls]<UL><LI><a href="#[b6]">&gt;&gt;</a>&nbsp;&nbsp;&nbsp;move_window
</UL>
<BR>[Called By]<UL><LI><a href="#[b8]">&gt;&gt;</a>&nbsp;&nbsp;&nbsp;create_chain
<LI><a href="#[cd]">&gt;&gt;</a>&nbsp;&nbsp;&nbsp;remove_chain
</UL>

<P><STRONG><a name="[bc]"></a>sync_window</STRONG> (Thumb, 68 bytes, Stack size 16 bytes, ff.o(.text.sync_window))
<BR><BR>[Stack]<UL><LI>Max Depth = 72<LI>Call Chain = sync_window &rArr; disk_write &rArr; R_SDHI_Write &rArr; r_sdhi_command_send_no_wait
</UL>
<BR>[Calls]<UL><LI><a href="#[bd]">&gt;&gt;</a>&nbsp;&nbsp;&nbsp;disk_write
</UL>
<BR>[Called By]<UL><LI><a href="#[bb]">&gt;&gt;</a>&nbsp;&nbsp;&nbsp;dir_clear
<LI><a href="#[ce]">&gt;&gt;</a>&nbsp;&nbsp;&nbsp;sync_fs
<LI><a href="#[b6]">&gt;&gt;</a>&nbsp;&nbsp;&nbsp;move_window
</UL>

<P><STRONG><a name="[c7]"></a>validate</STRONG> (Thumb, 48 bytes, Stack size 16 bytes, ff.o(.text.validate))
<BR><BR>[Stack]<UL><LI>Max Depth = 16<LI>Call Chain = validate
</UL>
<BR>[Calls]<UL><LI><a href="#[da]">&gt;&gt;</a>&nbsp;&nbsp;&nbsp;disk_status
</UL>
<BR>[Called By]<UL><LI><a href="#[c6]">&gt;&gt;</a>&nbsp;&nbsp;&nbsp;f_sync
<LI><a href="#[c8]">&gt;&gt;</a>&nbsp;&nbsp;&nbsp;f_read
<LI><a href="#[a5]">&gt;&gt;</a>&nbsp;&nbsp;&nbsp;f_lseek
<LI><a href="#[a4]">&gt;&gt;</a>&nbsp;&nbsp;&nbsp;f_write
<LI><a href="#[7a]">&gt;&gt;</a>&nbsp;&nbsp;&nbsp;f_close
</UL>

<P><STRONG><a name="[b8]"></a>create_chain</STRONG> (Thumb, 286 bytes, Stack size 32 bytes, ff.o(.text.create_chain))
<BR><BR>[Stack]<UL><LI>Max Depth = 152<LI>Call Chain = create_chain &rArr; put_fat &rArr; move_window &rArr; sync_window &rArr; disk_write &rArr; R_SDHI_Write &rArr; r_sdhi_command_send_no_wait
</UL>
<BR>[Calls]<UL><LI><a href="#[ba]">&gt;&gt;</a>&nbsp;&nbsp;&nbsp;put_fat
<LI><a href="#[b9]">&gt;&gt;</a>&nbsp;&nbsp;&nbsp;get_fat
</UL>
<BR>[Called By]<UL><LI><a href="#[c0]">&gt;&gt;</a>&nbsp;&nbsp;&nbsp;dir_next
<LI><a href="#[a5]">&gt;&gt;</a>&nbsp;&nbsp;&nbsp;f_lseek
<LI><a href="#[a4]">&gt;&gt;</a>&nbsp;&nbsp;&nbsp;f_write
</UL>

<P><STRONG><a name="[ce]"></a>sync_fs</STRONG> (Thumb, 130 bytes, Stack size 16 bytes, ff.o(.text.sync_fs))
<BR><BR>[Stack]<UL><LI>Max Depth = 88<LI>Call Chain = sync_fs &rArr; sync_window &rArr; disk_write &rArr; R_SDHI_Write &rArr; r_sdhi_command_send_no_wait
</UL>
<BR>[Calls]<UL><LI><a href="#[bc]">&gt;&gt;</a>&nbsp;&nbsp;&nbsp;sync_window
<LI><a href="#[db]">&gt;&gt;</a>&nbsp;&nbsp;&nbsp;disk_ioctl
<LI><a href="#[bd]">&gt;&gt;</a>&nbsp;&nbsp;&nbsp;disk_write
<LI><a href="#[96]">&gt;&gt;</a>&nbsp;&nbsp;&nbsp;__aeabi_memclr4
</UL>
<BR>[Called By]<UL><LI><a href="#[c6]">&gt;&gt;</a>&nbsp;&nbsp;&nbsp;f_sync
</UL>

<P><STRONG><a name="[bb]"></a>dir_clear</STRONG> (Thumb, 102 bytes, Stack size 24 bytes, ff.o(.text.dir_clear))
<BR><BR>[Stack]<UL><LI>Max Depth = 96<LI>Call Chain = dir_clear &rArr; sync_window &rArr; disk_write &rArr; R_SDHI_Write &rArr; r_sdhi_command_send_no_wait
</UL>
<BR>[Calls]<UL><LI><a href="#[bc]">&gt;&gt;</a>&nbsp;&nbsp;&nbsp;sync_window
<LI><a href="#[bd]">&gt;&gt;</a>&nbsp;&nbsp;&nbsp;disk_write
<LI><a href="#[96]">&gt;&gt;</a>&nbsp;&nbsp;&nbsp;__aeabi_memclr4
</UL>
<BR>[Called By]<UL><LI><a href="#[c0]">&gt;&gt;</a>&nbsp;&nbsp;&nbsp;dir_next
</UL>

<P><STRONG><a name="[b5]"></a>check_fs</STRONG> (Thumb, 196 bytes, Stack size 16 bytes, ff.o(.text.check_fs))
<BR><BR>[Stack]<UL><LI>Max Depth = 104<LI>Call Chain = check_fs &rArr; move_window &rArr; sync_window &rArr; disk_write &rArr; R_SDHI_Write &rArr; r_sdhi_command_send_no_wait
</UL>
<BR>[Calls]<UL><LI><a href="#[b6]">&gt;&gt;</a>&nbsp;&nbsp;&nbsp;move_window
<LI><a href="#[b7]">&gt;&gt;</a>&nbsp;&nbsp;&nbsp;memcmp
</UL>
<BR>[Called By]<UL><LI><a href="#[cf]">&gt;&gt;</a>&nbsp;&nbsp;&nbsp;find_volume
</UL>

<P><STRONG><a name="[ad]"></a>SystemRuntimeInit</STRONG> (Thumb, 90 bytes, Stack size 24 bytes, system.o(.text.SystemRuntimeInit))
<BR><BR>[Stack]<UL><LI>Max Depth = 24<LI>Call Chain = SystemRuntimeInit
</UL>
<BR>[Calls]<UL><LI><a href="#[96]">&gt;&gt;</a>&nbsp;&nbsp;&nbsp;__aeabi_memclr4
<LI><a href="#[b1]">&gt;&gt;</a>&nbsp;&nbsp;&nbsp;__aeabi_memcpy4
</UL>
<BR>[Called By]<UL><LI><a href="#[9f]">&gt;&gt;</a>&nbsp;&nbsp;&nbsp;SystemInit
</UL>

<P><STRONG><a name="[8c]"></a>r_dmac_config_transfer_info</STRONG> (Thumb, 406 bytes, Stack size 40 bytes, r_dmac.o(.text.r_dmac_config_transfer_info))
<BR><BR>[Stack]<UL><LI>Max Depth = 40<LI>Call Chain = r_dmac_config_transfer_info
</UL>
<BR>[Called By]<UL><LI><a href="#[41]">&gt;&gt;</a>&nbsp;&nbsp;&nbsp;R_DMAC_Reconfigure
<LI><a href="#[40]">&gt;&gt;</a>&nbsp;&nbsp;&nbsp;R_DMAC_Open
</UL>

<P><STRONG><a name="[8d]"></a>r_ioport_pins_config</STRONG> (Thumb, 192 bytes, Stack size 16 bytes, r_ioport.o(.text.r_ioport_pins_config))
<BR><BR>[Stack]<UL><LI>Max Depth = 64<LI>Call Chain = r_ioport_pins_config &rArr; bsp_vbatt_init &rArr; R_BSP_RegisterProtectDisable
</UL>
<BR>[Calls]<UL><LI><a href="#[8e]">&gt;&gt;</a>&nbsp;&nbsp;&nbsp;bsp_vbatt_init
</UL>
<BR>[Called By]<UL><LI><a href="#[25]">&gt;&gt;</a>&nbsp;&nbsp;&nbsp;R_IOPORT_Open
<LI><a href="#[27]">&gt;&gt;</a>&nbsp;&nbsp;&nbsp;R_IOPORT_PinsCfg
</UL>

<P><STRONG><a name="[8e]"></a>bsp_vbatt_init</STRONG> (Thumb, 204 bytes, Stack size 40 bytes, r_ioport.o(.text.bsp_vbatt_init))
<BR><BR>[Stack]<UL><LI>Max Depth = 48<LI>Call Chain = bsp_vbatt_init &rArr; R_BSP_RegisterProtectDisable
</UL>
<BR>[Calls]<UL><LI><a href="#[89]">&gt;&gt;</a>&nbsp;&nbsp;&nbsp;R_BSP_RegisterProtectEnable
<LI><a href="#[88]">&gt;&gt;</a>&nbsp;&nbsp;&nbsp;R_BSP_RegisterProtectDisable
<LI><a href="#[87]">&gt;&gt;</a>&nbsp;&nbsp;&nbsp;R_BSP_SoftwareDelay
</UL>
<BR>[Called By]<UL><LI><a href="#[28]">&gt;&gt;</a>&nbsp;&nbsp;&nbsp;R_IOPORT_PinCfg
<LI><a href="#[8d]">&gt;&gt;</a>&nbsp;&nbsp;&nbsp;r_ioport_pins_config
</UL>

<P><STRONG><a name="[dd]"></a>r_sci_uart_call_callback</STRONG> (Thumb, 64 bytes, Stack size 32 bytes, r_sci_uart.o(.text.r_sci_uart_call_callback))
<BR><BR>[Stack]<UL><LI>Max Depth = 32<LI>Call Chain = r_sci_uart_call_callback
</UL>
<BR>[Called By]<UL><LI><a href="#[e]">&gt;&gt;</a>&nbsp;&nbsp;&nbsp;sci_uart_eri_isr
<LI><a href="#[d]">&gt;&gt;</a>&nbsp;&nbsp;&nbsp;sci_uart_tei_isr
<LI><a href="#[b]">&gt;&gt;</a>&nbsp;&nbsp;&nbsp;sci_uart_rxi_isr
<LI><a href="#[c]">&gt;&gt;</a>&nbsp;&nbsp;&nbsp;sci_uart_txi_isr
</UL>

<P><STRONG><a name="[97]"></a>r_sdhi_irq_enable</STRONG> (Thumb, 88 bytes, Stack size 0 bytes, r_sdhi.o(.text.r_sdhi_irq_enable))
<BR><BR>[Called By]<UL><LI><a href="#[95]">&gt;&gt;</a>&nbsp;&nbsp;&nbsp;R_SDHI_Open
</UL>

<P><STRONG><a name="[90]"></a>r_sdhi_max_clock_rate_set</STRONG> (Thumb, 136 bytes, Stack size 8 bytes, r_sdhi.o(.text.r_sdhi_max_clock_rate_set))
<BR><BR>[Stack]<UL><LI>Max Depth = 8<LI>Call Chain = r_sdhi_max_clock_rate_set
</UL>
<BR>[Called By]<UL><LI><a href="#[8f]">&gt;&gt;</a>&nbsp;&nbsp;&nbsp;R_SDHI_MediaInit
</UL>

<P><STRONG><a name="[91]"></a>r_sdhi_command_send</STRONG> (Thumb, 84 bytes, Stack size 24 bytes, r_sdhi.o(.text.r_sdhi_command_send))
<BR><BR>[Stack]<UL><LI>Max Depth = 48<LI>Call Chain = r_sdhi_command_send &rArr; r_sdhi_wait_for_event
</UL>
<BR>[Calls]<UL><LI><a href="#[87]">&gt;&gt;</a>&nbsp;&nbsp;&nbsp;R_BSP_SoftwareDelay
<LI><a href="#[99]">&gt;&gt;</a>&nbsp;&nbsp;&nbsp;r_sdhi_command_send_no_wait
<LI><a href="#[93]">&gt;&gt;</a>&nbsp;&nbsp;&nbsp;r_sdhi_wait_for_event
</UL>
<BR>[Called By]<UL><LI><a href="#[8f]">&gt;&gt;</a>&nbsp;&nbsp;&nbsp;R_SDHI_MediaInit
<LI><a href="#[94]">&gt;&gt;</a>&nbsp;&nbsp;&nbsp;r_sdhi_bus_width_set
</UL>

<P><STRONG><a name="[92]"></a>r_sdhi_transfer_read</STRONG> (Thumb, 130 bytes, Stack size 16 bytes, r_sdhi.o(.text.r_sdhi_transfer_read))
<BR><BR>[Stack]<UL><LI>Max Depth = 16<LI>Call Chain = r_sdhi_transfer_read
</UL>
<BR>[Called By]<UL><LI><a href="#[98]">&gt;&gt;</a>&nbsp;&nbsp;&nbsp;R_SDHI_Read
<LI><a href="#[8f]">&gt;&gt;</a>&nbsp;&nbsp;&nbsp;R_SDHI_MediaInit
</UL>

<P><STRONG><a name="[93]"></a>r_sdhi_wait_for_event</STRONG> (Thumb, 68 bytes, Stack size 24 bytes, r_sdhi.o(.text.r_sdhi_wait_for_event))
<BR><BR>[Stack]<UL><LI>Max Depth = 24<LI>Call Chain = r_sdhi_wait_for_event
</UL>
<BR>[Calls]<UL><LI><a href="#[87]">&gt;&gt;</a>&nbsp;&nbsp;&nbsp;R_BSP_SoftwareDelay
</UL>
<BR>[Called By]<UL><LI><a href="#[8f]">&gt;&gt;</a>&nbsp;&nbsp;&nbsp;R_SDHI_MediaInit
<LI><a href="#[91]">&gt;&gt;</a>&nbsp;&nbsp;&nbsp;r_sdhi_command_send
</UL>

<P><STRONG><a name="[94]"></a>r_sdhi_bus_width_set</STRONG> (Thumb, 66 bytes, Stack size 16 bytes, r_sdhi.o(.text.r_sdhi_bus_width_set))
<BR><BR>[Stack]<UL><LI>Max Depth = 64<LI>Call Chain = r_sdhi_bus_width_set &rArr; r_sdhi_command_send &rArr; r_sdhi_wait_for_event
</UL>
<BR>[Calls]<UL><LI><a href="#[91]">&gt;&gt;</a>&nbsp;&nbsp;&nbsp;r_sdhi_command_send
</UL>
<BR>[Called By]<UL><LI><a href="#[8f]">&gt;&gt;</a>&nbsp;&nbsp;&nbsp;R_SDHI_MediaInit
</UL>

<P><STRONG><a name="[99]"></a>r_sdhi_command_send_no_wait</STRONG> (Thumb, 92 bytes, Stack size 8 bytes, r_sdhi.o(.text.r_sdhi_command_send_no_wait))
<BR><BR>[Stack]<UL><LI>Max Depth = 8<LI>Call Chain = r_sdhi_command_send_no_wait
</UL>
<BR>[Called By]<UL><LI><a href="#[9a]">&gt;&gt;</a>&nbsp;&nbsp;&nbsp;R_SDHI_Write
<LI><a href="#[98]">&gt;&gt;</a>&nbsp;&nbsp;&nbsp;R_SDHI_Read
<LI><a href="#[91]">&gt;&gt;</a>&nbsp;&nbsp;&nbsp;r_sdhi_command_send
</UL>

<P><STRONG><a name="[dc]"></a>r_sdhi_call_callback</STRONG> (Thumb, 78 bytes, Stack size 24 bytes, r_sdhi.o(.text.r_sdhi_call_callback))
<BR><BR>[Stack]<UL><LI>Max Depth = 24<LI>Call Chain = r_sdhi_call_callback
</UL>
<BR>[Called By]<UL><LI><a href="#[12]">&gt;&gt;</a>&nbsp;&nbsp;&nbsp;sdhimmc_card_isr
<LI><a href="#[11]">&gt;&gt;</a>&nbsp;&nbsp;&nbsp;sdhimmc_accs_isr
<LI><a href="#[d3]">&gt;&gt;</a>&nbsp;&nbsp;&nbsp;r_sdhi_transfer_callback
</UL>

<P><STRONG><a name="[e1]"></a>_fp_digits</STRONG> (Thumb, 366 bytes, Stack size 64 bytes, printfa.o(i._fp_digits), UNUSED)
<BR><BR>[Calls]<UL><LI><a href="#[6a]">&gt;&gt;</a>&nbsp;&nbsp;&nbsp;__aeabi_dadd
<LI><a href="#[66]">&gt;&gt;</a>&nbsp;&nbsp;&nbsp;__aeabi_ddiv
<LI><a href="#[65]">&gt;&gt;</a>&nbsp;&nbsp;&nbsp;__aeabi_dmul
<LI><a href="#[59]">&gt;&gt;</a>&nbsp;&nbsp;&nbsp;__aeabi_uldivmod
<LI><a href="#[72]">&gt;&gt;</a>&nbsp;&nbsp;&nbsp;__aeabi_d2ulz
<LI><a href="#[e2]">&gt;&gt;</a>&nbsp;&nbsp;&nbsp;__aeabi_cdrcmple
</UL>
<BR>[Called By]<UL><LI><a href="#[df]">&gt;&gt;</a>&nbsp;&nbsp;&nbsp;_printf_core
</UL>

<P><STRONG><a name="[df]"></a>_printf_core</STRONG> (Thumb, 1744 bytes, Stack size 136 bytes, printfa.o(i._printf_core), UNUSED)
<BR><BR>[Calls]<UL><LI><a href="#[59]">&gt;&gt;</a>&nbsp;&nbsp;&nbsp;__aeabi_uldivmod
<LI><a href="#[e5]">&gt;&gt;</a>&nbsp;&nbsp;&nbsp;__aeabi_uidivmod
<LI><a href="#[e3]">&gt;&gt;</a>&nbsp;&nbsp;&nbsp;_printf_pre_padding
<LI><a href="#[e4]">&gt;&gt;</a>&nbsp;&nbsp;&nbsp;_printf_post_padding
<LI><a href="#[e1]">&gt;&gt;</a>&nbsp;&nbsp;&nbsp;_fp_digits
</UL>
<BR>[Called By]<UL><LI><a href="#[e0]">&gt;&gt;</a>&nbsp;&nbsp;&nbsp;__0snprintf
<LI><a href="#[de]">&gt;&gt;</a>&nbsp;&nbsp;&nbsp;__0printf
</UL>

<P><STRONG><a name="[e4]"></a>_printf_post_padding</STRONG> (Thumb, 36 bytes, Stack size 24 bytes, printfa.o(i._printf_post_padding), UNUSED)
<BR><BR>[Called By]<UL><LI><a href="#[df]">&gt;&gt;</a>&nbsp;&nbsp;&nbsp;_printf_core
</UL>

<P><STRONG><a name="[e3]"></a>_printf_pre_padding</STRONG> (Thumb, 46 bytes, Stack size 24 bytes, printfa.o(i._printf_pre_padding), UNUSED)
<BR><BR>[Called By]<UL><LI><a href="#[df]">&gt;&gt;</a>&nbsp;&nbsp;&nbsp;_printf_core
</UL>

<P><STRONG><a name="[1c]"></a>_snputc</STRONG> (Thumb, 22 bytes, Stack size 0 bytes, printfa.o(i._snputc))
<BR>[Address Reference Count : 1]<UL><LI> printfa.o(i.__0snprintf)
</UL>
<P><STRONG><a name="[63]"></a>_fp_value</STRONG> (Thumb, 296 bytes, Stack size 64 bytes, scanf_fp.o(.text), UNUSED)
<BR><BR>[Calls]<UL><LI><a href="#[66]">&gt;&gt;</a>&nbsp;&nbsp;&nbsp;__aeabi_ddiv
<LI><a href="#[65]">&gt;&gt;</a>&nbsp;&nbsp;&nbsp;__aeabi_dmul
<LI><a href="#[64]">&gt;&gt;</a>&nbsp;&nbsp;&nbsp;__aeabi_ul2d
</UL>
<BR>[Called By]<UL><LI><a href="#[67]">&gt;&gt;</a>&nbsp;&nbsp;&nbsp;_scanf_really_real
</UL>

<P><STRONG><a name="[17]"></a>_scanf_char_input</STRONG> (Thumb, 12 bytes, Stack size 0 bytes, scanf_char.o(.text))
<BR>[Address Reference Count : 1]<UL><LI> scanf_char.o(.text)
</UL><P>
<H3>
Undefined Global Symbols
</H3><HR></body></html>
