Component: Arm Compiler for Embedded 6.22 Tool: armlink [5ee90200]

==============================================================================

Section Cross References

    hal_entry.o(.text.hal_entry) refers to bsp_debug_uart.o(.text.Debug_UART0_Init) for Debug_UART0_Init
    hal_entry.o(.text.hal_entry) refers to systick.o(.text.SystickInit) for SystickInit
    hal_entry.o(.text.hal_entry) refers to relay.o(.text.Relay_Reset_All) for Relay_Reset_All
    hal_entry.o(.text.hal_entry) refers to key.o(.text.Key_GPT_Init) for Key_GPT_Init
    hal_entry.o(.text.hal_entry) refers to uart_hlw.o(.text.uart_hlw_init) for uart_hlw_init
    hal_entry.o(.text.hal_entry) refers to circle_buf.o(.text.circlebuf_init) for circlebuf_init
    hal_entry.o(.text.hal_entry) refers to circle_buf.o(.text.BL0942_circlebuf_init) for BL0942_circlebuf_init
    hal_entry.o(.text.hal_entry) refers to hal_entry.o(.bss.fs) for fs
    hal_entry.o(.text.hal_entry) refers to ff.o(.text.f_mount) for f_mount
    hal_entry.o(.text.hal_entry) refers to hal_entry.o(.bss.res_sd) for res_sd
    hal_entry.o(.text.hal_entry) refers to bsp_wifi_esp8266.o(.text.WiFi_Init) for WiFi_Init
    hal_entry.o(.text.hal_entry) refers to bsp_wifi_esp8266.o(.text.WiFi_ServiceTask) for WiFi_ServiceTask
    hal_entry.o(.text.hal_entry) refers to relay.o(.text.Relay_Task) for Relay_Task
    hal_entry.o(.text.hal_entry) refers to appliance_identification.o(.text.AI_Replug_Task) for AI_Replug_Task
    hal_entry.o(.text.hal_entry) refers to appliance_identification.o(.text.AI_Commit_Task) for AI_Commit_Task
    hal_entry.o(.text.hal_entry) refers to key.o(.text.Key_Task) for Key_Task
    hal_entry.o(.text.hal_entry) refers to cjson_handle.o(.text.Upload_Status_Task) for Upload_Status_Task
    hal_entry.o(.text.hal_entry) refers to uart_hlw.o(.text.BL0942_Poll_Task) for BL0942_Poll_Task
    hal_entry.o(.ARM.exidx.text.hal_entry) refers to hal_entry.o(.text.hal_entry) for [Anonymous Symbol]
    hal_entry.o(.text.R_BSP_WarmStart) refers to common_data.o(.rodata.g_ioport) for g_ioport
    hal_entry.o(.text.R_BSP_WarmStart) refers to common_data.o(.bss.g_ioport_ctrl) for g_ioport_ctrl
    hal_entry.o(.text.R_BSP_WarmStart) refers to r_ioport.o(.text.R_IOPORT_Open) for R_IOPORT_Open
    hal_entry.o(.ARM.exidx.text.R_BSP_WarmStart) refers to hal_entry.o(.text.R_BSP_WarmStart) for [Anonymous Symbol]
    bsp_wifi_esp8266.o(.text.WiFi_Init) refers to softap_connect_wifi.o(.text.NET_Manager_Init) for NET_Manager_Init
    bsp_wifi_esp8266.o(.ARM.exidx.text.WiFi_Init) refers to bsp_wifi_esp8266.o(.text.WiFi_Init) for [Anonymous Symbol]
    bsp_wifi_esp8266.o(.text.WiFi_ServiceTask) refers to softap_connect_wifi.o(.text.NET_Manager_Task) for NET_Manager_Task
    bsp_wifi_esp8266.o(.text.WiFi_ServiceTask) refers to bsp_wifi_esp8266.o(.text.ESP8266_TxTask) for ESP8266_TxTask
    bsp_wifi_esp8266.o(.text.WiFi_ServiceTask) refers to cjson_handle.o(.text.handle_uart_json_stream) for handle_uart_json_stream
    bsp_wifi_esp8266.o(.ARM.exidx.text.WiFi_ServiceTask) refers to bsp_wifi_esp8266.o(.text.WiFi_ServiceTask) for [Anonymous Symbol]
    bsp_wifi_esp8266.o(.text.ESP8266_TxTask) refers to systick.o(.text.HAL_GetTick) for HAL_GetTick
    bsp_wifi_esp8266.o(.text.ESP8266_TxTask) refers to bsp_wifi_esp8266.o(.bss.g_uart2_rb_overflow_last_tick) for g_uart2_rb_overflow_last_tick
    bsp_wifi_esp8266.o(.text.ESP8266_TxTask) refers to bsp_wifi_esp8266.o(.bss.g_uart2_rb_overflow_cnt) for g_uart2_rb_overflow_cnt
    bsp_wifi_esp8266.o(.text.ESP8266_TxTask) refers to bsp_wifi_esp8266.o(.bss.g_uart2_rb_overflow_last_print) for g_uart2_rb_overflow_last_print
    bsp_wifi_esp8266.o(.text.ESP8266_TxTask) refers to printfa.o(i.__0printf) for __2printf
    bsp_wifi_esp8266.o(.text.ESP8266_TxTask) refers to bsp_wifi_esp8266.o(.bss.g_tx_state) for g_tx_state
    bsp_wifi_esp8266.o(.text.ESP8266_TxTask) refers to bsp_wifi_esp8266.o(.bss.g_tx_has_active) for g_tx_has_active
    bsp_wifi_esp8266.o(.text.ESP8266_TxTask) refers to bsp_wifi_esp8266.o(.bss.g_tx_q_count) for g_tx_q_count
    bsp_wifi_esp8266.o(.text.ESP8266_TxTask) refers to bsp_wifi_esp8266.o(.bss.g_tx_q_head) for g_tx_q_head
    bsp_wifi_esp8266.o(.text.ESP8266_TxTask) refers to bsp_wifi_esp8266.o(.bss.g_tx_queue) for g_tx_queue
    bsp_wifi_esp8266.o(.text.ESP8266_TxTask) refers to bsp_wifi_esp8266.o(.bss.g_tx_active) for g_tx_active
    bsp_wifi_esp8266.o(.text.ESP8266_TxTask) refers to memmovea.o(.text) for __aeabi_memcpy
    bsp_wifi_esp8266.o(.text.ESP8266_TxTask) refers to bsp_wifi_esp8266.o(.bss.g_tx_cmd_buf) for g_tx_cmd_buf
    bsp_wifi_esp8266.o(.text.ESP8266_TxTask) refers to bsp_wifi_esp8266.o(.rodata.str1.1) for .L.str.2
    bsp_wifi_esp8266.o(.text.ESP8266_TxTask) refers to printfa.o(i.__0snprintf) for __2snprintf
    bsp_wifi_esp8266.o(.text.ESP8266_TxTask) refers to bsp_wifi_esp8266.o(.bss.At_Rx_Buff) for At_Rx_Buff
    bsp_wifi_esp8266.o(.text.ESP8266_TxTask) refers to memseta.o(.text) for __aeabi_memclr4
[...]

    Exec Addr    Load Addr    Size         Type   Attr      Idx    E Section Name        Object

    0x20004168        -       0x00001000   Zero   RW          861    .bss.g_main_stack   startup.o
    0x20005168        -       0x0000001c   Zero   RW          908    .bss.ram_noinit     bsp_clocks.o


    Execution Region __ram_zero (Exec base: 0x20005188, Load base: 0x000001ec, Size: 0x00009ac0, Max: 0xffffffff, ABSOLUTE)

    Exec Addr    Load Addr    Size         Type   Attr      Idx    E Section Name        Object

    0x20005188        -       0x00000100   Zero   RW          142    .bss.At_Rx_Buff     bsp_wifi_esp8266.o
    0x20005288        -       0x00000030   Zero   RW          191    .bss.BL0942_rx_buf  circle_buf.o
    0x200052b8        -       0x00000008   Zero   RW          827    .bss.FatFs          ff.o
    0x200052c0        -       0x00000002   Zero   RW          829    .bss.Fsid           ff.o
    0x200052c2   0x000001ec   0x00000006   PAD
    0x200052c8        -       0x00000014   Zero   RW          615    .bss.Identify_Appliance_In_SD.best_name  appliance_identification.o
    0x200052dc        -       0x00001028   Zero   RW          614    .bss.Identify_Appliance_In_SD.fil  appliance_identification.o
    0x20006304        -       0x00000004   Zero   RW          877    .bss.SystemCoreClock  system.o
    0x20006308        -       0x00000001   Zero   RW          132    .bss.Uart2_Num      bsp_wifi_esp8266.o
    0x20006309        -       0x00000001   Zero   RW          131    .bss.Uart2_Send_Flag  bsp_wifi_esp8266.o
    0x2000630a        -       0x00001000   Zero   RW          187    .bss.cmd_rx_buf     circle_buf.o
    0x2000730a   0x000001ec   0x00000002   PAD
    0x2000730c        -       0x00000004   Zero   RW          448    .bss.dwTick         systick.o
    0x20007310        -       0x00001038   Zero   RW          103    .bss.fs             hal_entry.o
    0x20008348        -       0x00000018   Zero   RW          190    .bss.g_BL0942_rx_buf  circle_buf.o
    0x20008360        -       0x00000001   Zero   RW          491    .bss.g_active_channel  uart_hlw.o
    0x20008361   0x000001ec   0x00000003   PAD
    0x20008364        -       0x00000030   Zero   RW          609    .bss.g_ai_ctrl      appliance_identification.o
    0x20008394        -       0x00000001   Zero   RW          490    .bss.g_bl0942_frame_ready  uart_hlw.o
    0x20008395        -       0x00000001   Zero   RW          488    .bss.g_bl0942_rx_count  uart_hlw.o
    0x20008396   0x000001ec   0x00000002   PAD
    0x20008398        -       0x00000017   Zero   RW          489    .bss.g_bl0942_rx_frame  uart_hlw.o
    0x200083af   0x000001ec   0x00000001   PAD
    0x200083b0        -       0x00000004   Zero   RW          492    .bss.g_bl_deadline_tick  uart_hlw.o
    0x200083b4        -       0x00000004   Zero   RW          487    .bss.g_bl_poll_state  uart_hlw.o
    0x200083b8        -       0x00000038   Zero   RW          950    .bss.g_bsp_group_irq_sources  bsp_group_irq.o
    0x200083f0        -       0x00000004   Zero   RW          553    .bss.g_card_erase_complete  bsp_sdhi_sdcard.o
    0x200083f4        -       0x00000001   Zero   RW          554    .bss.g_card_inserted  bsp_sdhi_sdcard.o
    0x200083f5        -       0x00000300   Zero   RW          146    .bss.g_cmd_line_buf  bsp_wifi_esp8266.o
    0x200086f5   0x000001ec   0x00000001   PAD
    0x200086f6        -       0x00000002   Zero   RW          145    .bss.g_cmd_line_len  bsp_wifi_esp8266.o
    0x200086f8        -       0x00000001   Zero   RW          144    .bss.g_cmd_line_overflow  bsp_wifi_esp8266.o
    0x200086f9   0x000001ec   0x00000003   PAD
    0x200086fc        -       0x00000018   Zero   RW          186    .bss.g_cmd_rx_buf   circle_buf.o
    0x20008714        -       0x000011ac   Zero   RW          613    .bss.g_commit_sm    appliance_identification.o
    0x200098c0        -       0x00000070   Zero   RW          612    .bss.g_commit_task  appliance_identification.o
    0x20009930        -       0x00000008   Zero   RW         1300    .bss.g_elc_ctrl     common_data.o
    0x20009938        -       0x00000050   Zero   RW          493    .bss.g_evt_det      uart_hlw.o
    0x20009988        -       0x00000001   Zero   RW          495    .bss.g_evt_inited   uart_hlw.o
    0x20009989        -       0x00000001   Zero   RW          416    .bss.g_force_upload_flag  cjson_handle.o
    0x2000998a   0x000001ec   0x00000002   PAD
    0x2000998c        -       0x00000018   Zero   RW          188    .bss.g_http_rx_buf  circle_buf.o
    0x200099a4        -       0x00000008   Zero   RW         1302    .bss.g_ioport_ctrl  common_data.o
    0x200099ac        -       0x00000004   Zero   RW          517    .bss.g_key_single_event  key.o
    0x200099b0        -       0x00000004   Zero   RW          417    .bss.g_last_report_tick  cjson_handle.o
    0x200099b4        -       0x00000004   Zero   RW          418    .bss.g_last_upload_tick  cjson_handle.o
    0x200099b8        -       0x00000010   Zero   RW          494    .bss.g_lowpower_log_tick  uart_hlw.o
    0x200099c8        -       0x00000100   Zero   RW          680    .bss.g_net_conn_cmd_buf  softap_connect_wifi.o
    0x20009ac8        -       0x00000004   Zero   RW          678    .bss.g_net_conn_deadline  softap_connect_wifi.o
    0x20009acc        -       0x00000004   Zero   RW          677    .bss.g_net_conn_state  softap_connect_wifi.o
    0x20009ad0        -       0x00000004   Zero   RW          673    .bss.g_net_next_retry_tick  softap_connect_wifi.o
    0x20009ad4        -       0x00000001   Zero   RW          671    .bss.g_net_ready    softap_connect_wifi.o
    0x20009ad5        -       0x00000001   Zero   RW          672    .bss.g_net_retry_idx  softap_connect_wifi.o
    0x20009ad6   0x000001ec   0x00000002   PAD
    0x20009ad8        -       0x000000d0   Zero   RW          611    .bss.g_pending      appliance_identification.o
    0x20009ba8        -       0x0000000a   Zero   RW          984    .bss.g_protect_counters  bsp_register_protection.o
    0x20009bb2   0x000001ec   0x00000002   PAD
    0x20009bb4        -       0x00000004   Zero   RW          960    .bss.g_protect_pfswe_counter  bsp_io.o
    0x20009bb8        -       0x00000001   Zero   RW          681    .bss.g_provision_ready  softap_connect_wifi.o
    0x20009bb9   0x000001ec   0x00000003   PAD
    0x20009bbc        -       0x00000030   Zero   RW          537    .bss.g_relay_pulse  relay.o
    0x20009bec        -       0x00000020   Zero   RW          610    .bss.g_replug       appliance_identification.o
    0x20009c0c        -       0x00000018   Zero   RW          184    .bss.g_rx_buf       circle_buf.o
    0x20009c24        -       0x0000024c   Zero   RW         1325    .bss.g_sdmmc0_ctrl  hal_data.o
    0x20009e70        -       0x00000004   Zero   RW          686    .bss.g_softap_cfg_deadline  softap_connect_wifi.o
    0x20009e74        -       0x00000004   Zero   RW          685    .bss.g_softap_cfg_state  softap_connect_wifi.o
    0x20009e78        -       0x00000040   Zero   RW          700    .bss.g_softap_http_cmd_buf  softap_connect_wifi.o
    0x20009eb8        -       0x00000640   Zero   RW          699    .bss.g_softap_http_header_buf  softap_connect_wifi.o
    0x2000a4f8        -       0x000005b0   Zero   RW          698    .bss.g_softap_http_tx_active  softap_connect_wifi.o
    0x2000aaa8        -       0x00000004   Zero   RW          701    .bss.g_softap_http_tx_deadline  softap_connect_wifi.o
    0x2000aaac        -       0x00000001   Zero   RW          682    .bss.g_softap_http_tx_has_active  softap_connect_wifi.o
    0x2000aaad   0x000001ec   0x00000003   PAD
    0x2000aab0        -       0x00000b60   Zero   RW          697    .bss.g_softap_http_tx_q  softap_connect_wifi.o
    0x2000b610        -       0x00000001   Zero   RW          683    .bss.g_softap_http_tx_q_count  softap_connect_wifi.o
    0x2000b611        -       0x00000001   Zero   RW          687    .bss.g_softap_http_tx_q_head  softap_connect_wifi.o
    0x2000b612        -       0x00000001   Zero   RW          688    .bss.g_softap_http_tx_q_tail  softap_connect_wifi.o
    0x2000b613   0x000001ec   0x00000001   PAD
    0x2000b614        -       0x00000004   Zero   RW          684    .bss.g_softap_http_tx_state  softap_connect_wifi.o
    0x2000b618        -       0x00000001   Zero   RW          674    .bss.g_softap_provision_running  softap_connect_wifi.o
    0x2000b619   0x000001ec   0x00000003   PAD
    0x2000b61c        -       0x00000020   Zero   RW         1339    .bss.g_timer0_ctrl  hal_data.o
    0x2000b63c        -       0x00000020   Zero   RW         1322    .bss.g_timer1_ctrl  hal_data.o
    0x2000b65c        -       0x00000004   Zero   RW          552    .bss.g_transfer_complete  bsp_sdhi_sdcard.o
    0x2000b660        -       0x00000018   Zero   RW         1328    .bss.g_transfer_sdhi_ctrl  hal_data.o
    0x2000b678        -       0x000002d2   Zero   RW          139    .bss.g_tx_active    bsp_wifi_esp8266.o
    0x2000b94a        -       0x000000a0   Zero   RW          140    .bss.g_tx_cmd_buf   bsp_wifi_esp8266.o
    0x2000b9ea   0x000001ec   0x00000002   PAD
    0x2000b9ec        -       0x00000004   Zero   RW          143    .bss.g_tx_deadline  bsp_wifi_esp8266.o
    0x2000b9f0        -       0x00000001   Zero   RW          138    .bss.g_tx_has_active  bsp_wifi_esp8266.o
    0x2000b9f1        -       0x00000001   Zero   RW          147    .bss.g_tx_q_count   bsp_wifi_esp8266.o
    0x2000b9f2        -       0x00000001   Zero   RW          150    .bss.g_tx_q_head    bsp_wifi_esp8266.o
    0x2000b9f3        -       0x00000001   Zero   RW          149    .bss.g_tx_q_tail    bsp_wifi_esp8266.o
    0x2000b9f4        -       0x00000b48   Zero   RW          148    .bss.g_tx_queue     bsp_wifi_esp8266.o
    0x2000c53c        -       0x00000004   Zero   RW          137    .bss.g_tx_state     bsp_wifi_esp8266.o
    0x2000c540        -       0x00000030   Zero   RW         1349    .bss.g_uart0_ctrl   hal_data.o
    0x2000c570        -       0x00000030   Zero   RW         1344    .bss.g_uart2_esp8266_ctrl  hal_data.o
    0x2000c5a0        -       0x00000001   Zero   RW          133    .bss.g_uart2_opened  bsp_wifi_esp8266.o
    0x2000c5a1   0x000001ec   0x00000003   PAD
    0x2000c5a4        -       0x00000004   Zero   RW          135    .bss.g_uart2_rb_overflow_cnt  bsp_wifi_esp8266.o
    0x2000c5a8        -       0x00000004   Zero   RW          136    .bss.g_uart2_rb_overflow_last_print  bsp_wifi_esp8266.o
    0x2000c5ac        -       0x00000004   Zero   RW          134    .bss.g_uart2_rb_overflow_last_tick  bsp_wifi_esp8266.o
    0x2000c5b0        -       0x00000030   Zero   RW         1335    .bss.g_uart3_ctrl   hal_data.o
    0x2000c5e0        -       0x00000004   Zero   RW          486    .bss.g_uart3_tx_complete  uart_hlw.o
    0x2000c5e4        -       0x00000004   Zero   RW          386    .bss.global_error.0  cjson.o
    0x2000c5e8        -       0x00000004   Zero   RW          387    .bss.global_error.1  cjson.o
    0x2000c5ec        -       0x00000044   Zero   RW          970    .bss.gp_renesas_isr_context  bsp_irq.o
    0x2000c630        -       0x00000004   Zero   RW          423    .bss.handle_uart_json_stream.brace_count  cjson_handle.o
    0x2000c634        -       0x00000001   Zero   RW          425    .bss.handle_uart_json_stream.drop_current_frame  cjson_handle.o
    0x2000c635   0x000001ec   0x00000003   PAD
    0x2000c638        -       0x00000004   Zero   RW          426    .bss.handle_uart_json_stream.json_too_long_drop_cnt  cjson_handle.o
    0x2000c63c        -       0x00000004   Zero   RW          427    .bss.handle_uart_json_stream.json_too_long_last_print  cjson_handle.o
    0x2000c640        -       0x00000004   Zero   RW          428    .bss.handle_uart_json_stream.json_too_long_last_tick  cjson_handle.o
    0x2000c644        -       0x00000004   Zero   RW          424    .bss.handle_uart_json_stream.last_byte_time  cjson_handle.o
    0x2000c648        -       0x00000002   Zero   RW          422    .bss.handle_uart_json_stream.pos  cjson_handle.o
    0x2000c64a        -       0x00001000   Zero   RW          189    .bss.http_rx_buf    circle_buf.o
    0x2000d64a        -       0x00000200   Zero   RW          429    .bss.json_process_buf  cjson_handle.o
    0x2000d84a   0x000001ec   0x00000002   PAD
    0x2000d84c        -       0x00000080   Zero   RW          515    .bss.key            key.o
    0x2000d8cc        -       0x00000004   Zero   RW          631    .bss.last_dbg       event_detector.o
    0x2000d8d0        -       0x00000018   Zero   RW          555    .bss.my_sdmmc_device  bsp_sdhi_sdcard.o
    0x2000d8e8        -       0x00000004   Zero   RW          516    .bss.num            key.o
    0x2000d8ec        -       0x00000004   Zero   RW          104    .bss.res_sd         hal_entry.o
    0x2000d8f0        -       0x00001000   Zero   RW          185    .bss.rx_buf         circle_buf.o
    0x2000e8f0        -       0x00000040   Zero   RW          689    .bss.softap_provision_task.ipd_hdr  softap_connect_wifi.o
    0x2000e930        -       0x00000002   Zero   RW          690    .bss.softap_provision_task.ipd_hdr_len  softap_connect_wifi.o
    0x2000e932        -       0x00000300   Zero   RW          691    .bss.softap_provision_task.ipd_payload  softap_connect_wifi.o
    0x2000ec32        -       0x00000002   Zero   RW          692    .bss.softap_provision_task.ipd_payload_len  softap_connect_wifi.o
    0x2000ec34        -       0x00000001   Zero   RW          695    .bss.softap_provision_task.ipd_payload_mode  softap_connect_wifi.o
    0x2000ec35   0x000001ec   0x00000003   PAD
    0x2000ec38        -       0x00000004   Zero   RW          693    .bss.softap_provision_task.ipd_payload_need  softap_connect_wifi.o
    0x2000ec3c        -       0x00000001   Zero   RW          165    .bss.uart_send_complete_flag  bsp_debug_uart.o
    0x2000ec3d   0x000001ec   0x00000003   PAD
    0x2000ec40        -       0x00000004   Zero   RW          419    .bss.upload_strip_status.s_last_upload_tick  cjson_handle.o
    0x2000ec44        -       0x00000004   Zero   RW          421    .bss.upload_strip_status.s_status_perf_tick  cjson_handle.o


    Execution Region __ram_thread_stack (Exec base: 0x2000ec48, Load base: 0x000001ec, Size: 0x00000000, Max: 0xffffffff, ABSOLUTE, UNINIT)

    **** No section assigned to this execution region ****


    Execution Region __ddsc_RAM_END (Exec base: 0x2000ee00, Load base: 0x000001ec, Size: 0x00000000, Max: 0x00000000, ABSOLUTE)

    Exec Addr    Load Addr    Size         Type   Attr      Idx    E Section Name        Object

    0x2000ee00        -       0x00000000   Zero   RW           26    __ddsc_RAM_END.bss  anon$$obj.o


    Execution Region .ram.endof (Exec base: 0x2000ee00, Load base: 0x000001ec, Size: 0x00000000, Max: 0x00000000, ABSOLUTE)

    Exec Addr    Load Addr    Size         Type   Attr      Idx    E Section Name        Object

    0x2000ee00        -       0x00000000   Zero   RW           27    .ram.endof.bss      anon$$obj.o


    Execution Region __RAM_end (Exec base: 0x2000ee00, Load base: 0x000001ec, Size: 0x00000000, Max: 0x00000000, ABSOLUTE)

    Exec Addr    Load Addr    Size         Type   Attr      Idx    E Section Name        Object

    0x2000ee00        -       0x00000000   Zero   RW           28    __RAM_end.bss       anon$$obj.o



  Load Region LOAD_REGION_FLASH_JUMP (Base: 0x000001f0, Size: 0x00022354, Max: 0xffffffff, ABSOLUTE)

    Execution Region __flash_readonly (Exec base: 0x000001f0, Load base: 0x000001f0, Size: 0x00022354, Max: 0xffffffff, ABSOLUTE, FIXED)

    Exec Addr    Load Addr    Size         Type   Attr      Idx    E Section Name        Object

    0x000001f0   0x000001f0   0x00000062   Code   RO         1393    .text               mc_w.l(uldiv.o)
    0x00000252   0x00000252   0x0000000c   Code   RO         1397    .text               mc_w.l(tolower.o)
    0x0000025e   0x0000025e   0x00000040   Code   RO         1404    .text               mc_w.l(memmovea.o)
    0x0000029e   0x0000029e   0x00000024   Code   RO         1406    .text               mc_w.l(memseta.o)
    0x000002c2   0x000002c2   0x00000024   Code   RO         1408    .text               mc_w.l(strstr.o)
    0x000002e6   0x000002e6   0x00000018   Code   RO         1410    .text               mc_w.l(strncpy.o)
    0x000002fe   0x000002fe   0x00000014   Code   RO         1412    .text               mc_w.l(strchr.o)
    0x00000312   0x00000312   0x0000000e   Code   RO         1414    .text               mc_w.l(strlen.o)
    0x00000320   0x00000320   0x0000001c   Code   RO         1416    .text               mc_w.l(strcmp.o)
    0x0000033c   0x0000033c   0x00000014   Code   RO         1418    .text               mc_w.l(memchr.o)
    0x00000350   0x00000350   0x0000001a   Code   RO         1420    .text               mc_w.l(memcmp.o)
    0x0000036a   0x0000036a   0x0000001e   Code   RO         1424    .text               mc_w.l(strncmp.o)
    0x00000388   0x00000388   0x00000016   Code   RO         1426    .text               mc_w.l(strrchr.o)
    0x0000039e   0x0000039e   0x00000002   PAD
    0x000003a0   0x000003a0   0x00000038   Code   RO         1721    .text               mc_w.l(__0sscanf.o)
    0x000003d8   0x000003d8   0x0000014c   Code   RO         1723    .text               mc_w.l(_scanf_int.o)
    0x00000524   0x00000524   0x000000e0   Code   RO         1725    .text               mc_w.l(_scanf_str.o)
    0x00000604   0x00000604   0x00000360   Code   RO         1727    .text               mc_w.l(scanf_fp.o)
    0x00000964   0x00000964   0x0000014e   Code   RO         1732    .text               mf_w.l(dadd.o)
    0x00000ab2   0x00000ab2   0x000000e4   Code   RO         1734    .text               mf_w.l(dmul.o)
    0x00000b96   0x00000b96   0x000000de   Code   RO         1736    .text               mf_w.l(ddiv.o)
    0x00000c74   0x00000c74   0x00000036   Code   RO         1738    .text               mf_w.l(dcmple.o)
    0x00000caa   0x00000caa   0x00000036   Code   RO         1740    .text               mf_w.l(dcmplt.o)
    0x00000ce0   0x00000ce0   0x00000036   Code   RO         1742    .text               mf_w.l(dcmpge.o)
    0x00000d16   0x00000d16   0x00000036   Code   RO         1744    .text               mf_w.l(dcmpgt.o)
    0x00000d4c   0x00000d4c   0x00000038   Code   RO         1746    .text               mf_w.l(dcmpeq.o)
    0x00000d84   0x00000d84   0x00000022   Code   RO         1748    .text               mf_w.l(dflti.o)
    0x00000da6   0x00000da6   0x0000001a   Code   RO         1750    .text               mf_w.l(dfltui.o)
    0x00000dc0   0x00000dc0   0x0000003e   Code   RO         1752    .text               mf_w.l(dfixi.o)
    0x00000dfe   0x00000dfe   0x00000032   Code   RO         1754    .text               mf_w.l(dfixui.o)
    0x00000e30   0x00000e30   0x00000026   Code   RO         1756    .text               mf_w.l(f2d.o)
    0x00000e56   0x00000e56   0x00000038   Code   RO         1758    .text               mf_w.l(d2f.o)
    0x00000e8e   0x00000e8e   0x0000002c   Code   RO         1770    .text               mc_w.l(uidiv.o)
    0x00000eba   0x00000eba   0x0000001e   Code   RO         1772    .text               mc_w.l(llshl.o)
    0x00000ed8   0x00000ed8   0x00000020   Code   RO         1774    .text               mc_w.l(llushr.o)
    0x00000ef8   0x00000ef8   0x00000024   Code   RO         1776    .text               mc_w.l(llsshr.o)
    0x00000f1c   0x00000f1c   0x0000001c   Code   RO         1780    .text               mc_w.l(_chval.o)
    0x00000f38   0x00000f38   0x00000028   Code   RO         1782    .text               mc_w.l(scanf_char.o)
    0x00000f60   0x00000f60   0x00000040   Code   RO         1784    .text               mc_w.l(_sgetc.o)
    0x00000fa0   0x00000fa0   0x000000a8   Code   RO         1786    .text               mc_w.l(strtod.o)
    0x00001048   0x00001048   0x00000000   Code   RO         1788    .text               mc_w.l(iusefp.o)
    0x00001048   0x00001048   0x0000006e   Code   RO         1789    .text               mf_w.l(fepilogue.o)
    0x000010b6   0x000010b6   0x000000ba   Code   RO         1791    .text               mf_w.l(depilogue.o)
    0x00001170   0x00001170   0x00000018   Code   RO         1793    .text               mf_w.l(dfltul.o)
    0x00001188   0x00001188   0x00000030   Code   RO         1795    .text               mf_w.l(dfixul.o)
    0x000011b8   0x000011b8   0x00000030   Code   RO         1797    .text               mf_w.l(cdrcmple.o)
    0x000011e8   0x000011e8   0x0000000a   Code   RO         1799    .text               mc_w.l(isspace_c.o)
    0x000011f2   0x000011f2   0x00000002   PAD
    0x000011f4   0x000011f4   0x0000032c   Code   RO         1801    .text               mc_w.l(_scanf.o)
    0x00001520   0x00001520   0x00000028   Code   RO         1803    .text               mc_w.l(ctype_c.o)
    0x00001548   0x00001548   0x00000474   Code   RO          595    .text.AI_Commit_Task  appliance_identification.o
    0x000019bc   0x000019bc   0x00000228   Code   RO          605    .text.AI_Recognition_Engine  appliance_identification.o
    0x00001be4   0x00001be4   0x0000008a   Code   RO          601    .text.AI_Replug_Task  appliance_identification.o
    0x00001c6e   0x00001c6e   0x00000070   Code   RO          593    .text.AI_Request_Commit_Pending  appliance_identification.o
    0x00001cde   0x00001cde   0x000000ac   Code   RO          599    .text.AI_Request_Relearn_Replug  appliance_identification.o
    0x00001d8a   0x00001d8a   0x00000022   Code   RO          585    .text.AI_Reset      appliance_identification.o
    0x00001dac   0x00001dac   0x00000074   Code   RO          583    .text.AI_Trigger_Sampling  appliance_identification.o
    0x00001e20   0x00001e20   0x0000014c   Code   RO          477    .text.BL0942_Poll_Task  uart_hlw.o
    0x00001f6c   0x00001f6c   0x00000032   Code   RO          180    .text.BL0942_circlebuf_init  circle_buf.o
    0x00001f9e   0x00001f9e   0x00000002   PAD
    0x00001fa0   0x00001fa0   0x00000448   Code   RO          479    .text.Data_Processing  uart_hlw.o
    0x000023e8   0x000023e8   0x00000014   Code   RO          159    .text.Debug_UART0_Init  bsp_debug_uart.o
    0x000023fc   0x000023fc   0x00000004   Code   RO          859    .text.Default_Handler  startup.o
    0x00002400   0x00002400   0x00000058   Code   RO          467    .text.ELCDrvInit    uart_hlw.o
    0x00002458   0x00002458   0x0000002a   Code   RO          127    .text.ESP8266_AT_Send  bsp_wifi_esp8266.o
    0x00002482   0x00002482   0x00000002   PAD
    0x00002484   0x00002484   0x00000318   Code   RO          119    .text.ESP8266_TxTask  bsp_wifi_esp8266.o
    0x0000279c   0x0000279c   0x00000028   Code   RO          125    .text.ESP8266_UART2_Init  bsp_wifi_esp8266.o
    0x000027c4   0x000027c4   0x00000016   Code   RO          627    .text.EventDetector_Init  event_detector.o
    0x000027da   0x000027da   0x00000002   PAD
    0x000027dc   0x000027dc   0x00000214   Code   RO          629    .text.EventDetector_Update  event_detector.o
    0x000029f0   0x000029f0   0x00000060   Code   RO          465    .text.GPTDrvInit_elc  uart_hlw.o
    0x00002a50   0x00002a50   0x0000000c   Code   RO          444    .text.HAL_GetTick   systick.o
    0x00002a5c   0x00002a5c   0x00000308   Code   RO          607    .text.Identify_Appliance_In_SD  appliance_identification.o
    0x00002d64   0x00002d64   0x00000060   Code   RO          511    .text.Key_GPT_Init  key.o
    0x00002dc4   0x00002dc4   0x0000003c   Code   RO          509    .text.Key_Task      key.o
    0x00002e00   0x00002e00   0x0000003c   Code   RO          647    .text.NET_Manager_Init  softap_connect_wifi.o
    0x00002e3c   0x00002e3c   0x0000000c   Code   RO          655    .text.NET_Manager_IsProvisioningRunning  softap_connect_wifi.o
    0x00002e48   0x00002e48   0x0000000c   Code   RO          651    .text.NET_Manager_IsReady  softap_connect_wifi.o
    0x00002e54   0x00002e54   0x000008c8   Code   RO          649    .text.NET_Manager_Task  softap_connect_wifi.o
    0x0000371c   0x0000371c   0x00000044   Code   RO          948    .text.NMI_Handler   bsp_group_irq.o
    0x00003760   0x00003760   0x0000007a   Code   RO          906    .text.R_BSP_Init_RTC  bsp_clocks.o
    0x000037da   0x000037da   0x0000004e   Code   RO          982    .text.R_BSP_RegisterProtectDisable  bsp_register_protection.o
    0x00003828   0x00003828   0x00000052   Code   RO          980    .text.R_BSP_RegisterProtectEnable  bsp_register_protection.o
    0x0000387a   0x0000387a   0x00000058   Code   RO          934    .text.R_BSP_SoftwareDelay  bsp_delay.o
    0x000038d2   0x000038d2   0x0000000e   Code   RO          904    .text.R_BSP_SourceClockHzGet  bsp_clocks.o
    0x000038e0   0x000038e0   0x00000002   Code   RO          900    .text.R_BSP_SubClockStabilizeWaitAfterReset  bsp_clocks.o
    0x000038e2   0x000038e2   0x0000001c   Code   RO          100    .text.R_BSP_WarmStart  hal_entry.o
    0x000038fe   0x000038fe   0x0000000a   Code   RO         1054    .text.R_DMAC_CallbackSet  r_dmac.o
    0x00003908   0x00003908   0x0000005c   Code   RO         1050    .text.R_DMAC_Close  r_dmac.o
    0x00003964   0x00003964   0x00000028   Code   RO         1042    .text.R_DMAC_Disable  r_dmac.o
    0x0000398c   0x0000398c   0x0000000a   Code   RO         1040    .text.R_DMAC_Enable  r_dmac.o
    0x00003996   0x00003996   0x0000002c   Code   RO         1048    .text.R_DMAC_InfoGet  r_dmac.o
    0x000039c2   0x000039c2   0x00000060   Code   RO         1034    .text.R_DMAC_Open   r_dmac.o
    0x00003a22   0x00003a22   0x00000012   Code   RO         1036    .text.R_DMAC_Reconfigure  r_dmac.o
    0x00003a34   0x00003a34   0x00000004   Code   RO         1052    .text.R_DMAC_Reload  r_dmac.o
    0x00003a38   0x00003a38   0x00000064   Code   RO         1038    .text.R_DMAC_Reset  r_dmac.o
    0x00003a9c   0x00003a9c   0x0000000c   Code   RO         1044    .text.R_DMAC_SoftwareStart  r_dmac.o
    0x00003aa8   0x00003aa8   0x0000000a   Code   RO         1046    .text.R_DMAC_SoftwareStop  r_dmac.o
    0x00003ab2   0x00003ab2   0x00000012   Code   RO         1071    .text.R_ELC_Close   r_elc.o
    0x00003ac4   0x00003ac4   0x00000010   Code   RO         1081    .text.R_ELC_Disable  r_elc.o
    0x00003ad4   0x00003ad4   0x00000010   Code   RO         1079    .text.R_ELC_Enable  r_elc.o
    0x00003ae4   0x00003ae4   0x00000012   Code   RO         1077    .text.R_ELC_LinkBreak  r_elc.o
    0x00003af6   0x00003af6   0x00000010   Code   RO         1075    .text.R_ELC_LinkSet  r_elc.o
    0x00003b06   0x00003b06   0x00000002   PAD
    0x00003b08   0x00003b08   0x00000064   Code   RO         1069    .text.R_ELC_Open    r_elc.o
    0x00003b6c   0x00003b6c   0x0000001e   Code   RO         1073    .text.R_ELC_SoftwareEventGenerate  r_elc.o
    0x00003b8a   0x00003b8a   0x0000000e   Code   RO         1114    .text.R_GPT_CallbackSet  r_gpt.o
    0x00003b98   0x00003b98   0x00000124   Code   RO         1116    .text.R_GPT_Close   r_gpt.o
    0x00003cbc   0x00003cbc   0x0000001c   Code   RO         1108    .text.R_GPT_CompareMatchSet  r_gpt.o
    0x00003cd8   0x00003cd8   0x0000001e   Code   RO         1102    .text.R_GPT_Disable  r_gpt.o
    0x00003cf6   0x00003cf6   0x00000004   Code   RO         1106    .text.R_GPT_DutyCycleSet  r_gpt.o
    0x00003cfa   0x00003cfa   0x00000036   Code   RO         1100    .text.R_GPT_Enable  r_gpt.o
    0x00003d30   0x00003d30   0x00000040   Code   RO         1110    .text.R_GPT_InfoGet  r_gpt.o
    0x00003d70   0x00003d70   0x0000034a   Code   RO         1092    .text.R_GPT_Open    r_gpt.o
    0x000040ba   0x000040ba   0x0000001a   Code   RO         1104    .text.R_GPT_PeriodSet  r_gpt.o
    0x000040d4   0x000040d4   0x0000000a   Code   RO         1098    .text.R_GPT_Reset   r_gpt.o
    0x000040de   0x000040de   0x0000000a   Code   RO         1094    .text.R_GPT_Start   r_gpt.o
    0x000040e8   0x000040e8   0x00000012   Code   RO         1112    .text.R_GPT_StatusGet  r_gpt.o
    0x000040fa   0x000040fa   0x0000000a   Code   RO         1096    .text.R_GPT_Stop    r_gpt.o
    0x00004104   0x00004104   0x0000000a   Code   RO         1157    .text.R_IOPORT_Close  r_ioport.o
    0x0000410e   0x0000410e   0x00000016   Code   RO         1155    .text.R_IOPORT_Open  r_ioport.o
    0x00004124   0x00004124   0x000000b2   Code   RO         1161    .text.R_IOPORT_PinCfg  r_ioport.o
    0x000041d6   0x000041d6   0x00000028   Code   RO         1163    .text.R_IOPORT_PinEventInputRead  r_ioport.o
    0x000041fe   0x000041fe   0x00000052   Code   RO         1165    .text.R_IOPORT_PinEventOutputWrite  r_ioport.o
    0x00004250   0x00004250   0x00000022   Code   RO         1167    .text.R_IOPORT_PinRead  r_ioport.o
    0x00004272   0x00004272   0x00000028   Code   RO         1169    .text.R_IOPORT_PinWrite  r_ioport.o
    0x0000429a   0x0000429a   0x0000000c   Code   RO         1159    .text.R_IOPORT_PinsCfg  r_ioport.o
    0x000042a6   0x000042a6   0x0000002c   Code   RO         1171    .text.R_IOPORT_PortDirectionSet  r_ioport.o
    0x000042d2   0x000042d2   0x00000018   Code   RO         1173    .text.R_IOPORT_PortEventInputRead  r_ioport.o
    0x000042ea   0x000042ea   0x00000020   Code   RO         1175    .text.R_IOPORT_PortEventOutputWrite  r_ioport.o
    0x0000430a   0x0000430a   0x00000016   Code   RO         1177    .text.R_IOPORT_PortRead  r_ioport.o
    0x00004320   0x00004320   0x00000020   Code   RO         1179    .text.R_IOPORT_PortWrite  r_ioport.o
    0x00004340   0x00004340   0x00000022   Code   RO         1204    .text.R_SCI_UART_Abort  r_sci_uart.o
    0x00004362   0x00004362   0x00000068   Code   RO         1200    .text.R_SCI_UART_BaudSet  r_sci_uart.o
    0x000043ca   0x000043ca   0x0000000e   Code   RO         1206    .text.R_SCI_UART_CallbackSet  r_sci_uart.o
    0x000043d8   0x000043d8   0x000000a6   Code   RO         1208    .text.R_SCI_UART_Close  r_sci_uart.o
    0x0000447e   0x0000447e   0x0000000c   Code   RO         1202    .text.R_SCI_UART_InfoGet  r_sci_uart.o
    0x0000448a   0x0000448a   0x0000033c   Code   RO         1194    .text.R_SCI_UART_Open  r_sci_uart.o
    0x000047c6   0x000047c6   0x0000000a   Code   RO         1196    .text.R_SCI_UART_Read  r_sci_uart.o
    0x000047d0   0x000047d0   0x0000000e   Code   RO         1210    .text.R_SCI_UART_ReadStop  r_sci_uart.o
    0x000047de   0x000047de   0x00000004   Code   RO         1214    .text.R_SCI_UART_ReceiveResume  r_sci_uart.o
    0x000047e2   0x000047e2   0x00000004   Code   RO         1212    .text.R_SCI_UART_ReceiveSuspend  r_sci_uart.o
    0x000047e6   0x000047e6   0x0000004c   Code   RO         1198    .text.R_SCI_UART_Write  r_sci_uart.o
    0x00004832   0x00004832   0x00000002   PAD
    0x00004834   0x00004834   0x000002ba   Code   RO         1241    .text.R_SDHI_MediaInit  r_sdhi.o
    0x00004aee   0x00004aee   0x00000116   Code   RO         1239    .text.R_SDHI_Open   r_sdhi.o
    0x00004c04   0x00004c04   0x00000078   Code   RO         1243    .text.R_SDHI_Read   r_sdhi.o
    0x00004c7c   0x00004c7c   0x00000034   Code   RO         1257    .text.R_SDHI_StatusGet  r_sdhi.o
    0x00004cb0   0x00004cb0   0x000000f6   Code   RO         1245    .text.R_SDHI_Write  r_sdhi.o
    0x00004da6   0x00004da6   0x00000002   PAD
    0x00004da8   0x00004da8   0x000000b4   Code   RO          534    .text.Relay_Reset_All  relay.o
    0x00004e5c   0x00004e5c   0x00000018   Code   RO          530    .text.Relay_Set_OFF  relay.o
    0x00004e74   0x00004e74   0x00000016   Code   RO          526    .text.Relay_Set_ON  relay.o
    0x00004e8a   0x00004e8a   0x00000002   PAD
    0x00004e8c   0x00004e8c   0x00000054   Code   RO          532    .text.Relay_Task    relay.o
    0x00004ee0   0x00004ee0   0x0000000a   Code   RO          857  * .text.Reset_Handler  startup.o
    0x00004eea   0x00004eea   0x00000030   Code   RO          546    .text.SDCard_Init   bsp_sdhi_sdcard.o
    0x00004f1a   0x00004f1a   0x00000002   PAD
    0x00004f1c   0x00004f1c   0x000000f0   Code   RO          123    .text.Send_Data_Raw  bsp_wifi_esp8266.o
    0x0000500c   0x0000500c   0x000000dc   Code   RO          587    .text.Socket_Command_Handler  appliance_identification.o
    0x000050e8   0x000050e8   0x00000010   Code   RO          442    .text.SysTick_Handler  systick.o
    0x000050f8   0x000050f8   0x0000002c   Code   RO          890    .text.SystemCoreClockUpdate  bsp_clocks.o
    0x00005124   0x00005124   0x000000a2   Code   RO          871    .text.SystemInit    system.o
    0x000051c6   0x000051c6   0x00000002   PAD
    0x000051c8   0x000051c8   0x0000005a   Code   RO          875    .text.SystemRuntimeInit  system.o
    0x00005222   0x00005222   0x00000046   Code   RO          440    .text.SystickInit   systick.o
    0x00005268   0x00005268   0x00000078   Code   RO          401    .text.Upload_Status_Task  cjson_handle.o
    0x000052e0   0x000052e0   0x00000004   Code   RO          115    .text.WiFi_Init     bsp_wifi_esp8266.o
    0x000052e4   0x000052e4   0x00000004   Code   RO          121    .text.WiFi_RequestPublish  bsp_wifi_esp8266.o
    0x000052e8   0x000052e8   0x00000012   Code   RO          117    .text.WiFi_ServiceTask  bsp_wifi_esp8266.o
    0x000052fa   0x000052fa   0x00000002   PAD
    0x000052fc   0x000052fc   0x00000006   Code   RO          921    .text.__aeabi_assert  bsp_common.o
    0x00005302   0x00005302   0x00000030   Code   RO          260    .text.add_item_to_array  cjson.o
    0x00005332   0x00005332   0x0000007e   Code   RO          264    .text.add_item_to_object  cjson.o
    0x000053b0   0x000053b0   0x0000012a   Code   RO          896    .text.bsp_clock_init  bsp_clocks.o
    0x000054da   0x000054da   0x00000002   Code   RO          917    .text.bsp_init_internal  bsp_common.o
    0x000054dc   0x000054dc   0x0000008a   Code   RO          967    .text.bsp_irq_cfg   bsp_irq.o
    0x00005566   0x00005566   0x00000008   Code   RO          936    .text.bsp_prv_software_delay_loop  bsp_delay.o
    0x0000556e   0x0000556e   0x00000002   PAD
    0x00005570   0x00005570   0x000000d8   Code   RO         1183    .text.bsp_vbatt_init  r_ioport.o
    0x00005648   0x00005648   0x00000032   Code   RO          228    .text.buffer_skip_whitespace  cjson.o
    0x0000567a   0x0000567a   0x0000004a   Code   RO          284    .text.cJSON_AddBoolToObject  cjson.o
    0x000056c4   0x000056c4   0x00000004   Code   RO          258    .text.cJSON_AddItemToArray  cjson.o
    0x000056c8   0x000056c8   0x00000006   Code   RO          262    .text.cJSON_AddItemToObject  cjson.o
    0x000056ce   0x000056ce   0x00000002   PAD
    0x000056d0   0x000056d0   0x000000a8   Code   RO          288    .text.cJSON_AddNumberToObject  cjson.o
    0x00005778   0x00005778   0x00000028   Code   RO          292    .text.cJSON_AddStringToObject  cjson.o
    0x000057a0   0x000057a0   0x00000024   Code   RO          306    .text.cJSON_CreateArray  cjson.o
    0x000057c4   0x000057c4   0x00000024   Code   RO          302    .text.cJSON_CreateObject  cjson.o
    0x000057e8   0x000057e8   0x00000054   Code   RO          294    .text.cJSON_CreateString  cjson.o
    0x0000583c   0x0000583c   0x00000058   Code   RO          214    .text.cJSON_Delete  cjson.o
    0x00005894   0x00005894   0x00000006   Code   RO          250    .text.cJSON_GetObjectItem  cjson.o
    0x0000589a   0x0000589a   0x00000014   Code   RO          208    .text.cJSON_IsNumber  cjson.o
    0x000058ae   0x000058ae   0x00000014   Code   RO          366    .text.cJSON_IsObject  cjson.o
    0x000058c2   0x000058c2   0x00000014   Code   RO          204    .text.cJSON_IsString  cjson.o
    0x000058d6   0x000058d6   0x00000008   Code   RO          230    .text.cJSON_Parse   cjson.o
    0x000058de   0x000058de   0x00000002   PAD
    0x000058e0   0x000058e0   0x00000100   Code   RO          224    .text.cJSON_ParseWithLengthOpts  cjson.o
    0x000059e0   0x000059e0   0x00000022   Code   RO          222    .text.cJSON_ParseWithOpts  cjson.o
    0x00005a02   0x00005a02   0x00000006   Code   RO          238    .text.cJSON_PrintUnformatted  cjson.o
    0x00005a08   0x00005a08   0x000000d0   Code   RO          811    .text.check_fs      ff.o
    0x00005ad8   0x00005ad8   0x00000026   Code   RO          176    .text.circlebuf_get  circle_buf.o
    0x00005afe   0x00005afe   0x00000072   Code   RO          174    .text.circlebuf_init  circle_buf.o
    0x00005b70   0x00005b70   0x00000028   Code   RO          178    .text.circlebuf_put  circle_buf.o
    0x00005b98   0x00005b98   0x0000011e   Code   RO          753    .text.create_chain  ff.o
    0x00005cb6   0x00005cb6   0x00000040   Code   RO          161    .text.debug_uart0_callback  bsp_debug_uart.o
    0x00005cf6   0x00005cf6   0x00000002   PAD
    0x00005cf8   0x00005cf8   0x00000066   Code   RO          789    .text.dir_clear     ff.o
    0x00005d5e   0x00005d5e   0x00000002   PAD
    0x00005d60   0x00005d60   0x00000174   Code   RO          813    .text.dir_find      ff.o
    0x00005ed4   0x00005ed4   0x000000f0   Code   RO          775    .text.dir_next      ff.o
    0x00005fc4   0x00005fc4   0x000002ce   Code   RO          739    .text.dir_register  ff.o
    0x00006292   0x00006292   0x00000002   PAD
    0x00006294   0x00006294   0x000000a0   Code   RO          765    .text.dir_sdi       ff.o
    0x00006334   0x00006334   0x000000ac   Code   RO          713    .text.disk_initialize  diskio.o
    0x000063e0   0x000063e0   0x0000005c   Code   RO          719    .text.disk_ioctl    diskio.o
    0x0000643c   0x0000643c   0x00000034   Code   RO          715    .text.disk_read     diskio.o
    0x00006470   0x00006470   0x0000000c   Code   RO          711    .text.disk_status   diskio.o
    0x0000647c   0x0000647c   0x00000034   Code   RO          717    .text.disk_write    diskio.o
    0x000064b0   0x000064b0   0x00000048   Code   RO         1058    .text.dmac_int_isr  r_dmac.o
    0x000064f8   0x000064f8   0x0000008e   Code   RO          382    .text.ensure        cjson.o
    0x00006586   0x00006586   0x00000002   PAD
    0x00006588   0x00006588   0x00000124   Code   RO          129    .text.esp8266_uart2_callback  bsp_wifi_esp8266.o
    0x000066ac   0x000066ac   0x0000006c   Code   RO          669    .text.extract_form_value  softap_connect_wifi.o
    0x00006718   0x00006718   0x00000084   Code   RO          667    .text.extract_json_string_value  softap_connect_wifi.o
    0x0000679c   0x0000679c   0x0000001e   Code   RO          759    .text.f_close       ff.o
    0x000067ba   0x000067ba   0x00000002   PAD
    0x000067bc   0x000067bc   0x00000188   Code   RO          797    .text.f_gets        ff.o
    0x00006944   0x00006944   0x00000184   Code   RO          761    .text.f_lseek       ff.o
    0x00006ac8   0x00006ac8   0x00000050   Code   RO          729    .text.f_mount       ff.o
    0x00006b18   0x00006b18   0x0000022c   Code   RO          735    .text.f_open        ff.o
    0x00006d44   0x00006d44   0x000001a2   Code   RO          747    .text.f_read        ff.o
    0x00006ee6   0x00006ee6   0x00000096   Code   RO          755    .text.f_sync        ff.o
    0x00006f7c   0x00006f7c   0x000001d0   Code   RO          751    .text.f_write       ff.o
    0x0000714c   0x0000714c   0x0000005a   Code   RO          840    .text.ff_uni2oem    ffunicode.o
    0x000071a6   0x000071a6   0x00000002   PAD
    0x000071a8   0x000071a8   0x000000a0   Code   RO          844    .text.ff_wtoupper   ffunicode.o
    0x00007248   0x00007248   0x0000004c   Code   RO          809    .text.find_volume   ff.o
    0x00007294   0x00007294   0x00000374   Code   RO          737    .text.follow_path   ff.o
    0x00007608   0x00007608   0x00000030   Code   RO          163    .text.fputc         bsp_debug_uart.o
    0x00007638   0x00007638   0x0000005e   Code   RO          550    .text.g_sdmmc0_callback  bsp_sdhi_sdcard.o
    0x00007696   0x00007696   0x00000006   Code   RO         1316    .text.g_sdmmc0_dmac_callback  hal_data.o
    0x0000769c   0x0000769c   0x00000102   Code   RO          745    .text.get_fat       ff.o
    0x0000779e   0x0000779e   0x00000002   PAD
    0x000077a0   0x000077a0   0x0000004c   Code   RO          731    .text.get_ldnumber  ff.o
    0x000077ec   0x000077ec   0x000000bc   Code   RO          252    .text.get_object_item  cjson.o
    0x000078a8   0x000078a8   0x000001be   Code   RO         1130    .text.gpt_counter_overflow_isr  r_gpt.o
    0x00007a66   0x00007a66   0x0000000c   Code   RO          513    .text.gpt_timer1_callback  key.o
    0x00007a72   0x00007a72   0x00000002   Code   RO          471    .text.gpt_uart_callback  uart_hlw.o
    0x00007a74   0x00007a74   0x00000060   Code   RO           98    .text.hal_entry     hal_entry.o
    0x00007ad4   0x00007ad4   0x000001e4   Code   RO          411    .text.handle_uart_json_stream  cjson_handle.o
    0x00007cb8   0x00007cb8   0x00000050   Code   RO          507    .text.key_control   key.o
    0x00007d08   0x00007d08   0x000000dc   Code   RO          505    .text.key_timHandler_callback  key.o
    0x00007de4   0x00007de4   0x0000000a   Code   RO         1359    .text.main          main.o
    0x00007dee   0x00007dee   0x0000023c   Code   RO          733    .text.mount_volume  ff.o
    0x0000802a   0x0000802a   0x00000038   Code   RO          743    .text.move_window   ff.o
    0x00008062   0x00008062   0x00000046   Code   RO          659    .text.net_connect_begin_command  softap_connect_wifi.o
    0x000080a8   0x000080a8   0x00000068   Code   RO          657    .text.net_connect_begin_sta_mode  softap_connect_wifi.o
    0x00008110   0x00008110   0x00000078   Code   RO          643    .text.net_connect_start  softap_connect_wifi.o
    0x00008188   0x00008188   0x0000076c   Code   RO          645    .text.net_connect_task  softap_connect_wifi.o
    0x000088f4   0x000088f4   0x00000050   Code   RO          380    .text.parse_hex4    cjson.o
    0x00008944   0x00008944   0x0000010e   Code   RO          378    .text.parse_object  cjson.o
    0x00008a52   0x00008a52   0x00000002   PAD
    0x00008a54   0x00008a54   0x00000030   Code   RO          409    .text.parse_socket_index  cjson_handle.o
    0x00008a84   0x00008a84   0x000001da   Code   RO          376    .text.parse_string  cjson.o
    0x00008c5e   0x00008c5e   0x00000002   PAD
    0x00008c60   0x00008c60   0x000002c0   Code   RO          226    .text.parse_value   cjson.o
    0x00008f20   0x00008f20   0x000000b2   Code   RO          236    .text.print         cjson.o
    0x00008fd2   0x00008fd2   0x00000002   PAD
    0x00008fd4   0x00008fd4   0x00000134   Code   RO          384    .text.print_string_ptr  cjson.o
    0x00009108   0x00009108   0x00000448   Code   RO          242    .text.print_value   cjson.o
    0x00009550   0x00009550   0x00000354   Code   RO          405    .text.process_cloud_cmd  cjson_handle.o
    0x000098a4   0x000098a4   0x0000013a   Code   RO          817    .text.put_fat       ff.o
    0x000099de   0x000099de   0x00000196   Code   RO         1056    .text.r_dmac_config_transfer_info  r_dmac.o
    0x00009b74   0x00009b74   0x000000c0   Code   RO         1181    .text.r_ioport_pins_config  r_ioport.o
    0x00009c34   0x00009c34   0x00000040   Code   RO         1220    .text.r_sci_uart_call_callback  r_sci_uart.o
    0x00009c74   0x00009c74   0x00000042   Code   RO         1287    .text.r_sdhi_bus_width_set  r_sdhi.o
    0x00009cb6   0x00009cb6   0x0000004e   Code   RO         1275    .text.r_sdhi_call_callback  r_sdhi.o
    0x00009d04   0x00009d04   0x00000054   Code   RO         1269    .text.r_sdhi_command_send  r_sdhi.o
    0x00009d58   0x00009d58   0x0000005c   Code   RO         1271    .text.r_sdhi_command_send_no_wait  r_sdhi.o
    0x00009db4   0x00009db4   0x00000058   Code   RO         1265    .text.r_sdhi_irq_enable  r_sdhi.o
    0x00009e0c   0x00009e0c   0x00000088   Code   RO         1285    .text.r_sdhi_max_clock_rate_set  r_sdhi.o
    0x00009e94   0x00009e94   0x00000088   Code   RO         1273    .text.r_sdhi_transfer_callback  r_sdhi.o
    0x00009f1c   0x00009f1c   0x00000082   Code   RO         1267    .text.r_sdhi_transfer_read  r_sdhi.o
    0x00009f9e   0x00009f9e   0x00000002   PAD
    0x00009fa0   0x00009fa0   0x00000044   Code   RO         1283    .text.r_sdhi_wait_for_event  r_sdhi.o
    0x00009fe4   0x00009fe4   0x0000005a   Code   RO          528    .text.relay_start_pulse  relay.o
    0x0000a03e   0x0000a03e   0x00000002   PAD
    0x0000a040   0x0000a040   0x00000084   Code   RO          741    .text.remove_chain  ff.o
    0x0000a0c4   0x0000a0c4   0x0000000e   Code   RO          399    .text.request_status_upload  cjson_handle.o
    0x0000a0d2   0x0000a0d2   0x0000006a   Code   RO         1226    .text.sci_uart_eri_isr  r_sci_uart.o
    0x0000a13c   0x0000a13c   0x00000088   Code   RO         1222    .text.sci_uart_rxi_isr  r_sci_uart.o
    0x0000a1c4   0x0000a1c4   0x0000004a   Code   RO         1224    .text.sci_uart_tei_isr  r_sci_uart.o
    0x0000a20e   0x0000a20e   0x00000088   Code   RO         1218    .text.sci_uart_txi_isr  r_sci_uart.o
    0x0000a296   0x0000a296   0x00000148   Code   RO         1277    .text.sdhimmc_accs_isr  r_sdhi.o
    0x0000a3de   0x0000a3de   0x00000074   Code   RO         1279    .text.sdhimmc_card_isr  r_sdhi.o
    0x0000a452   0x0000a452   0x00000002   PAD
    0x0000a454   0x0000a454   0x00000120   Code   RO          407    .text.send_ack      cjson_handle.o
    0x0000a574   0x0000a574   0x00000104   Code   RO          665    .text.softap_send_response_ex  softap_connect_wifi.o
    0x0000a678   0x0000a678   0x00000220   Code   RO          663    .text.softap_start  softap_connect_wifi.o
    0x0000a898   0x0000a898   0x00000180   Code   RO          661    .text.softap_stop   softap_connect_wifi.o
    0x0000aa18   0x0000aa18   0x00000082   Code   RO          757    .text.sync_fs       ff.o
    0x0000aa9a   0x0000aa9a   0x00000044   Code   RO          819    .text.sync_window   ff.o
    0x0000aade   0x0000aade   0x00000002   PAD
    0x0000aae0   0x0000aae0   0x000000c0   Code   RO          815    .text.tchar2uni     ff.o
    0x0000aba0   0x0000aba0   0x0000005c   Code   RO          473    .text.uart3_callback  uart_hlw.o
    0x0000abfc   0x0000abfc   0x000000ba   Code   RO          481    .text.uart_hlw_init  uart_hlw.o
    0x0000acb6   0x0000acb6   0x00000002   PAD
    0x0000acb8   0x0000acb8   0x0000024c   Code   RO          403    .text.upload_strip_status  cjson_handle.o
    0x0000af04   0x0000af04   0x00000030   Code   RO          749    .text.validate      ff.o
    0x0000af34   0x0000af34   0x00000020   Code   RO         1665    i.__0printf         mc_w.l(printfa.o)
    0x0000af54   0x0000af54   0x00000034   Code   RO         1666    i.__0snprintf       mc_w.l(printfa.o)
    0x0000af88   0x0000af88   0x00000028   Code   RO         1667    i.__0sprintf        mc_w.l(printfa.o)
    0x0000afb0   0x0000afb0   0x0000005c   Code   RO         1697    i.__free$realloc$2region  mc_w.l(mallocr2.o)
    0x0000b00c   0x0000b00c   0x00000004   PAD
    0x0000b010   0x0000b010   0x00000028   Code   RO         1381    i.__hardfp_strtod   m_wm.l(strtod.o)
    0x0000b038   0x0000b038   0x00000050   Code   RO         1698    i.__malloc$realloc$2region  mc_w.l(mallocr2.o)
    0x0000b088   0x0000b088   0x0000006c   Code   RO         1699    i.__realloc$2region  mc_w.l(mallocr2.o)
    0x0000b0f4   0x0000b0f4   0x00000184   Code   RO         1672    i._fp_digits        mc_w.l(printfa.o)
    0x0000b278   0x0000b278   0x0000000e   Code   RO         1730    i._is_digit         mc_w.l(scanf_fp.o)
    0x0000b286   0x0000b286   0x00000002   PAD
    0x0000b288   0x0000b288   0x000006dc   Code   RO         1673    i._printf_core      mc_w.l(printfa.o)
    0x0000b964   0x0000b964   0x00000024   Code   RO         1674    i._printf_post_padding  mc_w.l(printfa.o)
    0x0000b988   0x0000b988   0x0000002e   Code   RO         1675    i._printf_pre_padding  mc_w.l(printfa.o)
    0x0000b9b6   0x0000b9b6   0x00000016   Code   RO         1676    i._snputc           mc_w.l(printfa.o)
    0x0000b9cc   0x0000b9cc   0x0000000a   Code   RO         1677    i._sputc            mc_w.l(printfa.o)
    0x0000b9d6   0x0000b9d6   0x00000002   PAD
    0x0000b9d8   0x0000b9d8   0x00000050   Code   RO         1700    i.internal_alloc    mc_w.l(mallocr2.o)
    0x0000ba28   0x0000ba28   0x00000024   Code   RO         1389    i.puts              mc_w.l(puts.o)
    0x0000ba4c   0x0000ba4c   0x00000040   Data   RO         1804    .constdata          mc_w.l(ctype_c.o)
    0x0000ba8c   0x0000ba8c   0x0000000d   Data   RO          830    .rodata.LfnOfs      ff.o
    0x0000ba99   0x0000ba99   0x00000003   PAD
    0x0000ba9c   0x0000ba9c   0x00000030   Data   RO         1027    .rodata.copy_list   bsp_linker.o
    0x0000bacc   0x0000bacc   0x00000010   Data   RO          618    .rodata.cst16       appliance_identification.o
    0x0000badc   0x0000badc   0x00000020   Data   RO          536    .rodata.cst32       relay.o
    0x0000bafc   0x0000bafc   0x0000000c   Data   RO         1369    .rodata.g_bsp_pin_cfg  pin_data.o
    0x0000bb08   0x0000bb08   0x00000118   Data   RO         1368    .rodata.g_bsp_pin_cfg_data  pin_data.o
    0x0000bc20   0x0000bc20   0x0000000c   Data   RO         1301    .rodata.g_elc       common_data.o
    0x0000bc2c   0x0000bc2c   0x00000050   Data   RO         1310    .rodata.g_elc_cfg   elc_data.o
    0x0000bc7c   0x0000bc7c   0x0000001c   Data   RO         1083    .rodata.g_elc_on_elc  r_elc.o
    0x0000bc98   0x0000bc98   0x00000010   Data   RO         1028    .rodata.g_init_info  bsp_linker.o
    0x0000bca8   0x0000bca8   0x00000044   Data   RO         1376    .rodata.g_interrupt_event_link_select  vector_data.o
    0x0000bcec   0x0000bcec   0x0000000c   Data   RO         1303    .rodata.g_ioport    common_data.o
    0x0000bcf8   0x0000bcf8   0x00000034   Data   RO         1185    .rodata.g_ioport_on_ioport  r_ioport.o
    0x0000bd2c   0x0000bd2c   0x0000000a   Data   RO          985    .rodata.g_prcr_masks  bsp_register_protection.o
    0x0000bd36   0x0000bd36   0x00000002   PAD
    0x0000bd38   0x0000bd38   0x0000000c   Data   RO         1340    .rodata.g_timer0    hal_data.o
    0x0000bd44   0x0000bd44   0x00000024   Data   RO         1338    .rodata.g_timer0_cfg  hal_data.o
    0x0000bd68   0x0000bd68   0x00000080   Data   RO         1337    .rodata.g_timer0_extend  hal_data.o
    0x0000bde8   0x0000bde8   0x0000000c   Data   RO         1323    .rodata.g_timer1    hal_data.o
    0x0000bdf4   0x0000bdf4   0x00000024   Data   RO         1321    .rodata.g_timer1_cfg  hal_data.o
    0x0000be18   0x0000be18   0x00000080   Data   RO         1320    .rodata.g_timer1_extend  hal_data.o
    0x0000be98   0x0000be98   0x00000034   Data   RO         1146    .rodata.g_timer_on_gpt  r_gpt.o
    0x0000becc   0x0000becc   0x0000002c   Data   RO         1060    .rodata.g_transfer_on_dmac  r_dmac.o
    0x0000bef8   0x0000bef8   0x0000000c   Data   RO         1329    .rodata.g_transfer_sdhi  hal_data.o
    0x0000bf04   0x0000bf04   0x00000008   Data   RO         1327    .rodata.g_transfer_sdhi_cfg  hal_data.o
    0x0000bf0c   0x0000bf0c   0x00000024   Data   RO         1326    .rodata.g_transfer_sdhi_extend  hal_data.o
    0x0000bf30   0x0000bf30   0x00000044   Data   RO         1348    .rodata.g_uart0_cfg  hal_data.o
    0x0000bf74   0x0000bf74   0x0000002c   Data   RO         1347    .rodata.g_uart0_cfg_extend  hal_data.o
    0x0000bfa0   0x0000bfa0   0x0000000c   Data   RO         1345    .rodata.g_uart2_esp8266  hal_data.o
    0x0000bfac   0x0000bfac   0x00000044   Data   RO         1343    .rodata.g_uart2_esp8266_cfg  hal_data.o
    0x0000bff0   0x0000bff0   0x0000002c   Data   RO         1342    .rodata.g_uart2_esp8266_cfg_extend  hal_data.o
    0x0000c01c   0x0000c01c   0x0000000c   Data   RO         1336    .rodata.g_uart3     hal_data.o
    0x0000c028   0x0000c028   0x00000044   Data   RO         1334    .rodata.g_uart3_cfg  hal_data.o
    0x0000c06c   0x0000c06c   0x0000002c   Data   RO         1333    .rodata.g_uart3_cfg_extend  hal_data.o
    0x0000c098   0x0000c098   0x0000002c   Data   RO         1228    .rodata.g_uart_on_sci  r_sci_uart.o
    0x0000c0c4   0x0000c0c4   0x00000004   Data   RO         1003    .rodata.gp_ddsc_DATA_FLASH_END  bsp_linker.o
    0x0000c0c8   0x0000c0c8   0x00000004   Data   RO         1002    .rodata.gp_ddsc_DATA_FLASH_START  bsp_linker.o
    0x0000c0cc   0x0000c0cc   0x00000004   Data   RO         1005    .rodata.gp_ddsc_FLASH_END  bsp_linker.o
    0x0000c0d0   0x0000c0d0   0x00000004   Data   RO         1004    .rodata.gp_ddsc_FLASH_START  bsp_linker.o
    0x0000c0d4   0x0000c0d4   0x00000004   Data   RO         1013    .rodata.gp_ddsc_OPTION_SETTING_BPS_END  bsp_linker.o
    0x0000c0d8   0x0000c0d8   0x00000004   Data   RO         1019    .rodata.gp_ddsc_OPTION_SETTING_BPS_SEC_END  bsp_linker.o
    0x0000c0dc   0x0000c0dc   0x00000004   Data   RO         1018    .rodata.gp_ddsc_OPTION_SETTING_BPS_SEC_START  bsp_linker.o
    0x0000c0e0   0x0000c0e0   0x00000004   Data   RO         1025    .rodata.gp_ddsc_OPTION_SETTING_BPS_SEL_END  bsp_linker.o
    0x0000c0e4   0x0000c0e4   0x00000004   Data   RO         1024    .rodata.gp_ddsc_OPTION_SETTING_BPS_SEL_START  bsp_linker.o
    0x0000c0e8   0x0000c0e8   0x00000004   Data   RO         1012    .rodata.gp_ddsc_OPTION_SETTING_BPS_START  bsp_linker.o
    0x0000c0ec   0x0000c0ec   0x00000004   Data   RO         1009    .rodata.gp_ddsc_OPTION_SETTING_OFS0_END  bsp_linker.o
    0x0000c0f0   0x0000c0f0   0x00000004   Data   RO         1008    .rodata.gp_ddsc_OPTION_SETTING_OFS0_START  bsp_linker.o
    0x0000c0f4   0x0000c0f4   0x00000004   Data   RO         1011    .rodata.gp_ddsc_OPTION_SETTING_OFS1_END  bsp_linker.o
    0x0000c0f8   0x0000c0f8   0x00000004   Data   RO         1017    .rodata.gp_ddsc_OPTION_SETTING_OFS1_SEC_END  bsp_linker.o
    0x0000c0fc   0x0000c0fc   0x00000004   Data   RO         1016    .rodata.gp_ddsc_OPTION_SETTING_OFS1_SEC_START  bsp_linker.o
    0x0000c100   0x0000c100   0x00000004   Data   RO         1023    .rodata.gp_ddsc_OPTION_SETTING_OFS1_SEL_END  bsp_linker.o
    0x0000c104   0x0000c104   0x00000004   Data   RO         1022    .rodata.gp_ddsc_OPTION_SETTING_OFS1_SEL_START  bsp_linker.o
    0x0000c108   0x0000c108   0x00000004   Data   RO         1010    .rodata.gp_ddsc_OPTION_SETTING_OFS1_START  bsp_linker.o
    0x0000c10c   0x0000c10c   0x00000004   Data   RO         1015    .rodata.gp_ddsc_OPTION_SETTING_PBPS_END  bsp_linker.o
    0x0000c110   0x0000c110   0x00000004   Data   RO         1021    .rodata.gp_ddsc_OPTION_SETTING_PBPS_SEC_END  bsp_linker.o
    0x0000c114   0x0000c114   0x00000004   Data   RO         1020    .rodata.gp_ddsc_OPTION_SETTING_PBPS_SEC_START  bsp_linker.o
    0x0000c118   0x0000c118   0x00000004   Data   RO         1014    .rodata.gp_ddsc_OPTION_SETTING_PBPS_START  bsp_linker.o
    0x0000c11c   0x0000c11c   0x00000004   Data   RO         1001    .rodata.gp_ddsc_QSPI_FLASH_END  bsp_linker.o
    0x0000c120   0x0000c120   0x00000004   Data   RO         1000    .rodata.gp_ddsc_QSPI_FLASH_START  bsp_linker.o
    0x0000c124   0x0000c124   0x00000004   Data   RO         1007    .rodata.gp_ddsc_RAM_END  bsp_linker.o
    0x0000c128   0x0000c128   0x00000004   Data   RO         1006    .rodata.gp_ddsc_RAM_START  bsp_linker.o
    0x0000c12c   0x0000c12c   0x00000014   Data   RO          702    .rodata.net_try_reconnect_stage.k_retry_backoff_ms  softap_connect_wifi.o
    0x0000c140   0x0000c140   0x00000328   Data   RO          696    .rodata.softap_process_http_payload.k_prov_html  softap_connect_wifi.o
    0x0000c468   0x0000c468   0x0000006c   Data   RO          141    .rodata.str1.1      bsp_wifi_esp8266.o
    0x0000c4d4   0x0000c4d4   0x00000013   Data   RO          390    .rodata.str1.1      cjson.o
    0x0000c4e7   0x0000c4e7   0x00000115   Data   RO          420    .rodata.str1.1      cjson_handle.o
    0x0000c5fc   0x0000c5fc   0x0000002d   Data   RO          496    .rodata.str1.1      uart_hlw.o
    0x0000c629   0x0000c629   0x00000035   Data   RO          556    .rodata.str1.1      bsp_sdhi_sdcard.o
    0x0000c65e   0x0000c65e   0x00000137   Data   RO          616    .rodata.str1.1      appliance_identification.o
    0x0000c795   0x0000c795   0x00000045   Data   RO          632    .rodata.str1.1      event_detector.o
    0x0000c7da   0x0000c7da   0x000005d9   Data   RO          679    .rodata.str1.1      softap_connect_wifi.o
    0x0000cdb3   0x0000cdb3   0x00000001   PAD
    0x0000cdb4   0x0000cdb4   0x000002ae   Data   RO          848    .rodata.str2.2      ffunicode.o
    0x0000d062   0x0000d062   0x00015484   Data   RO          846    .rodata.uni2oem936  ffunicode.o
    0x000224e6   0x000224e6   0x00000002   PAD
    0x000224e8   0x000224e8   0x0000000c   Data   RO         1026    .rodata.zero_list   bsp_linker.o
    0x000224f4   0x000224f4   0x00000004   Data   RO          923    .version            bsp_common.o
    0x000224f8   0x000224f8   0x00000006   Data   RO          924    .version            bsp_common.o
    0x000224fe   0x000224fe   0x00000044   Data   RO          925    .version            bsp_common.o


    Execution Region __init_array_start (Exec base: 0x00022544, Load base: 0x00022544, Size: 0x00000000, Max: 0x00000000, ABSOLUTE)

    Exec Addr    Load Addr    Size         Type   Attr      Idx    E Section Name        Object

    0x00022544        -       0x00000000   Zero   RW           29    __init_array_start.bss  anon$$obj.o


    Execution Region __flash_init_array (Exec base: 0x00022544, Load base: 0x00022544, Size: 0x00000000, Max: 0xffffffff, ABSOLUTE, FIXED)

    **** No section assigned to this execution region ****


    Execution Region __init_array_end (Exec base: 0x00022544, Load base: 0x00022544, Size: 0x00000000, Max: 0x00000000, ABSOLUTE)

    Exec Addr    Load Addr    Size         Type   Attr      Idx    E Section Name        Object

    0x00022544        -       0x00000000   Zero   RW           30    __init_array_end.bss  anon$$obj.o


    Execution Region __ddsc_FLASH_END (Exec base: 0x00022600, Load base: 0x00022544, Size: 0x00000000, Max: 0x00000000, ABSOLUTE)

    Exec Addr    Load Addr    Size         Type   Attr      Idx    E Section Name        Object

    0x00022600        -       0x00000000   Zero   RW           31    __ddsc_FLASH_END.bss  anon$$obj.o


    Execution Region .flash.endof (Exec base: 0x00022600, Load base: 0x00022544, Size: 0x00000000, Max: 0x00000000, ABSOLUTE)

    Exec Addr    Load Addr    Size         Type   Attr      Idx    E Section Name        Object

    0x00022600        -       0x00000000   Zero   RW           32    .flash.endof.bss    anon$$obj.o


    Execution Region __FLASH_end (Exec base: 0x00022600, Load base: 0x00022544, Size: 0x00000000, Max: 0x00000000, ABSOLUTE)

    Exec Addr    Load Addr    Size         Type   Attr      Idx    E Section Name        Object

    0x00022600        -       0x00000000   Zero   RW           33    __FLASH_end.bss     anon$$obj.o



  Load Region LOAD_REGION_OPTION_SETTING_OFS0 (Base: 0x0100a100, Size: 0x00000004, Max: 0x00000004, ABSOLUTE)

    Execution Region __OPTION_SETTING_OFS0_start (Exec base: 0x0100a100, Load base: 0x0100a100, Size: 0x00000000, Max: 0x00000000, ABSOLUTE)

    Exec Addr    Load Addr    Size         Type   Attr      Idx    E Section Name        Object

    0x0100a100        -       0x00000000   Zero   RW           34    __OPTION_SETTING_OFS0_start.bss  anon$$obj.o


    Execution Region __OPTION_SETTING_OFS0_init (Exec base: 0x0100a100, Load base: 0x0100a100, Size: 0x00000000, Max: 0x00000000, ABSOLUTE)

    Exec Addr    Load Addr    Size         Type   Attr      Idx    E Section Name        Object

    0x0100a100        -       0x00000000   Zero   RW           35    __OPTION_SETTING_OFS0_init.bss  anon$$obj.o


    Execution Region __ddsc_OPTION_SETTING_OFS0_START (Exec base: 0x0100a100, Load base: 0x0100a100, Size: 0x00000000, Max: 0x00000000, ABSOLUTE)

    Exec Addr    Load Addr    Size         Type   Attr      Idx    E Section Name        Object

    0x0100a100        -       0x00000000   Zero   RW           36    __ddsc_OPTION_SETTING_OFS0_START.bss  anon$$obj.o


    Execution Region .option_setting_ofs0.startof (Exec base: 0x0100a100, Load base: 0x0100a100, Size: 0x00000000, Max: 0x00000000, ABSOLUTE)

    Exec Addr    Load Addr    Size         Type   Attr      Idx    E Section Name        Object

    0x0100a100        -       0x00000000   Zero   RW           37    .option_setting_ofs0.startof.bss  anon$$obj.o


    Execution Region __option_setting_ofs0_reg (Exec base: 0x0100a100, Load base: 0x0100a100, Size: 0x00000004, Max: 0xffffffff, ABSOLUTE, FIXED)

    Exec Addr    Load Addr    Size         Type   Attr      Idx    E Section Name        Object

    0x0100a100   0x0100a100   0x00000004   Data   RO          997    .option_setting_ofs0  bsp_linker.o


    Execution Region __ddsc_OPTION_SETTING_OFS0_END (Exec base: 0x0100a104, Load base: 0x0100a104, Size: 0x00000000, Max: 0x00000000, ABSOLUTE)

    Exec Addr    Load Addr    Size         Type   Attr      Idx    E Section Name        Object

    0x0100a104        -       0x00000000   Zero   RW           38    __ddsc_OPTION_SETTING_OFS0_END.bss  anon$$obj.o


    Execution Region .option_setting_ofs0.endof (Exec base: 0x0100a104, Load base: 0x0100a104, Size: 0x00000000, Max: 0x00000000, ABSOLUTE)

    Exec Addr    Load Addr    Size         Type   Attr      Idx    E Section Name        Object

    0x0100a104        -       0x00000000   Zero   RW           39    .option_setting_ofs0.endof.bss  anon$$obj.o


    Execution Region __OPTION_SETTING_OFS0_end (Exec base: 0x0100a104, Load base: 0x0100a104, Size: 0x00000000, Max: 0x00000000, ABSOLUTE)

    Exec Addr    Load Addr    Size         Type   Attr      Idx    E Section Name        Object

    0x0100a104        -       0x00000000   Zero   RW           40    __OPTION_SETTING_OFS0_end.bss  anon$$obj.o



  Load Region LOAD_REGION_OPTION_SETTING_OFS1 (Base: 0x0100a180, Size: 0x00000000, Max: 0x00000004, ABSOLUTE)

    Execution Region __OPTION_SETTING_OFS1_start (Exec base: 0x0100a180, Load base: 0x0100a180, Size: 0x00000000, Max: 0x00000000, ABSOLUTE)

    Exec Addr    Load Addr    Size         Type   Attr      Idx    E Section Name        Object

    0x0100a180        -       0x00000000   Zero   RW           41    __OPTION_SETTING_OFS1_start.bss  anon$$obj.o


    Execution Region __OPTION_SETTING_OFS1_init (Exec base: 0x0100a180, Load base: 0x0100a180, Size: 0x00000000, Max: 0x00000000, ABSOLUTE)

    Exec Addr    Load Addr    Size         Type   Attr      Idx    E Section Name        Object

    0x0100a180        -       0x00000000   Zero   RW           42    __OPTION_SETTING_OFS1_init.bss  anon$$obj.o


    Execution Region __ddsc_OPTION_SETTING_OFS1_START (Exec base: 0x0100a180, Load base: 0x0100a180, Size: 0x00000000, Max: 0x00000000, ABSOLUTE)

    Exec Addr    Load Addr    Size         Type   Attr      Idx    E Section Name        Object

    0x0100a180        -       0x00000000   Zero   RW           43    __ddsc_OPTION_SETTING_OFS1_START.bss  anon$$obj.o


    Execution Region .option_setting_ofs1.startof (Exec base: 0x0100a180, Load base: 0x0100a180, Size: 0x00000000, Max: 0x00000000, ABSOLUTE)

    Exec Addr    Load Addr    Size         Type   Attr      Idx    E Section Name        Object

    0x0100a180        -       0x00000000   Zero   RW           44    .option_setting_ofs1.startof.bss  anon$$obj.o


    Execution Region __option_setting_ofs1_reg (Exec base: 0x0100a180, Load base: 0x0100a180, Size: 0x00000000, Max: 0xffffffff, ABSOLUTE, FIXED)

    **** No section assigned to this execution region ****


    Execution Region __ddsc_OPTION_SETTING_OFS1_END (Exec base: 0x0100a180, Load base: 0x0100a180, Size: 0x00000000, Max: 0x00000000, ABSOLUTE)

    Exec Addr    Load Addr    Size         Type   Attr      Idx    E Section Name        Object

    0x0100a180        -       0x00000000   Zero   RW           45    __ddsc_OPTION_SETTING_OFS1_END.bss  anon$$obj.o


    Execution Region .option_setting_ofs1.endof (Exec base: 0x0100a180, Load base: 0x0100a180, Size: 0x00000000, Max: 0x00000000, ABSOLUTE)

    Exec Addr    Load Addr    Size         Type   Attr      Idx    E Section Name        Object

    0x0100a180        -       0x00000000   Zero   RW           46    .option_setting_ofs1.endof.bss  anon$$obj.o


    Execution Region __OPTION_SETTING_OFS1_end (Exec base: 0x0100a180, Load base: 0x0100a180, Size: 0x00000000, Max: 0x00000000, ABSOLUTE)

    Exec Addr    Load Addr    Size         Type   Attr      Idx    E Section Name        Object

    0x0100a180        -       0x00000000   Zero   RW           47    __OPTION_SETTING_OFS1_end.bss  anon$$obj.o



  Load Region LOAD_REGION_OPTION_SETTING_BPS (Base: 0x0100a1c0, Size: 0x00000000, Max: 0x00000004, ABSOLUTE)

    Execution Region __OPTION_SETTING_BPS_start (Exec base: 0x0100a1c0, Load base: 0x0100a1c0, Size: 0x00000000, Max: 0x00000000, ABSOLUTE)

    Exec Addr    Load Addr    Size         Type   Attr      Idx    E Section Name        Object

    0x0100a1c0        -       0x00000000   Zero   RW           48    __OPTION_SETTING_BPS_start.bss  anon$$obj.o


    Execution Region __OPTION_SETTING_BPS_init (Exec base: 0x0100a1c0, Load base: 0x0100a1c0, Size: 0x00000000, Max: 0x00000000, ABSOLUTE)

    Exec Addr    Load Addr    Size         Type   Attr      Idx    E Section Name        Object

    0x0100a1c0        -       0x00000000   Zero   RW           49    __OPTION_SETTING_BPS_init.bss  anon$$obj.o


    Execution Region __ddsc_OPTION_SETTING_BPS_START (Exec base: 0x0100a1c0, Load base: 0x0100a1c0, Size: 0x00000000, Max: 0x00000000, ABSOLUTE)

    Exec Addr    Load Addr    Size         Type   Attr      Idx    E Section Name        Object

    0x0100a1c0        -       0x00000000   Zero   RW           50    __ddsc_OPTION_SETTING_BPS_START.bss  anon$$obj.o


    Execution Region .option_setting_bps.startof (Exec base: 0x0100a1c0, Load base: 0x0100a1c0, Size: 0x00000000, Max: 0x00000000, ABSOLUTE)

    Exec Addr    Load Addr    Size         Type   Attr      Idx    E Section Name        Object

    0x0100a1c0        -       0x00000000   Zero   RW           51    .option_setting_bps.startof.bss  anon$$obj.o


    Execution Region __option_setting_bps_reg (Exec base: 0x0100a1c0, Load base: 0x0100a1c0, Size: 0x00000000, Max: 0xffffffff, ABSOLUTE, FIXED)

    **** No section assigned to this execution region ****


    Execution Region __ddsc_OPTION_SETTING_BPS_END (Exec base: 0x0100a1c0, Load base: 0x0100a1c0, Size: 0x00000000, Max: 0x00000000, ABSOLUTE)

    Exec Addr    Load Addr    Size         Type   Attr      Idx    E Section Name        Object

    0x0100a1c0        -       0x00000000   Zero   RW           52    __ddsc_OPTION_SETTING_BPS_END.bss  anon$$obj.o


    Execution Region .option_setting_bps.endof (Exec base: 0x0100a1c0, Load base: 0x0100a1c0, Size: 0x00000000, Max: 0x00000000, ABSOLUTE)

    Exec Addr    Load Addr    Size         Type   Attr      Idx    E Section Name        Object

    0x0100a1c0        -       0x00000000   Zero   RW           53    .option_setting_bps.endof.bss  anon$$obj.o


    Execution Region __OPTION_SETTING_BPS_end (Exec base: 0x0100a1c0, Load base: 0x0100a1c0, Size: 0x00000000, Max: 0x00000000, ABSOLUTE)

    Exec Addr    Load Addr    Size         Type   Attr      Idx    E Section Name        Object

    0x0100a1c0        -       0x00000000   Zero   RW           54    __OPTION_SETTING_BPS_end.bss  anon$$obj.o



  Load Region LOAD_REGION_OPTION_SETTING_PBPS (Base: 0x0100a1e0, Size: 0x00000000, Max: 0x00000004, ABSOLUTE)

    Execution Region __OPTION_SETTING_PBPS_start (Exec base: 0x0100a1e0, Load base: 0x0100a1e0, Size: 0x00000000, Max: 0x00000000, ABSOLUTE)

    Exec Addr    Load Addr    Size         Type   Attr      Idx    E Section Name        Object

    0x0100a1e0        -       0x00000000   Zero   RW           55    __OPTION_SETTING_PBPS_start.bss  anon$$obj.o


    Execution Region __OPTION_SETTING_PBPS_init (Exec base: 0x0100a1e0, Load base: 0x0100a1e0, Size: 0x00000000, Max: 0x00000000, ABSOLUTE)

    Exec Addr    Load Addr    Size         Type   Attr      Idx    E Section Name        Object

    0x0100a1e0        -       0x00000000   Zero   RW           56    __OPTION_SETTING_PBPS_init.bss  anon$$obj.o


    Execution Region __ddsc_OPTION_SETTING_PBPS_START (Exec base: 0x0100a1e0, Load base: 0x0100a1e0, Size: 0x00000000, Max: 0x00000000, ABSOLUTE)

    Exec Addr    Load Addr    Size         Type   Attr      Idx    E Section Name        Object

    0x0100a1e0        -       0x00000000   Zero   RW           57    __ddsc_OPTION_SETTING_PBPS_START.bss  anon$$obj.o


    Execution Region .option_setting_pbps.startof (Exec base: 0x0100a1e0, Load base: 0x0100a1e0, Size: 0x00000000, Max: 0x00000000, ABSOLUTE)

    Exec Addr    Load Addr    Size         Type   Attr      Idx    E Section Name        Object

    0x0100a1e0        -       0x00000000   Zero   RW           58    .option_setting_pbps.startof.bss  anon$$obj.o


    Execution Region __option_setting_pbps_reg (Exec base: 0x0100a1e0, Load base: 0x0100a1e0, Size: 0x00000000, Max: 0xffffffff, ABSOLUTE, FIXED)

    **** No section assigned to this execution region ****


    Execution Region __ddsc_OPTION_SETTING_PBPS_END (Exec base: 0x0100a1e0, Load base: 0x0100a1e0, Size: 0x00000000, Max: 0x00000000, ABSOLUTE)

    Exec Addr    Load Addr    Size         Type   Attr      Idx    E Section Name        Object

    0x0100a1e0        -       0x00000000   Zero   RW           59    __ddsc_OPTION_SETTING_PBPS_END.bss  anon$$obj.o


    Execution Region .option_setting_pbps.endof (Exec base: 0x0100a1e0, Load base: 0x0100a1e0, Size: 0x00000000, Max: 0x00000000, ABSOLUTE)

    Exec Addr    Load Addr    Size         Type   Attr      Idx    E Section Name        Object

    0x0100a1e0        -       0x00000000   Zero   RW           60    .option_setting_pbps.endof.bss  anon$$obj.o


    Execution Region __OPTION_SETTING_PBPS_end (Exec base: 0x0100a1e0, Load base: 0x0100a1e0, Size: 0x00000000, Max: 0x00000000, ABSOLUTE)

    Exec Addr    Load Addr    Size         Type   Attr      Idx    E Section Name        Object

    0x0100a1e0        -       0x00000000   Zero   RW           61    __OPTION_SETTING_PBPS_end.bss  anon$$obj.o



  Load Region LOAD_REGION_OPTION_SETTING_OFS1_SEC (Base: 0x0100a200, Size: 0x00000004, Max: 0x00000004, ABSOLUTE)

    Execution Region __OPTION_SETTING_OFS1_SEC_start (Exec base: 0x0100a200, Load base: 0x0100a200, Size: 0x00000000, Max: 0x00000000, ABSOLUTE)

    Exec Addr    Load Addr    Size         Type   Attr      Idx    E Section Name        Object

    0x0100a200        -       0x00000000   Zero   RW           62    __OPTION_SETTING_OFS1_SEC_start.bss  anon$$obj.o


    Execution Region __OPTION_SETTING_OFS1_SEC_init (Exec base: 0x0100a200, Load base: 0x0100a200, Size: 0x00000000, Max: 0x00000000, ABSOLUTE)

    Exec Addr    Load Addr    Size         Type   Attr      Idx    E Section Name        Object

    0x0100a200        -       0x00000000   Zero   RW           63    __OPTION_SETTING_OFS1_SEC_init.bss  anon$$obj.o


    Execution Region __ddsc_OPTION_SETTING_OFS1_SEC_START (Exec base: 0x0100a200, Load base: 0x0100a200, Size: 0x00000000, Max: 0x00000000, ABSOLUTE)

    Exec Addr    Load Addr    Size         Type   Attr      Idx    E Section Name        Object

    0x0100a200        -       0x00000000   Zero   RW           64    __ddsc_OPTION_SETTING_OFS1_SEC_START.bss  anon$$obj.o


    Execution Region .option_setting_ofs1_sec.startof (Exec base: 0x0100a200, Load base: 0x0100a200, Size: 0x00000000, Max: 0x00000000, ABSOLUTE)

    Exec Addr    Load Addr    Size         Type   Attr      Idx    E Section Name        Object

    0x0100a200        -       0x00000000   Zero   RW           65    .option_setting_ofs1_sec.startof.bss  anon$$obj.o


    Execution Region __option_setting_ofs1_sec_reg (Exec base: 0x0100a200, Load base: 0x0100a200, Size: 0x00000004, Max: 0xffffffff, ABSOLUTE, FIXED)

    Exec Addr    Load Addr    Size         Type   Attr      Idx    E Section Name        Object

    0x0100a200   0x0100a200   0x00000004   Data   RO          998    .option_setting_ofs1_sec  bsp_linker.o


    Execution Region __ddsc_OPTION_SETTING_OFS1_SEC_END (Exec base: 0x0100a204, Load base: 0x0100a204, Size: 0x00000000, Max: 0x00000000, ABSOLUTE)

    Exec Addr    Load Addr    Size         Type   Attr      Idx    E Section Name        Object

    0x0100a204        -       0x00000000   Zero   RW           66    __ddsc_OPTION_SETTING_OFS1_SEC_END.bss  anon$$obj.o


    Execution Region .option_setting_ofs1_sec.endof (Exec base: 0x0100a204, Load base: 0x0100a204, Size: 0x00000000, Max: 0x00000000, ABSOLUTE)

    Exec Addr    Load Addr    Size         Type   Attr      Idx    E Section Name        Object

    0x0100a204        -       0x00000000   Zero   RW           67    .option_setting_ofs1_sec.endof.bss  anon$$obj.o


    Execution Region __OPTION_SETTING_OFS1_SEC_end (Exec base: 0x0100a204, Load base: 0x0100a204, Size: 0x00000000, Max: 0x00000000, ABSOLUTE)

    Exec Addr    Load Addr    Size         Type   Attr      Idx    E Section Name        Object

    0x0100a204        -       0x00000000   Zero   RW           68    __OPTION_SETTING_OFS1_SEC_end.bss  anon$$obj.o



  Load Region LOAD_REGION_OPTION_SETTING_BPS_SEC (Base: 0x0100a240, Size: 0x00000000, Max: 0x00000004, ABSOLUTE)

    Execution Region __OPTION_SETTING_BPS_SEC_start (Exec base: 0x0100a240, Load base: 0x0100a240, Size: 0x00000000, Max: 0x00000000, ABSOLUTE)

    Exec Addr    Load Addr    Size         Type   Attr      Idx    E Section Name        Object

    0x0100a240        -       0x00000000   Zero   RW           69    __OPTION_SETTING_BPS_SEC_start.bss  anon$$obj.o


    Execution Region __OPTION_SETTING_BPS_SEC_init (Exec base: 0x0100a240, Load base: 0x0100a240, Size: 0x00000000, Max: 0x00000000, ABSOLUTE)

    Exec Addr    Load Addr    Size         Type   Attr      Idx    E Section Name        Object

    0x0100a240        -       0x00000000   Zero   RW           70    __OPTION_SETTING_BPS_SEC_init.bss  anon$$obj.o


    Execution Region __ddsc_OPTION_SETTING_BPS_SEC_START (Exec base: 0x0100a240, Load base: 0x0100a240, Size: 0x00000000, Max: 0x00000000, ABSOLUTE)

    Exec Addr    Load Addr    Size         Type   Attr      Idx    E Section Name        Object

    0x0100a240        -       0x00000000   Zero   RW           71    __ddsc_OPTION_SETTING_BPS_SEC_START.bss  anon$$obj.o


    Execution Region .option_setting_bps_sec.startof (Exec base: 0x0100a240, Load base: 0x0100a240, Size: 0x00000000, Max: 0x00000000, ABSOLUTE)

    Exec Addr    Load Addr    Size         Type   Attr      Idx    E Section Name        Object

    0x0100a240        -       0x00000000   Zero   RW           72    .option_setting_bps_sec.startof.bss  anon$$obj.o


    Execution Region __option_setting_bps_sec_reg (Exec base: 0x0100a240, Load base: 0x0100a240, Size: 0x00000000, Max: 0xffffffff, ABSOLUTE, FIXED)

    **** No section assigned to this execution region ****


    Execution Region __ddsc_OPTION_SETTING_BPS_SEC_END (Exec base: 0x0100a240, Load base: 0x0100a240, Size: 0x00000000, Max: 0x00000000, ABSOLUTE)

    Exec Addr    Load Addr    Size         Type   Attr      Idx    E Section Name        Object

    0x0100a240        -       0x00000000   Zero   RW           73    __ddsc_OPTION_SETTING_BPS_SEC_END.bss  anon$$obj.o


    Execution Region .option_setting_bps_sec.endof (Exec base: 0x0100a240, Load base: 0x0100a240, Size: 0x00000000, Max: 0x00000000, ABSOLUTE)

    Exec Addr    Load Addr    Size         Type   Attr      Idx    E Section Name        Object

    0x0100a240        -       0x00000000   Zero   RW           74    .option_setting_bps_sec.endof.bss  anon$$obj.o


    Execution Region __OPTION_SETTING_BPS_SEC_end (Exec base: 0x0100a240, Load base: 0x0100a240, Size: 0x00000000, Max: 0x00000000, ABSOLUTE)

    Exec Addr    Load Addr    Size         Type   Attr      Idx    E Section Name        Object

    0x0100a240        -       0x00000000   Zero   RW           75    __OPTION_SETTING_BPS_SEC_end.bss  anon$$obj.o



  Load Region LOAD_REGION_OPTION_SETTING_PBPS_SEC (Base: 0x0100a260, Size: 0x00000000, Max: 0x00000004, ABSOLUTE)

    Execution Region __OPTION_SETTING_PBPS_SEC_start (Exec base: 0x0100a260, Load base: 0x0100a260, Size: 0x00000000, Max: 0x00000000, ABSOLUTE)

    Exec Addr    Load Addr    Size         Type   Attr      Idx    E Section Name        Object

    0x0100a260        -       0x00000000   Zero   RW           76    __OPTION_SETTING_PBPS_SEC_start.bss  anon$$obj.o


    Execution Region __OPTION_SETTING_PBPS_SEC_init (Exec base: 0x0100a260, Load base: 0x0100a260, Size: 0x00000000, Max: 0x00000000, ABSOLUTE)

    Exec Addr    Load Addr    Size         Type   Attr      Idx    E Section Name        Object

    0x0100a260        -       0x00000000   Zero   RW           77    __OPTION_SETTING_PBPS_SEC_init.bss  anon$$obj.o


    Execution Region __ddsc_OPTION_SETTING_PBPS_SEC_START (Exec base: 0x0100a260, Load base: 0x0100a260, Size: 0x00000000, Max: 0x00000000, ABSOLUTE)

    Exec Addr    Load Addr    Size         Type   Attr      Idx    E Section Name        Object

    0x0100a260        -       0x00000000   Zero   RW           78    __ddsc_OPTION_SETTING_PBPS_SEC_START.bss  anon$$obj.o


    Execution Region .option_setting_pbps_sec.startof (Exec base: 0x0100a260, Load base: 0x0100a260, Size: 0x00000000, Max: 0x00000000, ABSOLUTE)

    Exec Addr    Load Addr    Size         Type   Attr      Idx    E Section Name        Object

    0x0100a260        -       0x00000000   Zero   RW           79    .option_setting_pbps_sec.startof.bss  anon$$obj.o


    Execution Region __option_setting_pbps_sec_reg (Exec base: 0x0100a260, Load base: 0x0100a260, Size: 0x00000000, Max: 0xffffffff, ABSOLUTE, FIXED)

    **** No section assigned to this execution region ****


    Execution Region __ddsc_OPTION_SETTING_PBPS_SEC_END (Exec base: 0x0100a260, Load base: 0x0100a260, Size: 0x00000000, Max: 0x00000000, ABSOLUTE)

    Exec Addr    Load Addr    Size         Type   Attr      Idx    E Section Name        Object

    0x0100a260        -       0x00000000   Zero   RW           80    __ddsc_OPTION_SETTING_PBPS_SEC_END.bss  anon$$obj.o


    Execution Region .option_setting_pbps_sec.endof (Exec base: 0x0100a260, Load base: 0x0100a260, Size: 0x00000000, Max: 0x00000000, ABSOLUTE)

    Exec Addr    Load Addr    Size         Type   Attr      Idx    E Section Name        Object

    0x0100a260        -       0x00000000   Zero   RW           81    .option_setting_pbps_sec.endof.bss  anon$$obj.o


    Execution Region __OPTION_SETTING_PBPS_SEC_end (Exec base: 0x0100a260, Load base: 0x0100a260, Size: 0x00000000, Max: 0x00000000, ABSOLUTE)

    Exec Addr    Load Addr    Size         Type   Attr      Idx    E Section Name        Object

    0x0100a260        -       0x00000000   Zero   RW           82    __OPTION_SETTING_PBPS_SEC_end.bss  anon$$obj.o



  Load Region LOAD_REGION_OPTION_SETTING_OFS1_SEL (Base: 0x0100a280, Size: 0x00000004, Max: 0x00000004, ABSOLUTE)

    Execution Region __OPTION_SETTING_OFS1_SEL_start (Exec base: 0x0100a280, Load base: 0x0100a280, Size: 0x00000000, Max: 0x00000000, ABSOLUTE)

    Exec Addr    Load Addr    Size         Type   Attr      Idx    E Section Name        Object

    0x0100a280        -       0x00000000   Zero   RW           83    __OPTION_SETTING_OFS1_SEL_start.bss  anon$$obj.o


    Execution Region __OPTION_SETTING_OFS1_SEL_init (Exec base: 0x0100a280, Load base: 0x0100a280, Size: 0x00000000, Max: 0x00000000, ABSOLUTE)

    Exec Addr    Load Addr    Size         Type   Attr      Idx    E Section Name        Object

    0x0100a280        -       0x00000000   Zero   RW           84    __OPTION_SETTING_OFS1_SEL_init.bss  anon$$obj.o


    Execution Region __ddsc_OPTION_SETTING_OFS1_SEL_START (Exec base: 0x0100a280, Load base: 0x0100a280, Size: 0x00000000, Max: 0x00000000, ABSOLUTE)

    Exec Addr    Load Addr    Size         Type   Attr      Idx    E Section Name        Object

    0x0100a280        -       0x00000000   Zero   RW           85    __ddsc_OPTION_SETTING_OFS1_SEL_START.bss  anon$$obj.o


    Execution Region .option_setting_ofs1_sel.startof (Exec base: 0x0100a280, Load base: 0x0100a280, Size: 0x00000000, Max: 0x00000000, ABSOLUTE)

    Exec Addr    Load Addr    Size         Type   Attr      Idx    E Section Name        Object

    0x0100a280        -       0x00000000   Zero   RW           86    .option_setting_ofs1_sel.startof.bss  anon$$obj.o


    Execution Region __option_setting_ofs1_sel_reg (Exec base: 0x0100a280, Load base: 0x0100a280, Size: 0x00000004, Max: 0xffffffff, ABSOLUTE, FIXED)

    Exec Addr    Load Addr    Size         Type   Attr      Idx    E Section Name        Object

    0x0100a280   0x0100a280   0x00000004   Data   RO          999    .option_setting_ofs1_sel  bsp_linker.o


    Execution Region __ddsc_OPTION_SETTING_OFS1_SEL_END (Exec base: 0x0100a284, Load base: 0x0100a284, Size: 0x00000000, Max: 0x00000000, ABSOLUTE)

    Exec Addr    Load Addr    Size         Type   Attr      Idx    E Section Name        Object

    0x0100a284        -       0x00000000   Zero   RW           87    __ddsc_OPTION_SETTING_OFS1_SEL_END.bss  anon$$obj.o


    Execution Region .option_setting_ofs1_sel.endof (Exec base: 0x0100a284, Load base: 0x0100a284, Size: 0x00000000, Max: 0x00000000, ABSOLUTE)

    Exec Addr    Load Addr    Size         Type   Attr      Idx    E Section Name        Object

    0x0100a284        -       0x00000000   Zero   RW           88    .option_setting_ofs1_sel.endof.bss  anon$$obj.o


    Execution Region __OPTION_SETTING_OFS1_SEL_end (Exec base: 0x0100a284, Load base: 0x0100a284, Size: 0x00000000, Max: 0x00000000, ABSOLUTE)

    Exec Addr    Load Addr    Size         Type   Attr      Idx    E Section Name        Object

    0x0100a284        -       0x00000000   Zero   RW           89    __OPTION_SETTING_OFS1_SEL_end.bss  anon$$obj.o



  Load Region LOAD_REGION_OPTION_SETTING_BPS_SEL (Base: 0x0100a2c0, Size: 0x00000000, Max: 0x00000004, ABSOLUTE)

    Execution Region __OPTION_SETTING_BPS_SEL_start (Exec base: 0x0100a2c0, Load base: 0x0100a2c0, Size: 0x00000000, Max: 0x00000000, ABSOLUTE)

    Exec Addr    Load Addr    Size         Type   Attr      Idx    E Section Name        Object

    0x0100a2c0        -       0x00000000   Zero   RW           90    __OPTION_SETTING_BPS_SEL_start.bss  anon$$obj.o


    Execution Region __OPTION_SETTING_BPS_SEL_init (Exec base: 0x0100a2c0, Load base: 0x0100a2c0, Size: 0x00000000, Max: 0x00000000, ABSOLUTE)

    Exec Addr    Load Addr    Size         Type   Attr      Idx    E Section Name        Object

    0x0100a2c0        -       0x00000000   Zero   RW           91    __OPTION_SETTING_BPS_SEL_init.bss  anon$$obj.o


    Execution Region __ddsc_OPTION_SETTING_BPS_SEL_START (Exec base: 0x0100a2c0, Load base: 0x0100a2c0, Size: 0x00000000, Max: 0x00000000, ABSOLUTE)

    Exec Addr    Load Addr    Size         Type   Attr      Idx    E Section Name        Object

    0x0100a2c0        -       0x00000000   Zero   RW           92    __ddsc_OPTION_SETTING_BPS_SEL_START.bss  anon$$obj.o


    Execution Region .option_setting_bps_sel.startof (Exec base: 0x0100a2c0, Load base: 0x0100a2c0, Size: 0x00000000, Max: 0x00000000, ABSOLUTE)

    Exec Addr    Load Addr    Size         Type   Attr      Idx    E Section Name        Object

    0x0100a2c0        -       0x00000000   Zero   RW           93    .option_setting_bps_sel.startof.bss  anon$$obj.o


    Execution Region __option_setting_bps_sel_reg (Exec base: 0x0100a2c0, Load base: 0x0100a2c0, Size: 0x00000000, Max: 0xffffffff, ABSOLUTE, FIXED)

    **** No section assigned to this execution region ****


    Execution Region __ddsc_OPTION_SETTING_BPS_SEL_END (Exec base: 0x0100a2c0, Load base: 0x0100a2c0, Size: 0x00000000, Max: 0x00000000, ABSOLUTE)

    Exec Addr    Load Addr    Size         Type   Attr      Idx    E Section Name        Object

    0x0100a2c0        -       0x00000000   Zero   RW           94    __ddsc_OPTION_SETTING_BPS_SEL_END.bss  anon$$obj.o


    Execution Region .option_setting_bps_sel.endof (Exec base: 0x0100a2c0, Load base: 0x0100a2c0, Size: 0x00000000, Max: 0x00000000, ABSOLUTE)

    Exec Addr    Load Addr    Size         Type   Attr      Idx    E Section Name        Object

    0x0100a2c0        -       0x00000000   Zero   RW           95    .option_setting_bps_sel.endof.bss  anon$$obj.o


    Execution Region __OPTION_SETTING_BPS_SEL_end (Exec base: 0x0100a2c0, Load base: 0x0100a2c0, Size: 0x00000000, Max: 0x00000000, ABSOLUTE)

    Exec Addr    Load Addr    Size         Type   Attr      Idx    E Section Name        Object

    0x0100a2c0        -       0x00000000   Zero   RW           96    __OPTION_SETTING_BPS_SEL_end.bss  anon$$obj.o


==============================================================================

Image component sizes


      Code (inc. data)   RO Data    RW Data    ZI Data      Debug   Object Name

      3260        324        327          4       9080      13297   appliance_identification.o
       480          0          0          0         28      33436   bsp_clocks.o
         8          0         78          0          0      10100   bsp_common.o
       132          0          0          0          1      14383   bsp_debug_uart.o
        96          0          0          0          0       1748   bsp_delay.o
        68          0          0          0         56      14191   bsp_group_irq.o
         0          0          0          0          4        569   bsp_io.o
       138          0          0          0         68      16409   bsp_irq.o
         0          0        192          0          0       2806   bsp_linker.o
       160          0         10          0         10      21916   bsp_register_protection.o
       142          0         53          0         33      14237   bsp_sdhi_sdcard.o
      1432        208        108          0       4824      15757   bsp_wifi_esp8266.o
       242          0          0          0      12432       2091   circle_buf.o
      4570        106         19         12          8      49538   cjson.o
      2394        500        277        140        552       8933   cjson_handle.o
         0          0         24          0         16      26273   common_data.o
       380         44          0          0          0      11725   diskio.o
         0          0         80          0          0       7699   elc_data.o
       554         96         69          0          4       2410   event_detector.o
      7370         56         13          0         10      57857   ff.o
       250         10      87858          0          0       2956   ffunicode.o
         6          0        768         84        820      75518   hal_data.o
       124          4          0          0       4156      18732   hal_entry.o
       468         64          0          0        136      18398   key.o
        10          0          0          0          0        498   main.o
         0          0        292          0          0       8104   pin_data.o
       914          0         44          0          0      37713   r_dmac.o
       214          0         28          0          0      25003   r_elc.o
      1848          0         52          0          0      79522   r_gpt.o
       980         12         52          0          0      57196   r_ioport.o
      1782          0         44          0          0      73262   r_sci_uart.o
      2716          0          0          0          0      72084   r_sdhi.o
       400         76         32          0         48       9301   relay.o
      5954        662       2325        102       7165      31360   softap_connect_wifi.o
        14          0         64          0      20480       1033   startup.o
       252          0          0          0          4       6769   system.o
        98          0          0          0          4      12470   systick.o
      1892        304         45          2        135      23434   uart_hlw.o
         0          0        136          0          0       7753   vector_data.o

    ----------------------------------------------------------------------
     39404       2466      93000        348      60124     886481   Object Totals
         0          0          0          0          0          0   (incl. Generated)
        56          0         10          4         50          0   (incl. Padding)

    ----------------------------------------------------------------------

      Code (inc. data)   RO Data    RW Data    ZI Data      Debug   Library Member Name

        40          8          0          0          0        128   strtod.o
        56          8          0          0          0         84   __0sscanf.o
        28          0          0          0          0         68   _chval.o
       812          4          0          0          0        112   _scanf.o
       332          0          0          0          0         96   _scanf_int.o
       224          0          0          0          0         96   _scanf_str.o
        64          0          0          0          0         84   _sgetc.o
        40          6         64          0          0         68   ctype_c.o
        10          0          0          0          0         68   isspace_c.o
         0          0          0          0          0          0   iusefp.o
        30          0          0          0          0         68   llshl.o
        36          0          0          0          0         68   llsshr.o
        32          0          0          0          0         68   llushr.o
       360         30          0          0          0        356   mallocr2.o
        20          0          0          0          0         68   memchr.o
        26          0          0          0          0         80   memcmp.o
        64          0          0          0          0         76   memmovea.o
        36          0          0          0          0        108   memseta.o
         0          0          0          8          0          0   mvars.o
      2382        100          0          0          0        760   printfa.o
        36          6          0          0          0         80   puts.o
        40          8          0          0          0         84   scanf_char.o
       878         12          0          0          0        216   scanf_fp.o
         0          0          0          4          0          0   stdout.o
        20          0          0          0          0         68   strchr.o
        28          0          0          0          0         76   strcmp.o
        14          0          0          0          0         68   strlen.o
        30          0          0          0          0         80   strncmp.o
        24          0          0          0          0         76   strncpy.o
        22          0          0          0          0         68   strrchr.o
        36          0          0          0          0         80   strstr.o
       168         12          0          0          0        124   strtod.o
        12          0          0          0          0         68   tolower.o
        44          0          0          0          0         80   uidiv.o
        98          0          0          0          0         92   uldiv.o
        48          0          0          0          0         68   cdrcmple.o
        56          0          0          0          0         88   d2f.o
       334          0          0          0          0        148   dadd.o
        56          0          0          0          0         80   dcmpeq.o
        54          0          0          0          0         80   dcmpge.o
        54          0          0          0          0         80   dcmpgt.o
        54          0          0          0          0         80   dcmple.o
        54          0          0          0          0         80   dcmplt.o
       222          0          0          0          0        100   ddiv.o
       186          0          0          0          0        176   depilogue.o
        62          0          0          0          0         80   dfixi.o
        50          0          0          0          0         76   dfixui.o
        48          0          0          0          0         68   dfixul.o
        34          0          0          0          0         76   dflti.o
        26          0          0          0          0         76   dfltui.o
        24          0          0          0          0         76   dfltul.o
       228          0          0          0          0         96   dmul.o
        38          0          0          0          0         68   f2d.o
       110          0          0          0          0        168   fepilogue.o

    ----------------------------------------------------------------------
      7792        198         64         12          0       5480   Library Totals
        12          4          0          0          0          0   (incl. Padding)

    ----------------------------------------------------------------------

      Code (inc. data)   RO Data    RW Data    ZI Data      Debug   Library Name

        40          8          0          0          0        128   m_wm.l
      6002        186         64         12          0       3588   mc_w.l
      1738          0          0          0          0       1764   mf_w.l

    ----------------------------------------------------------------------
      7792        198         64         12          0       5480   Library Totals

    ----------------------------------------------------------------------

==============================================================================


      Code (inc. data)   RO Data    RW Data    ZI Data      Debug   

     47196       2664      93064        360      60124     888253   Grand Totals
     47196       2664      93064        360      60124     888253   ELF Image Totals
     47196       2664      93064        360          0          0   ROM Totals

==============================================================================

    Total RO  Size (Code + RO Data)               140260 ( 136.97kB)
    Total RW  Size (RW Data + ZI Data)             60484 (  59.07kB)
    Total ROM Size (Code + RO Data + RW Data)     140620 ( 137.32kB)

==============================================================================

