Component: Arm Compiler for Embedded 6.22 Tool: armlink [5ee90200]

==============================================================================

Section Cross References

    hal_entry.o(.text.hal_entry) refers to bsp_debug_uart.o(.text.Debug_UART0_Init) for Debug_UART0_Init
    hal_entry.o(.text.hal_entry) refers to systick.o(.text.SystickInit) for SystickInit
    hal_entry.o(.text.hal_entry) refers to relay.o(.text.Relay_Reset_All) for Relay_Reset_All
    hal_entry.o(.text.hal_entry) refers to key.o(.text.Key_GPT_Init) for Key_GPT_Init
    hal_entry.o(.text.hal_entry) refers to uart_hlw.o(.text.uart_hlw_init) for uart_hlw_init
    hal_entry.o(.text.hal_entry) refers to circle_buf.o(.text.circlebuf_init) for circlebuf_init
    hal_entry.o(.text.hal_entry) refers to circle_buf.o(.text.BL0942_circlebuf_init) for BL0942_circlebuf_init
    hal_entry.o(.text.hal_entry) refers to hal_entry.o(.bss.fs) for fs
    hal_entry.o(.text.hal_entry) refers to ff.o(.text.f_mount) for f_mount
    hal_entry.o(.text.hal_entry) refers to hal_entry.o(.bss.res_sd) for res_sd
    hal_entry.o(.text.hal_entry) refers to bsp_wifi_esp8266.o(.text.ESP8266_MQTT_Test) for ESP8266_MQTT_Test
    hal_entry.o(.text.hal_entry) refers to hal_entry.o(.bss.g_net_ready) for g_net_ready
    hal_entry.o(.text.hal_entry) refers to hal_entry.o(.bss.g_net_retry_idx) for g_net_retry_idx
    hal_entry.o(.text.hal_entry) refers to systick.o(.text.HAL_GetTick) for HAL_GetTick
    hal_entry.o(.text.hal_entry) refers to hal_entry.o(.bss.g_net_next_retry_tick) for g_net_next_retry_tick
    hal_entry.o(.text.hal_entry) refers to puts.o(i.puts) for puts
    hal_entry.o(.text.hal_entry) refers to cjson_handle.o(.data.g_strip) for g_strip
    hal_entry.o(.text.hal_entry) refers to hal_entry.o(.bss.g_force_upload_flag) for g_force_upload_flag
    hal_entry.o(.text.hal_entry) refers to hal_entry.o(.bss.last_upload_tick) for last_upload_tick
    hal_entry.o(.text.hal_entry) refers to hal_entry.o(.bss.last_report) for last_report
    hal_entry.o(.text.hal_entry) refers to relay.o(.text.Relay_Task) for Relay_Task
    hal_entry.o(.text.hal_entry) refers to bsp_wifi_esp8266.o(.text.ESP8266_TxTask) for ESP8266_TxTask
    hal_entry.o(.text.hal_entry) refers to cjson_handle.o(.text.handle_uart_json_stream) for handle_uart_json_stream
    hal_entry.o(.text.hal_entry) refers to appliance_identification.o(.text.AI_Replug_Task) for AI_Replug_Task
    hal_entry.o(.text.hal_entry) refers to appliance_identification.o(.text.AI_Commit_Task) for AI_Commit_Task
    hal_entry.o(.text.hal_entry) refers to key.o(.text.key_control) for key_control
    hal_entry.o(.text.hal_entry) refers to appliance_identification.o(.text.Socket_Command_Handler) for Socket_Command_Handler
    hal_entry.o(.text.hal_entry) refers to cjson_handle.o(.text.upload_strip_status) for upload_strip_status
    hal_entry.o(.text.hal_entry) refers to printfa.o(i.__0printf) for __2printf
    hal_entry.o(.text.hal_entry) refers to hal_entry.o(.rodata.str1.1) for .Lstr.5
    hal_entry.o(.text.hal_entry) refers to uart_hlw.o(.text.BL0942_Poll_Task) for BL0942_Poll_Task
    hal_entry.o(.ARM.exidx.text.hal_entry) refers to hal_entry.o(.text.hal_entry) for [Anonymous Symbol]
    hal_entry.o(.text.R_BSP_WarmStart) refers to common_data.o(.rodata.g_ioport) for g_ioport
    hal_entry.o(.text.R_BSP_WarmStart) refers to common_data.o(.bss.g_ioport_ctrl) for g_ioport_ctrl
    hal_entry.o(.text.R_BSP_WarmStart) refers to r_ioport.o(.text.R_IOPORT_Open) for R_IOPORT_Open
    hal_entry.o(.ARM.exidx.text.R_BSP_WarmStart) refers to hal_entry.o(.text.R_BSP_WarmStart) for [Anonymous Symbol]
    bsp_wifi_esp8266.o(.text.ESP8266_MQTT_Test) refers to puts.o(i.puts) for puts
    bsp_wifi_esp8266.o(.text.ESP8266_MQTT_Test) refers to bsp_wifi_esp8266.o(.bss.g_uart2_opened) for g_uart2_opened
    bsp_wifi_esp8266.o(.text.ESP8266_MQTT_Test) refers to hal_data.o(.rodata.g_uart2_esp8266) for g_uart2_esp8266
    bsp_wifi_esp8266.o(.text.ESP8266_MQTT_Test) refers to r_sci_uart.o(.text.R_SCI_UART_Open) for R_SCI_UART_Open
    bsp_wifi_esp8266.o(.text.ESP8266_MQTT_Test) refers to bsp_wifi_esp8266.o(.text.ESP8266_Hard_Reset) for ESP8266_Hard_Reset
    bsp_wifi_esp8266.o(.text.ESP8266_MQTT_Test) refers to bsp_delay.o(.text.R_BSP_SoftwareDelay) for R_BSP_SoftwareDelay
    bsp_wifi_esp8266.o(.text.ESP8266_MQTT_Test) refers to bsp_wifi_esp8266.o(.text.ESP8266_STA) for ESP8266_STA
    bsp_wifi_esp8266.o(.text.ESP8266_MQTT_Test) refers to bsp_wifi_esp8266.o(.text.ESP8266_ATE0) for ESP8266_ATE0
    bsp_wifi_esp8266.o(.text.ESP8266_MQTT_Test) refers to bsp_wifi_esp8266.o(.bss.Uart2_Send_Flag) for Uart2_Send_Flag
    bsp_wifi_esp8266.o(.text.ESP8266_MQTT_Test) refers to hal_data.o(.bss.g_uart2_esp8266_ctrl) for g_uart2_esp8266_ctrl
    bsp_wifi_esp8266.o(.text.ESP8266_MQTT_Test) refers to r_sci_uart.o(.text.R_SCI_UART_Write) for R_SCI_UART_Write
[...]

    Exec Addr    Load Addr    Size         Type   Attr      Idx    E Section Name        Object

    0x00000000        -       0x00000000   Zero   RW           19    __FLASH_start.bss   anon$$obj.o


    Execution Region __FLASH_init (Exec base: 0x00000000, Load base: 0x00000000, Size: 0x00000000, Max: 0x00000000, ABSOLUTE)

    Exec Addr    Load Addr    Size         Type   Attr      Idx    E Section Name        Object

    0x00000000        -       0x00000000   Zero   RW           20    __FLASH_init.bss    anon$$obj.o


    Execution Region __ddsc_FLASH_START (Exec base: 0x00000000, Load base: 0x00000000, Size: 0x00000000, Max: 0x00000000, ABSOLUTE)

    Exec Addr    Load Addr    Size         Type   Attr      Idx    E Section Name        Object

    0x00000000        -       0x00000000   Zero   RW           21    __ddsc_FLASH_START.bss  anon$$obj.o


    Execution Region .flash.startof (Exec base: 0x00000000, Load base: 0x00000000, Size: 0x00000000, Max: 0x00000000, ABSOLUTE)

    Exec Addr    Load Addr    Size         Type   Attr      Idx    E Section Name        Object

    0x00000000        -       0x00000000   Zero   RW           22    .flash.startof.bss  anon$$obj.o


    Execution Region _VECTORS (Exec base: 0x00000000, Load base: 0x00000000, Size: 0x00000000, Max: 0x00000000, ABSOLUTE)

    Exec Addr    Load Addr    Size         Type   Attr      Idx    E Section Name        Object

    0x00000000        -       0x00000000   Zero   RW           23    _VECTORS.bss        anon$$obj.o


    Execution Region __flash_vectors (Exec base: 0x00000000, Load base: 0x00000000, Size: 0x00000084, Max: 0xffffffff, ABSOLUTE, FIXED)

    Exec Addr    Load Addr    Size         Type   Attr      Idx    E Section Name        Object

    0x00000000   0x00000000   0x00000040   Data   RO          815    .fixed_vectors      startup.o
    0x00000040   0x00000040   0x00000044   Data   RO         1328    .application_vectors  vector_data.o


    Execution Region __flash_noinit (Exec base: 0x00000084, Load base: 0x00000084, Size: 0x00000000, Max: 0xffffffff, ABSOLUTE, UNINIT, FIXED)

    **** No section assigned to this execution region ****


    Execution Region __ram_from_data_flash_jump (Exec base: 0x20000000, Load base: 0x00000084, Size: 0x00000000, Max: 0x00000000, ABSOLUTE)

    Exec Addr    Load Addr    Size         Type   Attr      Idx    E Section Name        Object

    0x20000000        -       0x00000000   Zero   RW           24    __ram_from_data_flash_jump.bss  anon$$obj.o


    Execution Region __ram_from_flash (Exec base: 0x20000000, Load base: 0x00000084, Size: 0x00000100, Max: 0xffffffff, ABSOLUTE)

    Exec Addr    Load Addr    Size         Type   Attr      Idx    E Section Name        Object

    0x20000000   0x00000084   0x00000004   Data   RW         1709    .data               mc_w.l(stdout.o)
    0x20000004   0x00000088   0x00000004   Data   RW         1727    .data               mc_w.l(mvars.o)
    0x20000008   0x0000008c   0x00000004   Data   RW         1728    .data               mc_w.l(mvars.o)
    0x2000000c   0x00000090   0x00000002   Data   RW          510    .data.com_data      uart_hlw.o
    0x2000000e   0x00000092   0x00000002   PAD
    0x20000010   0x00000094   0x00000004   Data   RW          640    .data.g_pending_seed  appliance_identification.o
    0x20000014   0x00000098   0x00000038   Data   RW         1283    .data.g_sdmmc0_cfg  hal_data.o
    0x2000004c   0x000000d0   0x0000008c   Data   RW          443    .data.g_strip       cjson_handle.o
    0x200000d8   0x0000015c   0x00000010   Data   RW         1277    .data.g_transfer_sdhi_info  hal_data.o
    0x200000e8   0x0000016c   0x00000004   Data   RW         1299    .data.g_uart0_baud_setting  hal_data.o
    0x200000ec   0x00000170   0x00000004   Data   RW         1294    .data.g_uart2_esp8266_baud_setting  hal_data.o
    0x200000f0   0x00000174   0x00000004   Data   RW         1285    .data.g_uart3_baud_setting  hal_data.o
    0x200000f4   0x00000178   0x0000000c   Data   RW          419    .data.global_hooks  cjson.o


    Execution Region __ram_noinit (Exec base: 0x20000100, Load base: 0x00000184, Size: 0x00000000, Max: 0xffffffff, ABSOLUTE, UNINIT)

    **** No section assigned to this execution region ****


    Execution Region ARM_LIB_STACK (Exec base: 0x20000100, Load base: 0x00000184, Size: 0x00000000, Max: 0x00000000, ABSOLUTE, UNINIT)

    Exec Addr    Load Addr    Size         Type   Attr      Idx    E Section Name        Object

    0x20000100        -       0x00000000   Zero   RW           25    ARM_LIB_STACK.bss   anon$$obj.o


    Execution Region ARM_LIB_HEAP (Exec base: 0x20000100, Load base: 0x00000184, Size: 0x00004000, Max: 0xffffffff, ABSOLUTE, UNINIT)

    Exec Addr    Load Addr    Size         Type   Attr      Idx    E Section Name        Object

    0x20000100        -       0x00004000   Zero   RW          816    .bss.g_heap         startup.o


    Execution Region __post_heap (Exec base: 0x20004100, Load base: 0x00000184, Size: 0x0000101c, Max: 0xffffffff, ABSOLUTE, UNINIT)

    Exec Addr    Load Addr    Size         Type   Attr      Idx    E Section Name        Object

    0x20004100        -       0x00001000   Zero   RW          814    .bss.g_main_stack   startup.o
    0x20005100        -       0x0000001c   Zero   RW          861    .bss.ram_noinit     bsp_clocks.o


    Execution Region __ram_zero (Exec base: 0x20005120, Load base: 0x00000184, Size: 0x00006ea4, Max: 0xffffffff, ABSOLUTE)

    Exec Addr    Load Addr    Size         Type   Attr      Idx    E Section Name        Object

    0x20005120        -       0x00000100   Zero   RW          164    .bss.At_Rx_Buff     bsp_wifi_esp8266.o
    0x20005220        -       0x00000030   Zero   RW          221    .bss.BL0942_rx_buf  circle_buf.o
    0x20005250        -       0x00000008   Zero   RW          780    .bss.FatFs          ff.o
    0x20005258        -       0x00000002   Zero   RW          782    .bss.Fsid           ff.o
    0x2000525a   0x00000184   0x00000006   PAD
    0x20005260        -       0x00000014   Zero   RW          638    .bss.Identify_Appliance_In_SD.best_name  appliance_identification.o
    0x20005274        -       0x00001028   Zero   RW          637    .bss.Identify_Appliance_In_SD.fil  appliance_identification.o
    0x2000629c        -       0x00000004   Zero   RW          830    .bss.SystemCoreClock  system.o
    0x200062a0        -       0x00000001   Zero   RW          162    .bss.Uart2_Num      bsp_wifi_esp8266.o
    0x200062a1        -       0x00000001   Zero   RW          160    .bss.Uart2_Send_Flag  bsp_wifi_esp8266.o
    0x200062a2        -       0x00000001   Zero   RW          161    .bss.Uart2_Show_Flag  bsp_wifi_esp8266.o
    0x200062a3        -       0x00001000   Zero   RW          219    .bss.cmd_rx_buf     circle_buf.o
    0x200072a3   0x00000184   0x00000001   PAD
    0x200072a4        -       0x00000004   Zero   RW          473    .bss.dwTick         systick.o
    0x200072a8        -       0x00001038   Zero   RW          105    .bss.fs             hal_entry.o
    0x200082e0        -       0x00000018   Zero   RW          220    .bss.g_BL0942_rx_buf  circle_buf.o
    0x200082f8        -       0x00000001   Zero   RW          516    .bss.g_active_channel  uart_hlw.o
    0x200082f9   0x00000184   0x00000003   PAD
    0x200082fc        -       0x00000030   Zero   RW          632    .bss.g_ai_ctrl      appliance_identification.o
    0x2000832c        -       0x00000001   Zero   RW          515    .bss.g_bl0942_frame_ready  uart_hlw.o
    0x2000832d        -       0x00000001   Zero   RW          513    .bss.g_bl0942_rx_count  uart_hlw.o
    0x2000832e   0x00000184   0x00000002   PAD
    0x20008330        -       0x00000017   Zero   RW          514    .bss.g_bl0942_rx_frame  uart_hlw.o
    0x20008347   0x00000184   0x00000001   PAD
    0x20008348        -       0x00000004   Zero   RW          517    .bss.g_bl_deadline_tick  uart_hlw.o
    0x2000834c        -       0x00000004   Zero   RW          512    .bss.g_bl_poll_state  uart_hlw.o
    0x20008350        -       0x00000038   Zero   RW          903    .bss.g_bsp_group_irq_sources  bsp_group_irq.o
    0x20008388        -       0x00000004   Zero   RW          576    .bss.g_card_erase_complete  bsp_sdhi_sdcard.o
    0x2000838c        -       0x00000001   Zero   RW          577    .bss.g_card_inserted  bsp_sdhi_sdcard.o
    0x2000838d        -       0x00000300   Zero   RW          176    .bss.g_cmd_line_buf  bsp_wifi_esp8266.o
    0x2000868d   0x00000184   0x00000001   PAD
    0x2000868e        -       0x00000002   Zero   RW          175    .bss.g_cmd_line_len  bsp_wifi_esp8266.o
    0x20008690        -       0x00000001   Zero   RW          174    .bss.g_cmd_line_overflow  bsp_wifi_esp8266.o
    0x20008691   0x00000184   0x00000003   PAD
    0x20008694        -       0x00000018   Zero   RW          218    .bss.g_cmd_rx_buf   circle_buf.o
    0x200086ac        -       0x000011ac   Zero   RW          636    .bss.g_commit_sm    appliance_identification.o
    0x20009858        -       0x00000070   Zero   RW          635    .bss.g_commit_task  appliance_identification.o
    0x200098c8        -       0x00000008   Zero   RW         1253    .bss.g_elc_ctrl     common_data.o
    0x200098d0        -       0x00000050   Zero   RW          518    .bss.g_evt_det      uart_hlw.o
    0x20009920        -       0x00000001   Zero   RW          520    .bss.g_evt_inited   uart_hlw.o
    0x20009921        -       0x00000001   Zero   RW          104    .bss.g_force_upload_flag  hal_entry.o
    0x20009922   0x00000184   0x00000002   PAD
    0x20009924        -       0x00000008   Zero   RW         1255    .bss.g_ioport_ctrl  common_data.o
    0x2000992c        -       0x00000004   Zero   RW          540    .bss.g_key_single_event  key.o
    0x20009930        -       0x00000010   Zero   RW          519    .bss.g_lowpower_log_tick  uart_hlw.o
    0x20009940        -       0x00000004   Zero   RW          109    .bss.g_net_next_retry_tick  hal_entry.o
    0x20009944        -       0x00000001   Zero   RW          107    .bss.g_net_ready    hal_entry.o
    0x20009945        -       0x00000001   Zero   RW          108    .bss.g_net_retry_idx  hal_entry.o
    0x20009946   0x00000184   0x00000002   PAD
    0x20009948        -       0x000000d0   Zero   RW          634    .bss.g_pending      appliance_identification.o
    0x20009a18        -       0x0000000a   Zero   RW          937    .bss.g_protect_counters  bsp_register_protection.o
    0x20009a22   0x00000184   0x00000002   PAD
    0x20009a24        -       0x00000004   Zero   RW          913    .bss.g_protect_pfswe_counter  bsp_io.o
    0x20009a28        -       0x00000030   Zero   RW          560    .bss.g_relay_pulse  relay.o
    0x20009a58        -       0x00000020   Zero   RW          633    .bss.g_replug       appliance_identification.o
    0x20009a78        -       0x00000018   Zero   RW          216    .bss.g_rx_buf       circle_buf.o
    0x20009a90        -       0x0000024c   Zero   RW         1278    .bss.g_sdmmc0_ctrl  hal_data.o
    0x20009cdc        -       0x00000020   Zero   RW         1292    .bss.g_timer0_ctrl  hal_data.o
    0x20009cfc        -       0x00000020   Zero   RW         1275    .bss.g_timer1_ctrl  hal_data.o
    0x20009d1c        -       0x00000004   Zero   RW          575    .bss.g_transfer_complete  bsp_sdhi_sdcard.o
    0x20009d20        -       0x00000018   Zero   RW         1281    .bss.g_transfer_sdhi_ctrl  hal_data.o
    0x20009d38        -       0x000002d2   Zero   RW          171    .bss.g_tx_active    bsp_wifi_esp8266.o
    0x2000a00a        -       0x000000a0   Zero   RW          172    .bss.g_tx_cmd_buf   bsp_wifi_esp8266.o
    0x2000a0aa   0x00000184   0x00000002   PAD
    0x2000a0ac        -       0x00000004   Zero   RW          173    .bss.g_tx_deadline  bsp_wifi_esp8266.o
    0x2000a0b0        -       0x00000001   Zero   RW          170    .bss.g_tx_has_active  bsp_wifi_esp8266.o
    0x2000a0b1        -       0x00000001   Zero   RW          179    .bss.g_tx_q_count   bsp_wifi_esp8266.o
    0x2000a0b2        -       0x00000001   Zero   RW          182    .bss.g_tx_q_head    bsp_wifi_esp8266.o
    0x2000a0b3        -       0x00000001   Zero   RW          181    .bss.g_tx_q_tail    bsp_wifi_esp8266.o
    0x2000a0b4        -       0x00000b48   Zero   RW          180    .bss.g_tx_queue     bsp_wifi_esp8266.o
    0x2000abfc        -       0x00000004   Zero   RW          169    .bss.g_tx_state     bsp_wifi_esp8266.o
    0x2000ac00        -       0x00000030   Zero   RW         1302    .bss.g_uart0_ctrl   hal_data.o
    0x2000ac30        -       0x00000030   Zero   RW         1297    .bss.g_uart2_esp8266_ctrl  hal_data.o
    0x2000ac60        -       0x00000001   Zero   RW          165    .bss.g_uart2_opened  bsp_wifi_esp8266.o
    0x2000ac61   0x00000184   0x00000003   PAD
    0x2000ac64        -       0x00000004   Zero   RW          167    .bss.g_uart2_rb_overflow_cnt  bsp_wifi_esp8266.o
    0x2000ac68        -       0x00000004   Zero   RW          168    .bss.g_uart2_rb_overflow_last_print  bsp_wifi_esp8266.o
    0x2000ac6c        -       0x00000004   Zero   RW          166    .bss.g_uart2_rb_overflow_last_tick  bsp_wifi_esp8266.o
    0x2000ac70        -       0x00000030   Zero   RW         1288    .bss.g_uart3_ctrl   hal_data.o
    0x2000aca0        -       0x00000004   Zero   RW          511    .bss.g_uart3_tx_complete  uart_hlw.o
    0x2000aca4        -       0x00000004   Zero   RW          416    .bss.global_error.0  cjson.o
    0x2000aca8        -       0x00000004   Zero   RW          417    .bss.global_error.1  cjson.o
    0x2000acac        -       0x00000044   Zero   RW          923    .bss.gp_renesas_isr_context  bsp_irq.o
    0x2000acf0        -       0x00000004   Zero   RW          450    .bss.handle_uart_json_stream.brace_count  cjson_handle.o
    0x2000acf4        -       0x00000001   Zero   RW          452    .bss.handle_uart_json_stream.drop_current_frame  cjson_handle.o
    0x2000acf5   0x00000184   0x00000003   PAD
    0x2000acf8        -       0x00000004   Zero   RW          453    .bss.handle_uart_json_stream.json_too_long_drop_cnt  cjson_handle.o
    0x2000acfc        -       0x00000004   Zero   RW          454    .bss.handle_uart_json_stream.json_too_long_last_print  cjson_handle.o
    0x2000ad00        -       0x00000004   Zero   RW          455    .bss.handle_uart_json_stream.json_too_long_last_tick  cjson_handle.o
    0x2000ad04        -       0x00000004   Zero   RW          451    .bss.handle_uart_json_stream.last_byte_time  cjson_handle.o
    0x2000ad08        -       0x00000002   Zero   RW          449    .bss.handle_uart_json_stream.pos  cjson_handle.o
    0x2000ad0a        -       0x00000200   Zero   RW          456    .bss.json_process_buf  cjson_handle.o
    0x2000af0a   0x00000184   0x00000002   PAD
    0x2000af0c        -       0x00000080   Zero   RW          538    .bss.key            key.o
    0x2000af8c        -       0x00000004   Zero   RW          654    .bss.last_dbg       event_detector.o
    0x2000af90        -       0x00000004   Zero   RW          103    .bss.last_report    hal_entry.o
    0x2000af94        -       0x00000004   Zero   RW          110    .bss.last_upload_tick  hal_entry.o
    0x2000af98        -       0x00000018   Zero   RW          578    .bss.my_sdmmc_device  bsp_sdhi_sdcard.o
    0x2000afb0        -       0x00000004   Zero   RW          539    .bss.num            key.o
    0x2000afb4        -       0x00000004   Zero   RW          106    .bss.res_sd         hal_entry.o
    0x2000afb8        -       0x00001000   Zero   RW          217    .bss.rx_buf         circle_buf.o
    0x2000bfb8        -       0x00000001   Zero   RW          197    .bss.uart_send_complete_flag  bsp_debug_uart.o
    0x2000bfb9   0x00000184   0x00000003   PAD
    0x2000bfbc        -       0x00000004   Zero   RW          447    .bss.upload_strip_status.s_last_upload_tick  cjson_handle.o
    0x2000bfc0        -       0x00000004   Zero   RW          448    .bss.upload_strip_status.s_status_perf_tick  cjson_handle.o


    Execution Region __ram_thread_stack (Exec base: 0x2000bfc8, Load base: 0x00000184, Size: 0x00000000, Max: 0xffffffff, ABSOLUTE, UNINIT)

    **** No section assigned to this execution region ****


    Execution Region __ddsc_RAM_END (Exec base: 0x2000c000, Load base: 0x00000184, Size: 0x00000000, Max: 0x00000000, ABSOLUTE)

    Exec Addr    Load Addr    Size         Type   Attr      Idx    E Section Name        Object

    0x2000c000        -       0x00000000   Zero   RW           26    __ddsc_RAM_END.bss  anon$$obj.o


    Execution Region .ram.endof (Exec base: 0x2000c000, Load base: 0x00000184, Size: 0x00000000, Max: 0x00000000, ABSOLUTE)

    Exec Addr    Load Addr    Size         Type   Attr      Idx    E Section Name        Object

    0x2000c000        -       0x00000000   Zero   RW           27    .ram.endof.bss      anon$$obj.o


    Execution Region __RAM_end (Exec base: 0x2000c000, Load base: 0x00000184, Size: 0x00000000, Max: 0x00000000, ABSOLUTE)

    Exec Addr    Load Addr    Size         Type   Attr      Idx    E Section Name        Object

    0x2000c000        -       0x00000000   Zero   RW           28    __RAM_end.bss       anon$$obj.o



  Load Region LOAD_REGION_FLASH_JUMP (Base: 0x00000188, Size: 0x00020fec, Max: 0xffffffff, ABSOLUTE)

    Execution Region __flash_readonly (Exec base: 0x00000188, Load base: 0x00000188, Size: 0x00020fec, Max: 0xffffffff, ABSOLUTE, FIXED)

    Exec Addr    Load Addr    Size         Type   Attr      Idx    E Section Name        Object

    0x00000188   0x00000188   0x00000062   Code   RO         1346    .text               mc_w.l(uldiv.o)
    0x000001ea   0x000001ea   0x0000000c   Code   RO         1350    .text               mc_w.l(tolower.o)
    0x000001f6   0x000001f6   0x00000024   Code   RO         1355    .text               mc_w.l(memcpya.o)
    0x0000021a   0x0000021a   0x00000024   Code   RO         1357    .text               mc_w.l(memseta.o)
    0x0000023e   0x0000023e   0x00000024   Code   RO         1359    .text               mc_w.l(strstr.o)
    0x00000262   0x00000262   0x00000018   Code   RO         1361    .text               mc_w.l(strncpy.o)
    0x0000027a   0x0000027a   0x00000014   Code   RO         1363    .text               mc_w.l(strchr.o)
    0x0000028e   0x0000028e   0x0000000e   Code   RO         1365    .text               mc_w.l(strlen.o)
    0x0000029c   0x0000029c   0x0000001c   Code   RO         1367    .text               mc_w.l(strcmp.o)
    0x000002b8   0x000002b8   0x00000014   Code   RO         1369    .text               mc_w.l(memchr.o)
    0x000002cc   0x000002cc   0x0000001a   Code   RO         1371    .text               mc_w.l(memcmp.o)
    0x000002e6   0x000002e6   0x0000001e   Code   RO         1375    .text               mc_w.l(strncmp.o)
    0x00000304   0x00000304   0x00000016   Code   RO         1377    .text               mc_w.l(strrchr.o)
    0x0000031a   0x0000031a   0x00000002   PAD
    0x0000031c   0x0000031c   0x00000038   Code   RO         1670    .text               mc_w.l(__0sscanf.o)
    0x00000354   0x00000354   0x0000014c   Code   RO         1672    .text               mc_w.l(_scanf_int.o)
    0x000004a0   0x000004a0   0x000000e0   Code   RO         1674    .text               mc_w.l(_scanf_str.o)
    0x00000580   0x00000580   0x00000360   Code   RO         1676    .text               mc_w.l(scanf_fp.o)
    0x000008e0   0x000008e0   0x0000014e   Code   RO         1681    .text               mf_w.l(dadd.o)
    0x00000a2e   0x00000a2e   0x000000e4   Code   RO         1683    .text               mf_w.l(dmul.o)
    0x00000b12   0x00000b12   0x000000de   Code   RO         1685    .text               mf_w.l(ddiv.o)
    0x00000bf0   0x00000bf0   0x00000036   Code   RO         1687    .text               mf_w.l(dcmple.o)
    0x00000c26   0x00000c26   0x00000036   Code   RO         1689    .text               mf_w.l(dcmplt.o)
    0x00000c5c   0x00000c5c   0x00000036   Code   RO         1691    .text               mf_w.l(dcmpge.o)
    0x00000c92   0x00000c92   0x00000036   Code   RO         1693    .text               mf_w.l(dcmpgt.o)
    0x00000cc8   0x00000cc8   0x00000038   Code   RO         1695    .text               mf_w.l(dcmpeq.o)
    0x00000d00   0x00000d00   0x00000022   Code   RO         1697    .text               mf_w.l(dflti.o)
    0x00000d22   0x00000d22   0x0000001a   Code   RO         1699    .text               mf_w.l(dfltui.o)
    0x00000d3c   0x00000d3c   0x0000003e   Code   RO         1701    .text               mf_w.l(dfixi.o)
    0x00000d7a   0x00000d7a   0x00000032   Code   RO         1703    .text               mf_w.l(dfixui.o)
    0x00000dac   0x00000dac   0x00000026   Code   RO         1705    .text               mf_w.l(f2d.o)
    0x00000dd2   0x00000dd2   0x00000038   Code   RO         1707    .text               mf_w.l(d2f.o)
    0x00000e0a   0x00000e0a   0x0000002c   Code   RO         1719    .text               mc_w.l(uidiv.o)
    0x00000e36   0x00000e36   0x0000001e   Code   RO         1721    .text               mc_w.l(llshl.o)
    0x00000e54   0x00000e54   0x00000020   Code   RO         1723    .text               mc_w.l(llushr.o)
    0x00000e74   0x00000e74   0x00000024   Code   RO         1725    .text               mc_w.l(llsshr.o)
    0x00000e98   0x00000e98   0x0000001c   Code   RO         1729    .text               mc_w.l(_chval.o)
    0x00000eb4   0x00000eb4   0x00000028   Code   RO         1731    .text               mc_w.l(scanf_char.o)
    0x00000edc   0x00000edc   0x00000040   Code   RO         1733    .text               mc_w.l(_sgetc.o)
    0x00000f1c   0x00000f1c   0x000000a8   Code   RO         1735    .text               mc_w.l(strtod.o)
    0x00000fc4   0x00000fc4   0x00000000   Code   RO         1737    .text               mc_w.l(iusefp.o)
    0x00000fc4   0x00000fc4   0x0000006e   Code   RO         1738    .text               mf_w.l(fepilogue.o)
    0x00001032   0x00001032   0x000000ba   Code   RO         1740    .text               mf_w.l(depilogue.o)
    0x000010ec   0x000010ec   0x00000018   Code   RO         1742    .text               mf_w.l(dfltul.o)
    0x00001104   0x00001104   0x00000030   Code   RO         1744    .text               mf_w.l(dfixul.o)
    0x00001134   0x00001134   0x00000030   Code   RO         1746    .text               mf_w.l(cdrcmple.o)
    0x00001164   0x00001164   0x0000000a   Code   RO         1748    .text               mc_w.l(isspace_c.o)
    0x0000116e   0x0000116e   0x00000002   PAD
    0x00001170   0x00001170   0x0000032c   Code   RO         1750    .text               mc_w.l(_scanf.o)
    0x0000149c   0x0000149c   0x00000028   Code   RO         1752    .text               mc_w.l(ctype_c.o)
    0x000014c4   0x000014c4   0x00000474   Code   RO          618    .text.AI_Commit_Task  appliance_identification.o
    0x00001938   0x00001938   0x00000228   Code   RO          628    .text.AI_Recognition_Engine  appliance_identification.o
    0x00001b60   0x00001b60   0x0000008a   Code   RO          624    .text.AI_Replug_Task  appliance_identification.o
    0x00001bea   0x00001bea   0x00000070   Code   RO          616    .text.AI_Request_Commit_Pending  appliance_identification.o
    0x00001c5a   0x00001c5a   0x000000ac   Code   RO          622    .text.AI_Request_Relearn_Replug  appliance_identification.o
    0x00001d06   0x00001d06   0x00000022   Code   RO          608    .text.AI_Reset      appliance_identification.o
    0x00001d28   0x00001d28   0x00000074   Code   RO          606    .text.AI_Trigger_Sampling  appliance_identification.o
    0x00001d9c   0x00001d9c   0x0000014c   Code   RO          502    .text.BL0942_Poll_Task  uart_hlw.o
    0x00001ee8   0x00001ee8   0x00000032   Code   RO          212    .text.BL0942_circlebuf_init  circle_buf.o
    0x00001f1a   0x00001f1a   0x00000002   PAD
    0x00001f1c   0x00001f1c   0x000000f0   Code   RO          138    .text.Connect_MQTT  bsp_wifi_esp8266.o
    0x0000200c   0x0000200c   0x00000004   PAD
    0x00002010   0x00002010   0x00000448   Code   RO          504    .text.Data_Processing  uart_hlw.o
    0x00002458   0x00002458   0x00000014   Code   RO          191    .text.Debug_UART0_Init  bsp_debug_uart.o
    0x0000246c   0x0000246c   0x00000004   Code   RO          812    .text.Default_Handler  startup.o
    0x00002470   0x00002470   0x00000058   Code   RO          492    .text.ELCDrvInit    uart_hlw.o
    0x000024c8   0x000024c8   0x00000100   Code   RO          130    .text.ESP8266_ATE0  bsp_wifi_esp8266.o
    0x000025c8   0x000025c8   0x000000fc   Code   RO          126    .text.ESP8266_Hard_Reset  bsp_wifi_esp8266.o
    0x000026c4   0x000026c4   0x000001ec   Code   RO          122    .text.ESP8266_MQTT_Test  bsp_wifi_esp8266.o
    0x000028b0   0x000028b0   0x000000a8   Code   RO          128    .text.ESP8266_STA   bsp_wifi_esp8266.o
    0x00002958   0x00002958   0x0000018c   Code   RO          134    .text.ESP8266_STA_JoinAP  bsp_wifi_esp8266.o
    0x00002ae4   0x00002ae4   0x00000318   Code   RO          154    .text.ESP8266_TxTask  bsp_wifi_esp8266.o
    0x00002dfc   0x00002dfc   0x00000016   Code   RO          650    .text.EventDetector_Init  event_detector.o
    0x00002e12   0x00002e12   0x00000002   PAD
    0x00002e14   0x00002e14   0x00000214   Code   RO          652    .text.EventDetector_Update  event_detector.o
    0x00003028   0x00003028   0x00000060   Code   RO          490    .text.GPTDrvInit_elc  uart_hlw.o
    0x00003088   0x00003088   0x0000000c   Code   RO          469    .text.HAL_GetTick   systick.o
    0x00003094   0x00003094   0x00000308   Code   RO          630    .text.Identify_Appliance_In_SD  appliance_identification.o
    0x0000339c   0x0000339c   0x00000060   Code   RO          534    .text.Key_GPT_Init  key.o
    0x000033fc   0x000033fc   0x000000e0   Code   RO          136    .text.MQTT_SetUserProperty  bsp_wifi_esp8266.o
    0x000034dc   0x000034dc   0x00000044   Code   RO          901    .text.NMI_Handler   bsp_group_irq.o
    0x00003520   0x00003520   0x0000007a   Code   RO          859    .text.R_BSP_Init_RTC  bsp_clocks.o
    0x0000359a   0x0000359a   0x0000004e   Code   RO          935    .text.R_BSP_RegisterProtectDisable  bsp_register_protection.o
    0x000035e8   0x000035e8   0x00000052   Code   RO          933    .text.R_BSP_RegisterProtectEnable  bsp_register_protection.o
    0x0000363a   0x0000363a   0x00000058   Code   RO          887    .text.R_BSP_SoftwareDelay  bsp_delay.o
    0x00003692   0x00003692   0x0000000e   Code   RO          857    .text.R_BSP_SourceClockHzGet  bsp_clocks.o
    0x000036a0   0x000036a0   0x00000002   Code   RO          853    .text.R_BSP_SubClockStabilizeWaitAfterReset  bsp_clocks.o
    0x000036a2   0x000036a2   0x0000001c   Code   RO          100    .text.R_BSP_WarmStart  hal_entry.o
    0x000036be   0x000036be   0x0000000a   Code   RO         1007    .text.R_DMAC_CallbackSet  r_dmac.o
    0x000036c8   0x000036c8   0x0000005c   Code   RO         1003    .text.R_DMAC_Close  r_dmac.o
    0x00003724   0x00003724   0x00000028   Code   RO          995    .text.R_DMAC_Disable  r_dmac.o
    0x0000374c   0x0000374c   0x0000000a   Code   RO          993    .text.R_DMAC_Enable  r_dmac.o
    0x00003756   0x00003756   0x0000002c   Code   RO         1001    .text.R_DMAC_InfoGet  r_dmac.o
    0x00003782   0x00003782   0x00000060   Code   RO          987    .text.R_DMAC_Open   r_dmac.o
    0x000037e2   0x000037e2   0x00000012   Code   RO          989    .text.R_DMAC_Reconfigure  r_dmac.o
    0x000037f4   0x000037f4   0x00000004   Code   RO         1005    .text.R_DMAC_Reload  r_dmac.o
    0x000037f8   0x000037f8   0x00000064   Code   RO          991    .text.R_DMAC_Reset  r_dmac.o
    0x0000385c   0x0000385c   0x0000000c   Code   RO          997    .text.R_DMAC_SoftwareStart  r_dmac.o
    0x00003868   0x00003868   0x0000000a   Code   RO          999    .text.R_DMAC_SoftwareStop  r_dmac.o
    0x00003872   0x00003872   0x00000012   Code   RO         1024    .text.R_ELC_Close   r_elc.o
    0x00003884   0x00003884   0x00000010   Code   RO         1034    .text.R_ELC_Disable  r_elc.o
    0x00003894   0x00003894   0x00000010   Code   RO         1032    .text.R_ELC_Enable  r_elc.o
    0x000038a4   0x000038a4   0x00000012   Code   RO         1030    .text.R_ELC_LinkBreak  r_elc.o
    0x000038b6   0x000038b6   0x00000010   Code   RO         1028    .text.R_ELC_LinkSet  r_elc.o
    0x000038c6   0x000038c6   0x00000002   PAD
    0x000038c8   0x000038c8   0x00000064   Code   RO         1022    .text.R_ELC_Open    r_elc.o
    0x0000392c   0x0000392c   0x0000001e   Code   RO         1026    .text.R_ELC_SoftwareEventGenerate  r_elc.o
    0x0000394a   0x0000394a   0x0000000e   Code   RO         1067    .text.R_GPT_CallbackSet  r_gpt.o
    0x00003958   0x00003958   0x00000124   Code   RO         1069    .text.R_GPT_Close   r_gpt.o
    0x00003a7c   0x00003a7c   0x0000001c   Code   RO         1061    .text.R_GPT_CompareMatchSet  r_gpt.o
    0x00003a98   0x00003a98   0x0000001e   Code   RO         1055    .text.R_GPT_Disable  r_gpt.o
    0x00003ab6   0x00003ab6   0x00000004   Code   RO         1059    .text.R_GPT_DutyCycleSet  r_gpt.o
    0x00003aba   0x00003aba   0x00000036   Code   RO         1053    .text.R_GPT_Enable  r_gpt.o
    0x00003af0   0x00003af0   0x00000040   Code   RO         1063    .text.R_GPT_InfoGet  r_gpt.o
    0x00003b30   0x00003b30   0x0000034a   Code   RO         1045    .text.R_GPT_Open    r_gpt.o
    0x00003e7a   0x00003e7a   0x0000001a   Code   RO         1057    .text.R_GPT_PeriodSet  r_gpt.o
    0x00003e94   0x00003e94   0x0000000a   Code   RO         1051    .text.R_GPT_Reset   r_gpt.o
    0x00003e9e   0x00003e9e   0x0000000a   Code   RO         1047    .text.R_GPT_Start   r_gpt.o
    0x00003ea8   0x00003ea8   0x00000012   Code   RO         1065    .text.R_GPT_StatusGet  r_gpt.o
    0x00003eba   0x00003eba   0x0000000a   Code   RO         1049    .text.R_GPT_Stop    r_gpt.o
    0x00003ec4   0x00003ec4   0x0000000a   Code   RO         1110    .text.R_IOPORT_Close  r_ioport.o
    0x00003ece   0x00003ece   0x00000016   Code   RO         1108    .text.R_IOPORT_Open  r_ioport.o
    0x00003ee4   0x00003ee4   0x000000b2   Code   RO         1114    .text.R_IOPORT_PinCfg  r_ioport.o
    0x00003f96   0x00003f96   0x00000028   Code   RO         1116    .text.R_IOPORT_PinEventInputRead  r_ioport.o
    0x00003fbe   0x00003fbe   0x00000052   Code   RO         1118    .text.R_IOPORT_PinEventOutputWrite  r_ioport.o
    0x00004010   0x00004010   0x00000022   Code   RO         1120    .text.R_IOPORT_PinRead  r_ioport.o
    0x00004032   0x00004032   0x00000028   Code   RO         1122    .text.R_IOPORT_PinWrite  r_ioport.o
    0x0000405a   0x0000405a   0x0000000c   Code   RO         1112    .text.R_IOPORT_PinsCfg  r_ioport.o
    0x00004066   0x00004066   0x0000002c   Code   RO         1124    .text.R_IOPORT_PortDirectionSet  r_ioport.o
    0x00004092   0x00004092   0x00000018   Code   RO         1126    .text.R_IOPORT_PortEventInputRead  r_ioport.o
    0x000040aa   0x000040aa   0x00000020   Code   RO         1128    .text.R_IOPORT_PortEventOutputWrite  r_ioport.o
    0x000040ca   0x000040ca   0x00000016   Code   RO         1130    .text.R_IOPORT_PortRead  r_ioport.o
    0x000040e0   0x000040e0   0x00000020   Code   RO         1132    .text.R_IOPORT_PortWrite  r_ioport.o
    0x00004100   0x00004100   0x00000022   Code   RO         1157    .text.R_SCI_UART_Abort  r_sci_uart.o
    0x00004122   0x00004122   0x00000068   Code   RO         1153    .text.R_SCI_UART_BaudSet  r_sci_uart.o
    0x0000418a   0x0000418a   0x0000000e   Code   RO         1159    .text.R_SCI_UART_CallbackSet  r_sci_uart.o
    0x00004198   0x00004198   0x000000a6   Code   RO         1161    .text.R_SCI_UART_Close  r_sci_uart.o
    0x0000423e   0x0000423e   0x0000000c   Code   RO         1155    .text.R_SCI_UART_InfoGet  r_sci_uart.o
    0x0000424a   0x0000424a   0x0000033c   Code   RO         1147    .text.R_SCI_UART_Open  r_sci_uart.o
    0x00004586   0x00004586   0x0000000a   Code   RO         1149    .text.R_SCI_UART_Read  r_sci_uart.o
    0x00004590   0x00004590   0x0000000e   Code   RO         1163    .text.R_SCI_UART_ReadStop  r_sci_uart.o
    0x0000459e   0x0000459e   0x00000004   Code   RO         1167    .text.R_SCI_UART_ReceiveResume  r_sci_uart.o
    0x000045a2   0x000045a2   0x00000004   Code   RO         1165    .text.R_SCI_UART_ReceiveSuspend  r_sci_uart.o
    0x000045a6   0x000045a6   0x0000004c   Code   RO         1151    .text.R_SCI_UART_Write  r_sci_uart.o
    0x000045f2   0x000045f2   0x00000002   PAD
    0x000045f4   0x000045f4   0x000002ba   Code   RO         1194    .text.R_SDHI_MediaInit  r_sdhi.o
    0x000048ae   0x000048ae   0x00000116   Code   RO         1192    .text.R_SDHI_Open   r_sdhi.o
    0x000049c4   0x000049c4   0x00000078   Code   RO         1196    .text.R_SDHI_Read   r_sdhi.o
    0x00004a3c   0x00004a3c   0x00000034   Code   RO         1210    .text.R_SDHI_StatusGet  r_sdhi.o
    0x00004a70   0x00004a70   0x000000f6   Code   RO         1198    .text.R_SDHI_Write  r_sdhi.o
    0x00004b66   0x00004b66   0x00000002   PAD
    0x00004b68   0x00004b68   0x000000b4   Code   RO          557    .text.Relay_Reset_All  relay.o
    0x00004c1c   0x00004c1c   0x00000018   Code   RO          553    .text.Relay_Set_OFF  relay.o
    0x00004c34   0x00004c34   0x00000016   Code   RO          549    .text.Relay_Set_ON  relay.o
    0x00004c4a   0x00004c4a   0x00000002   PAD
    0x00004c4c   0x00004c4c   0x00000054   Code   RO          555    .text.Relay_Task    relay.o
    0x00004ca0   0x00004ca0   0x0000000a   Code   RO          810  * .text.Reset_Handler  startup.o
    0x00004caa   0x00004caa   0x00000030   Code   RO          569    .text.SDCard_Init   bsp_sdhi_sdcard.o
    0x00004cda   0x00004cda   0x00000002   PAD
    0x00004cdc   0x00004cdc   0x000000f0   Code   RO          152    .text.Send_Data_Raw  bsp_wifi_esp8266.o
    0x00004dcc   0x00004dcc   0x000000dc   Code   RO          610    .text.Socket_Command_Handler  appliance_identification.o
    0x00004ea8   0x00004ea8   0x0000012c   Code   RO          140    .text.Subscribes_Topics  bsp_wifi_esp8266.o
    0x00004fd4   0x00004fd4   0x00000010   Code   RO          467    .text.SysTick_Handler  systick.o
    0x00004fe4   0x00004fe4   0x0000002c   Code   RO          843    .text.SystemCoreClockUpdate  bsp_clocks.o
    0x00005010   0x00005010   0x000000a2   Code   RO          824    .text.SystemInit    system.o
    0x000050b2   0x000050b2   0x00000002   PAD
    0x000050b4   0x000050b4   0x0000005a   Code   RO          828    .text.SystemRuntimeInit  system.o
    0x0000510e   0x0000510e   0x00000046   Code   RO          465    .text.SystickInit   systick.o
    0x00005154   0x00005154   0x00000006   Code   RO          874    .text.__aeabi_assert  bsp_common.o
    0x0000515a   0x0000515a   0x00000030   Code   RO          290    .text.add_item_to_array  cjson.o
    0x0000518a   0x0000518a   0x0000007e   Code   RO          294    .text.add_item_to_object  cjson.o
    0x00005208   0x00005208   0x0000012a   Code   RO          849    .text.bsp_clock_init  bsp_clocks.o
    0x00005332   0x00005332   0x00000002   Code   RO          870    .text.bsp_init_internal  bsp_common.o
    0x00005334   0x00005334   0x0000008a   Code   RO          920    .text.bsp_irq_cfg   bsp_irq.o
    0x000053be   0x000053be   0x00000008   Code   RO          889    .text.bsp_prv_software_delay_loop  bsp_delay.o
    0x000053c6   0x000053c6   0x00000002   PAD
    0x000053c8   0x000053c8   0x000000d8   Code   RO         1136    .text.bsp_vbatt_init  r_ioport.o
    0x000054a0   0x000054a0   0x00000032   Code   RO          258    .text.buffer_skip_whitespace  cjson.o
    0x000054d2   0x000054d2   0x0000004a   Code   RO          314    .text.cJSON_AddBoolToObject  cjson.o
    0x0000551c   0x0000551c   0x00000004   Code   RO          288    .text.cJSON_AddItemToArray  cjson.o
    0x00005520   0x00005520   0x00000006   Code   RO          292    .text.cJSON_AddItemToObject  cjson.o
    0x00005526   0x00005526   0x00000002   PAD
    0x00005528   0x00005528   0x000000a8   Code   RO          318    .text.cJSON_AddNumberToObject  cjson.o
    0x000055d0   0x000055d0   0x00000028   Code   RO          322    .text.cJSON_AddStringToObject  cjson.o
    0x000055f8   0x000055f8   0x00000024   Code   RO          336    .text.cJSON_CreateArray  cjson.o
    0x0000561c   0x0000561c   0x00000024   Code   RO          332    .text.cJSON_CreateObject  cjson.o
    0x00005640   0x00005640   0x00000054   Code   RO          324    .text.cJSON_CreateString  cjson.o
    0x00005694   0x00005694   0x00000058   Code   RO          244    .text.cJSON_Delete  cjson.o
    0x000056ec   0x000056ec   0x00000006   Code   RO          280    .text.cJSON_GetObjectItem  cjson.o
    0x000056f2   0x000056f2   0x00000014   Code   RO          238    .text.cJSON_IsNumber  cjson.o
    0x00005706   0x00005706   0x00000014   Code   RO          396    .text.cJSON_IsObject  cjson.o
    0x0000571a   0x0000571a   0x00000014   Code   RO          234    .text.cJSON_IsString  cjson.o
    0x0000572e   0x0000572e   0x00000008   Code   RO          260    .text.cJSON_Parse   cjson.o
    0x00005736   0x00005736   0x00000002   PAD
    0x00005738   0x00005738   0x00000100   Code   RO          254    .text.cJSON_ParseWithLengthOpts  cjson.o
    0x00005838   0x00005838   0x00000022   Code   RO          252    .text.cJSON_ParseWithOpts  cjson.o
    0x0000585a   0x0000585a   0x00000006   Code   RO          268    .text.cJSON_PrintUnformatted  cjson.o
    0x00005860   0x00005860   0x000000d0   Code   RO          764    .text.check_fs      ff.o
    0x00005930   0x00005930   0x00000026   Code   RO          208    .text.circlebuf_get  circle_buf.o
    0x00005956   0x00005956   0x00000052   Code   RO          206    .text.circlebuf_init  circle_buf.o
    0x000059a8   0x000059a8   0x00000028   Code   RO          210    .text.circlebuf_put  circle_buf.o
    0x000059d0   0x000059d0   0x0000011e   Code   RO          706    .text.create_chain  ff.o
    0x00005aee   0x00005aee   0x00000040   Code   RO          193    .text.debug_uart0_callback  bsp_debug_uart.o
    0x00005b2e   0x00005b2e   0x00000002   PAD
    0x00005b30   0x00005b30   0x00000066   Code   RO          742    .text.dir_clear     ff.o
    0x00005b96   0x00005b96   0x00000002   PAD
    0x00005b98   0x00005b98   0x00000174   Code   RO          766    .text.dir_find      ff.o
    0x00005d0c   0x00005d0c   0x000000f0   Code   RO          728    .text.dir_next      ff.o
    0x00005dfc   0x00005dfc   0x000002ce   Code   RO          692    .text.dir_register  ff.o
    0x000060ca   0x000060ca   0x00000002   PAD
    0x000060cc   0x000060cc   0x000000a0   Code   RO          718    .text.dir_sdi       ff.o
    0x0000616c   0x0000616c   0x000000ac   Code   RO          666    .text.disk_initialize  diskio.o
    0x00006218   0x00006218   0x0000005c   Code   RO          672    .text.disk_ioctl    diskio.o
    0x00006274   0x00006274   0x00000034   Code   RO          668    .text.disk_read     diskio.o
    0x000062a8   0x000062a8   0x0000000c   Code   RO          664    .text.disk_status   diskio.o
    0x000062b4   0x000062b4   0x00000034   Code   RO          670    .text.disk_write    diskio.o
    0x000062e8   0x000062e8   0x00000048   Code   RO         1011    .text.dmac_int_isr  r_dmac.o
    0x00006330   0x00006330   0x0000008e   Code   RO          412    .text.ensure        cjson.o
    0x000063be   0x000063be   0x00000002   PAD
    0x000063c0   0x000063c0   0x00000120   Code   RO          156    .text.esp8266_uart2_callback  bsp_wifi_esp8266.o
    0x000064e0   0x000064e0   0x0000005e   Code   RO          148    .text.esp_wait_response  bsp_wifi_esp8266.o
    0x0000653e   0x0000653e   0x0000001e   Code   RO          712    .text.f_close       ff.o
    0x0000655c   0x0000655c   0x00000188   Code   RO          750    .text.f_gets        ff.o
    0x000066e4   0x000066e4   0x00000184   Code   RO          714    .text.f_lseek       ff.o
    0x00006868   0x00006868   0x00000050   Code   RO          682    .text.f_mount       ff.o
    0x000068b8   0x000068b8   0x0000022c   Code   RO          688    .text.f_open        ff.o
    0x00006ae4   0x00006ae4   0x000001a2   Code   RO          700    .text.f_read        ff.o
    0x00006c86   0x00006c86   0x00000096   Code   RO          708    .text.f_sync        ff.o
    0x00006d1c   0x00006d1c   0x000001d0   Code   RO          704    .text.f_write       ff.o
    0x00006eec   0x00006eec   0x0000005a   Code   RO          793    .text.ff_uni2oem    ffunicode.o
    0x00006f46   0x00006f46   0x00000002   PAD
    0x00006f48   0x00006f48   0x000000a0   Code   RO          797    .text.ff_wtoupper   ffunicode.o
    0x00006fe8   0x00006fe8   0x0000004c   Code   RO          762    .text.find_volume   ff.o
    0x00007034   0x00007034   0x00000374   Code   RO          690    .text.follow_path   ff.o
    0x000073a8   0x000073a8   0x00000030   Code   RO          195    .text.fputc         bsp_debug_uart.o
    0x000073d8   0x000073d8   0x0000005e   Code   RO          573    .text.g_sdmmc0_callback  bsp_sdhi_sdcard.o
    0x00007436   0x00007436   0x00000006   Code   RO         1269    .text.g_sdmmc0_dmac_callback  hal_data.o
    0x0000743c   0x0000743c   0x00000102   Code   RO          698    .text.get_fat       ff.o
    0x0000753e   0x0000753e   0x00000002   PAD
    0x00007540   0x00007540   0x0000004c   Code   RO          684    .text.get_ldnumber  ff.o
    0x0000758c   0x0000758c   0x000000bc   Code   RO          282    .text.get_object_item  cjson.o
    0x00007648   0x00007648   0x000001be   Code   RO         1083    .text.gpt_counter_overflow_isr  r_gpt.o
    0x00007806   0x00007806   0x0000000c   Code   RO          536    .text.gpt_timer1_callback  key.o
    0x00007812   0x00007812   0x00000002   Code   RO          496    .text.gpt_uart_callback  uart_hlw.o
    0x00007814   0x00007814   0x00000234   Code   RO           98    .text.hal_entry     hal_entry.o
    0x00007a48   0x00007a48   0x000001e4   Code   RO          441    .text.handle_uart_json_stream  cjson_handle.o
    0x00007c2c   0x00007c2c   0x00000050   Code   RO          532    .text.key_control   key.o
    0x00007c7c   0x00007c7c   0x000000dc   Code   RO          530    .text.key_timHandler_callback  key.o
    0x00007d58   0x00007d58   0x0000000a   Code   RO         1312    .text.main          main.o
    0x00007d62   0x00007d62   0x0000023c   Code   RO          686    .text.mount_volume  ff.o
    0x00007f9e   0x00007f9e   0x00000038   Code   RO          696    .text.move_window   ff.o
    0x00007fd6   0x00007fd6   0x00000002   PAD
    0x00007fd8   0x00007fd8   0x00000050   Code   RO          410    .text.parse_hex4    cjson.o
    0x00008028   0x00008028   0x0000010e   Code   RO          408    .text.parse_object  cjson.o
    0x00008136   0x00008136   0x00000002   PAD
    0x00008138   0x00008138   0x00000030   Code   RO          439    .text.parse_socket_index  cjson_handle.o
    0x00008168   0x00008168   0x000001da   Code   RO          406    .text.parse_string  cjson.o
    0x00008342   0x00008342   0x00000006   PAD
    0x00008348   0x00008348   0x000002c0   Code   RO          256    .text.parse_value   cjson.o
    0x00008608   0x00008608   0x000000b2   Code   RO          266    .text.print         cjson.o
    0x000086ba   0x000086ba   0x00000002   PAD
    0x000086bc   0x000086bc   0x00000134   Code   RO          414    .text.print_string_ptr  cjson.o
    0x000087f0   0x000087f0   0x00000448   Code   RO          272    .text.print_value   cjson.o
    0x00008c38   0x00008c38   0x00000354   Code   RO          435    .text.process_cloud_cmd  cjson_handle.o
    0x00008f8c   0x00008f8c   0x0000013a   Code   RO          770    .text.put_fat       ff.o
    0x000090c6   0x000090c6   0x00000196   Code   RO         1009    .text.r_dmac_config_transfer_info  r_dmac.o
    0x0000925c   0x0000925c   0x000000c0   Code   RO         1134    .text.r_ioport_pins_config  r_ioport.o
    0x0000931c   0x0000931c   0x00000040   Code   RO         1173    .text.r_sci_uart_call_callback  r_sci_uart.o
    0x0000935c   0x0000935c   0x00000042   Code   RO         1240    .text.r_sdhi_bus_width_set  r_sdhi.o
    0x0000939e   0x0000939e   0x0000004e   Code   RO         1228    .text.r_sdhi_call_callback  r_sdhi.o
    0x000093ec   0x000093ec   0x00000054   Code   RO         1222    .text.r_sdhi_command_send  r_sdhi.o
    0x00009440   0x00009440   0x0000005c   Code   RO         1224    .text.r_sdhi_command_send_no_wait  r_sdhi.o
    0x0000949c   0x0000949c   0x00000058   Code   RO         1218    .text.r_sdhi_irq_enable  r_sdhi.o
    0x000094f4   0x000094f4   0x00000088   Code   RO         1238    .text.r_sdhi_max_clock_rate_set  r_sdhi.o
    0x0000957c   0x0000957c   0x00000088   Code   RO         1226    .text.r_sdhi_transfer_callback  r_sdhi.o
    0x00009604   0x00009604   0x00000082   Code   RO         1220    .text.r_sdhi_transfer_read  r_sdhi.o
    0x00009686   0x00009686   0x00000002   PAD
    0x00009688   0x00009688   0x00000044   Code   RO         1236    .text.r_sdhi_wait_for_event  r_sdhi.o
    0x000096cc   0x000096cc   0x0000005a   Code   RO          551    .text.relay_start_pulse  relay.o
    0x00009726   0x00009726   0x00000002   PAD
    0x00009728   0x00009728   0x00000084   Code   RO          694    .text.remove_chain  ff.o
    0x000097ac   0x000097ac   0x0000000e   Code   RO          429    .text.request_status_upload  cjson_handle.o
    0x000097ba   0x000097ba   0x0000006a   Code   RO         1179    .text.sci_uart_eri_isr  r_sci_uart.o
    0x00009824   0x00009824   0x00000088   Code   RO         1175    .text.sci_uart_rxi_isr  r_sci_uart.o
    0x000098ac   0x000098ac   0x0000004a   Code   RO         1177    .text.sci_uart_tei_isr  r_sci_uart.o
    0x000098f6   0x000098f6   0x00000088   Code   RO         1171    .text.sci_uart_txi_isr  r_sci_uart.o
    0x0000997e   0x0000997e   0x00000148   Code   RO         1230    .text.sdhimmc_accs_isr  r_sdhi.o
    0x00009ac6   0x00009ac6   0x00000074   Code   RO         1232    .text.sdhimmc_card_isr  r_sdhi.o
    0x00009b3a   0x00009b3a   0x00000002   PAD
    0x00009b3c   0x00009b3c   0x00000120   Code   RO          437    .text.send_ack      cjson_handle.o
    0x00009c5c   0x00009c5c   0x00000082   Code   RO          710    .text.sync_fs       ff.o
    0x00009cde   0x00009cde   0x00000044   Code   RO          772    .text.sync_window   ff.o
    0x00009d22   0x00009d22   0x00000002   PAD
    0x00009d24   0x00009d24   0x000000c0   Code   RO          768    .text.tchar2uni     ff.o
    0x00009de4   0x00009de4   0x0000005c   Code   RO          498    .text.uart3_callback  uart_hlw.o
    0x00009e40   0x00009e40   0x000000ba   Code   RO          506    .text.uart_hlw_init  uart_hlw.o
    0x00009efa   0x00009efa   0x00000002   PAD
    0x00009efc   0x00009efc   0x0000024c   Code   RO          433    .text.upload_strip_status  cjson_handle.o
    0x0000a148   0x0000a148   0x00000030   Code   RO          702    .text.validate      ff.o
    0x0000a178   0x0000a178   0x00000020   Code   RO         1614    i.__0printf         mc_w.l(printfa.o)
    0x0000a198   0x0000a198   0x00000034   Code   RO         1615    i.__0snprintf       mc_w.l(printfa.o)
    0x0000a1cc   0x0000a1cc   0x00000028   Code   RO         1616    i.__0sprintf        mc_w.l(printfa.o)
    0x0000a1f4   0x0000a1f4   0x0000005c   Code   RO         1646    i.__free$realloc$2region  mc_w.l(mallocr2.o)
    0x0000a250   0x0000a250   0x00000028   Code   RO         1334    i.__hardfp_strtod   m_wm.l(strtod.o)
    0x0000a278   0x0000a278   0x00000050   Code   RO         1647    i.__malloc$realloc$2region  mc_w.l(mallocr2.o)
    0x0000a2c8   0x0000a2c8   0x0000006c   Code   RO         1648    i.__realloc$2region  mc_w.l(mallocr2.o)
    0x0000a334   0x0000a334   0x00000184   Code   RO         1621    i._fp_digits        mc_w.l(printfa.o)
    0x0000a4b8   0x0000a4b8   0x0000000e   Code   RO         1679    i._is_digit         mc_w.l(scanf_fp.o)
    0x0000a4c6   0x0000a4c6   0x00000002   PAD
    0x0000a4c8   0x0000a4c8   0x000006dc   Code   RO         1622    i._printf_core      mc_w.l(printfa.o)
    0x0000aba4   0x0000aba4   0x00000024   Code   RO         1623    i._printf_post_padding  mc_w.l(printfa.o)
    0x0000abc8   0x0000abc8   0x0000002e   Code   RO         1624    i._printf_pre_padding  mc_w.l(printfa.o)
    0x0000abf6   0x0000abf6   0x00000016   Code   RO         1625    i._snputc           mc_w.l(printfa.o)
    0x0000ac0c   0x0000ac0c   0x0000000a   Code   RO         1626    i._sputc            mc_w.l(printfa.o)
    0x0000ac16   0x0000ac16   0x00000002   PAD
    0x0000ac18   0x0000ac18   0x00000050   Code   RO         1649    i.internal_alloc    mc_w.l(mallocr2.o)
    0x0000ac68   0x0000ac68   0x00000024   Code   RO         1342    i.puts              mc_w.l(puts.o)
    0x0000ac8c   0x0000ac8c   0x00000040   Data   RO         1753    .constdata          mc_w.l(ctype_c.o)
    0x0000accc   0x0000accc   0x0000000d   Data   RO          783    .rodata.LfnOfs      ff.o
    0x0000acd9   0x0000acd9   0x00000003   PAD
    0x0000acdc   0x0000acdc   0x00000030   Data   RO          980    .rodata.copy_list   bsp_linker.o
    0x0000ad0c   0x0000ad0c   0x00000010   Data   RO          641    .rodata.cst16       appliance_identification.o
    0x0000ad1c   0x0000ad1c   0x00000020   Data   RO          559    .rodata.cst32       relay.o
    0x0000ad3c   0x0000ad3c   0x0000000c   Data   RO         1322    .rodata.g_bsp_pin_cfg  pin_data.o
    0x0000ad48   0x0000ad48   0x00000118   Data   RO         1321    .rodata.g_bsp_pin_cfg_data  pin_data.o
    0x0000ae60   0x0000ae60   0x0000000c   Data   RO         1254    .rodata.g_elc       common_data.o
    0x0000ae6c   0x0000ae6c   0x00000050   Data   RO         1263    .rodata.g_elc_cfg   elc_data.o
    0x0000aebc   0x0000aebc   0x0000001c   Data   RO         1036    .rodata.g_elc_on_elc  r_elc.o
    0x0000aed8   0x0000aed8   0x00000010   Data   RO          981    .rodata.g_init_info  bsp_linker.o
    0x0000aee8   0x0000aee8   0x00000044   Data   RO         1329    .rodata.g_interrupt_event_link_select  vector_data.o
    0x0000af2c   0x0000af2c   0x0000000c   Data   RO         1256    .rodata.g_ioport    common_data.o
    0x0000af38   0x0000af38   0x00000034   Data   RO         1138    .rodata.g_ioport_on_ioport  r_ioport.o
    0x0000af6c   0x0000af6c   0x0000000a   Data   RO          938    .rodata.g_prcr_masks  bsp_register_protection.o
    0x0000af76   0x0000af76   0x00000002   PAD
    0x0000af78   0x0000af78   0x0000000c   Data   RO         1293    .rodata.g_timer0    hal_data.o
    0x0000af84   0x0000af84   0x00000024   Data   RO         1291    .rodata.g_timer0_cfg  hal_data.o
    0x0000afa8   0x0000afa8   0x00000080   Data   RO         1290    .rodata.g_timer0_extend  hal_data.o
    0x0000b028   0x0000b028   0x0000000c   Data   RO         1276    .rodata.g_timer1    hal_data.o
    0x0000b034   0x0000b034   0x00000024   Data   RO         1274    .rodata.g_timer1_cfg  hal_data.o
    0x0000b058   0x0000b058   0x00000080   Data   RO         1273    .rodata.g_timer1_extend  hal_data.o
    0x0000b0d8   0x0000b0d8   0x00000034   Data   RO         1099    .rodata.g_timer_on_gpt  r_gpt.o
    0x0000b10c   0x0000b10c   0x0000002c   Data   RO         1013    .rodata.g_transfer_on_dmac  r_dmac.o
    0x0000b138   0x0000b138   0x0000000c   Data   RO         1282    .rodata.g_transfer_sdhi  hal_data.o
    0x0000b144   0x0000b144   0x00000008   Data   RO         1280    .rodata.g_transfer_sdhi_cfg  hal_data.o
    0x0000b14c   0x0000b14c   0x00000024   Data   RO         1279    .rodata.g_transfer_sdhi_extend  hal_data.o
    0x0000b170   0x0000b170   0x00000044   Data   RO         1301    .rodata.g_uart0_cfg  hal_data.o
    0x0000b1b4   0x0000b1b4   0x0000002c   Data   RO         1300    .rodata.g_uart0_cfg_extend  hal_data.o
    0x0000b1e0   0x0000b1e0   0x0000000c   Data   RO         1298    .rodata.g_uart2_esp8266  hal_data.o
    0x0000b1ec   0x0000b1ec   0x00000044   Data   RO         1296    .rodata.g_uart2_esp8266_cfg  hal_data.o
    0x0000b230   0x0000b230   0x0000002c   Data   RO         1295    .rodata.g_uart2_esp8266_cfg_extend  hal_data.o
    0x0000b25c   0x0000b25c   0x0000000c   Data   RO         1289    .rodata.g_uart3     hal_data.o
    0x0000b268   0x0000b268   0x00000044   Data   RO         1287    .rodata.g_uart3_cfg  hal_data.o
    0x0000b2ac   0x0000b2ac   0x0000002c   Data   RO         1286    .rodata.g_uart3_cfg_extend  hal_data.o
    0x0000b2d8   0x0000b2d8   0x0000002c   Data   RO         1181    .rodata.g_uart_on_sci  r_sci_uart.o
    0x0000b304   0x0000b304   0x00000004   Data   RO          956    .rodata.gp_ddsc_DATA_FLASH_END  bsp_linker.o
    0x0000b308   0x0000b308   0x00000004   Data   RO          955    .rodata.gp_ddsc_DATA_FLASH_START  bsp_linker.o
    0x0000b30c   0x0000b30c   0x00000004   Data   RO          958    .rodata.gp_ddsc_FLASH_END  bsp_linker.o
    0x0000b310   0x0000b310   0x00000004   Data   RO          957    .rodata.gp_ddsc_FLASH_START  bsp_linker.o
    0x0000b314   0x0000b314   0x00000004   Data   RO          966    .rodata.gp_ddsc_OPTION_SETTING_BPS_END  bsp_linker.o
    0x0000b318   0x0000b318   0x00000004   Data   RO          972    .rodata.gp_ddsc_OPTION_SETTING_BPS_SEC_END  bsp_linker.o
    0x0000b31c   0x0000b31c   0x00000004   Data   RO          971    .rodata.gp_ddsc_OPTION_SETTING_BPS_SEC_START  bsp_linker.o
    0x0000b320   0x0000b320   0x00000004   Data   RO          978    .rodata.gp_ddsc_OPTION_SETTING_BPS_SEL_END  bsp_linker.o
    0x0000b324   0x0000b324   0x00000004   Data   RO          977    .rodata.gp_ddsc_OPTION_SETTING_BPS_SEL_START  bsp_linker.o
    0x0000b328   0x0000b328   0x00000004   Data   RO          965    .rodata.gp_ddsc_OPTION_SETTING_BPS_START  bsp_linker.o
    0x0000b32c   0x0000b32c   0x00000004   Data   RO          962    .rodata.gp_ddsc_OPTION_SETTING_OFS0_END  bsp_linker.o
    0x0000b330   0x0000b330   0x00000004   Data   RO          961    .rodata.gp_ddsc_OPTION_SETTING_OFS0_START  bsp_linker.o
    0x0000b334   0x0000b334   0x00000004   Data   RO          964    .rodata.gp_ddsc_OPTION_SETTING_OFS1_END  bsp_linker.o
    0x0000b338   0x0000b338   0x00000004   Data   RO          970    .rodata.gp_ddsc_OPTION_SETTING_OFS1_SEC_END  bsp_linker.o
    0x0000b33c   0x0000b33c   0x00000004   Data   RO          969    .rodata.gp_ddsc_OPTION_SETTING_OFS1_SEC_START  bsp_linker.o
    0x0000b340   0x0000b340   0x00000004   Data   RO          976    .rodata.gp_ddsc_OPTION_SETTING_OFS1_SEL_END  bsp_linker.o
    0x0000b344   0x0000b344   0x00000004   Data   RO          975    .rodata.gp_ddsc_OPTION_SETTING_OFS1_SEL_START  bsp_linker.o
    0x0000b348   0x0000b348   0x00000004   Data   RO          963    .rodata.gp_ddsc_OPTION_SETTING_OFS1_START  bsp_linker.o
    0x0000b34c   0x0000b34c   0x00000004   Data   RO          968    .rodata.gp_ddsc_OPTION_SETTING_PBPS_END  bsp_linker.o
    0x0000b350   0x0000b350   0x00000004   Data   RO          974    .rodata.gp_ddsc_OPTION_SETTING_PBPS_SEC_END  bsp_linker.o
    0x0000b354   0x0000b354   0x00000004   Data   RO          973    .rodata.gp_ddsc_OPTION_SETTING_PBPS_SEC_START  bsp_linker.o
    0x0000b358   0x0000b358   0x00000004   Data   RO          967    .rodata.gp_ddsc_OPTION_SETTING_PBPS_START  bsp_linker.o
    0x0000b35c   0x0000b35c   0x00000004   Data   RO          954    .rodata.gp_ddsc_QSPI_FLASH_END  bsp_linker.o
    0x0000b360   0x0000b360   0x00000004   Data   RO          953    .rodata.gp_ddsc_QSPI_FLASH_START  bsp_linker.o
    0x0000b364   0x0000b364   0x00000004   Data   RO          960    .rodata.gp_ddsc_RAM_END  bsp_linker.o
    0x0000b368   0x0000b368   0x00000004   Data   RO          959    .rodata.gp_ddsc_RAM_START  bsp_linker.o
    0x0000b36c   0x0000b36c   0x00000019   Data   RO          113    .rodata.str1.1      hal_entry.o
    0x0000b385   0x0000b385   0x0000035a   Data   RO          163    .rodata.str1.1      bsp_wifi_esp8266.o
    0x0000b6df   0x0000b6df   0x00000013   Data   RO          420    .rodata.str1.1      cjson.o
    0x0000b6f2   0x0000b6f2   0x00000115   Data   RO          446    .rodata.str1.1      cjson_handle.o
    0x0000b807   0x0000b807   0x0000002d   Data   RO          521    .rodata.str1.1      uart_hlw.o
    0x0000b834   0x0000b834   0x00000035   Data   RO          579    .rodata.str1.1      bsp_sdhi_sdcard.o
    0x0000b869   0x0000b869   0x00000137   Data   RO          639    .rodata.str1.1      appliance_identification.o
    0x0000b9a0   0x0000b9a0   0x00000045   Data   RO          655    .rodata.str1.1      event_detector.o
    0x0000b9e5   0x0000b9e5   0x00000001   PAD
    0x0000b9e6   0x0000b9e6   0x000002ae   Data   RO          801    .rodata.str2.2      ffunicode.o
    0x0000bc94   0x0000bc94   0x00015484   Data   RO          799    .rodata.uni2oem936  ffunicode.o
    0x00021118   0x00021118   0x0000000c   Data   RO          979    .rodata.zero_list   bsp_linker.o
    0x00021124   0x00021124   0x00000004   Data   RO          876    .version            bsp_common.o
    0x00021128   0x00021128   0x00000006   Data   RO          877    .version            bsp_common.o
    0x0002112e   0x0002112e   0x00000044   Data   RO          878    .version            bsp_common.o


    Execution Region __init_array_start (Exec base: 0x00021174, Load base: 0x00021174, Size: 0x00000000, Max: 0x00000000, ABSOLUTE)

    Exec Addr    Load Addr    Size         Type   Attr      Idx    E Section Name        Object

    0x00021174        -       0x00000000   Zero   RW           29    __init_array_start.bss  anon$$obj.o


    Execution Region __flash_init_array (Exec base: 0x00021174, Load base: 0x00021174, Size: 0x00000000, Max: 0xffffffff, ABSOLUTE, FIXED)

    **** No section assigned to this execution region ****


    Execution Region __init_array_end (Exec base: 0x00021174, Load base: 0x00021174, Size: 0x00000000, Max: 0x00000000, ABSOLUTE)

    Exec Addr    Load Addr    Size         Type   Attr      Idx    E Section Name        Object

    0x00021174        -       0x00000000   Zero   RW           30    __init_array_end.bss  anon$$obj.o


    Execution Region __ddsc_FLASH_END (Exec base: 0x00021200, Load base: 0x00021174, Size: 0x00000000, Max: 0x00000000, ABSOLUTE)

    Exec Addr    Load Addr    Size         Type   Attr      Idx    E Section Name        Object

    0x00021200        -       0x00000000   Zero   RW           31    __ddsc_FLASH_END.bss  anon$$obj.o


    Execution Region .flash.endof (Exec base: 0x00021200, Load base: 0x00021174, Size: 0x00000000, Max: 0x00000000, ABSOLUTE)

    Exec Addr    Load Addr    Size         Type   Attr      Idx    E Section Name        Object

    0x00021200        -       0x00000000   Zero   RW           32    .flash.endof.bss    anon$$obj.o


    Execution Region __FLASH_end (Exec base: 0x00021200, Load base: 0x00021174, Size: 0x00000000, Max: 0x00000000, ABSOLUTE)

    Exec Addr    Load Addr    Size         Type   Attr      Idx    E Section Name        Object

    0x00021200        -       0x00000000   Zero   RW           33    __FLASH_end.bss     anon$$obj.o



  Load Region LOAD_REGION_OPTION_SETTING_OFS0 (Base: 0x0100a100, Size: 0x00000004, Max: 0x00000004, ABSOLUTE)

    Execution Region __OPTION_SETTING_OFS0_start (Exec base: 0x0100a100, Load base: 0x0100a100, Size: 0x00000000, Max: 0x00000000, ABSOLUTE)

    Exec Addr    Load Addr    Size         Type   Attr      Idx    E Section Name        Object

    0x0100a100        -       0x00000000   Zero   RW           34    __OPTION_SETTING_OFS0_start.bss  anon$$obj.o


    Execution Region __OPTION_SETTING_OFS0_init (Exec base: 0x0100a100, Load base: 0x0100a100, Size: 0x00000000, Max: 0x00000000, ABSOLUTE)

    Exec Addr    Load Addr    Size         Type   Attr      Idx    E Section Name        Object

    0x0100a100        -       0x00000000   Zero   RW           35    __OPTION_SETTING_OFS0_init.bss  anon$$obj.o


    Execution Region __ddsc_OPTION_SETTING_OFS0_START (Exec base: 0x0100a100, Load base: 0x0100a100, Size: 0x00000000, Max: 0x00000000, ABSOLUTE)

    Exec Addr    Load Addr    Size         Type   Attr      Idx    E Section Name        Object

    0x0100a100        -       0x00000000   Zero   RW           36    __ddsc_OPTION_SETTING_OFS0_START.bss  anon$$obj.o


    Execution Region .option_setting_ofs0.startof (Exec base: 0x0100a100, Load base: 0x0100a100, Size: 0x00000000, Max: 0x00000000, ABSOLUTE)

    Exec Addr    Load Addr    Size         Type   Attr      Idx    E Section Name        Object

    0x0100a100        -       0x00000000   Zero   RW           37    .option_setting_ofs0.startof.bss  anon$$obj.o


    Execution Region __option_setting_ofs0_reg (Exec base: 0x0100a100, Load base: 0x0100a100, Size: 0x00000004, Max: 0xffffffff, ABSOLUTE, FIXED)

    Exec Addr    Load Addr    Size         Type   Attr      Idx    E Section Name        Object

    0x0100a100   0x0100a100   0x00000004   Data   RO          950    .option_setting_ofs0  bsp_linker.o


    Execution Region __ddsc_OPTION_SETTING_OFS0_END (Exec base: 0x0100a104, Load base: 0x0100a104, Size: 0x00000000, Max: 0x00000000, ABSOLUTE)

    Exec Addr    Load Addr    Size         Type   Attr      Idx    E Section Name        Object

    0x0100a104        -       0x00000000   Zero   RW           38    __ddsc_OPTION_SETTING_OFS0_END.bss  anon$$obj.o


    Execution Region .option_setting_ofs0.endof (Exec base: 0x0100a104, Load base: 0x0100a104, Size: 0x00000000, Max: 0x00000000, ABSOLUTE)

    Exec Addr    Load Addr    Size         Type   Attr      Idx    E Section Name        Object

    0x0100a104        -       0x00000000   Zero   RW           39    .option_setting_ofs0.endof.bss  anon$$obj.o


    Execution Region __OPTION_SETTING_OFS0_end (Exec base: 0x0100a104, Load base: 0x0100a104, Size: 0x00000000, Max: 0x00000000, ABSOLUTE)

    Exec Addr    Load Addr    Size         Type   Attr      Idx    E Section Name        Object

    0x0100a104        -       0x00000000   Zero   RW           40    __OPTION_SETTING_OFS0_end.bss  anon$$obj.o



  Load Region LOAD_REGION_OPTION_SETTING_OFS1 (Base: 0x0100a180, Size: 0x00000000, Max: 0x00000004, ABSOLUTE)

    Execution Region __OPTION_SETTING_OFS1_start (Exec base: 0x0100a180, Load base: 0x0100a180, Size: 0x00000000, Max: 0x00000000, ABSOLUTE)

    Exec Addr    Load Addr    Size         Type   Attr      Idx    E Section Name        Object

    0x0100a180        -       0x00000000   Zero   RW           41    __OPTION_SETTING_OFS1_start.bss  anon$$obj.o


    Execution Region __OPTION_SETTING_OFS1_init (Exec base: 0x0100a180, Load base: 0x0100a180, Size: 0x00000000, Max: 0x00000000, ABSOLUTE)

    Exec Addr    Load Addr    Size         Type   Attr      Idx    E Section Name        Object

    0x0100a180        -       0x00000000   Zero   RW           42    __OPTION_SETTING_OFS1_init.bss  anon$$obj.o


    Execution Region __ddsc_OPTION_SETTING_OFS1_START (Exec base: 0x0100a180, Load base: 0x0100a180, Size: 0x00000000, Max: 0x00000000, ABSOLUTE)

    Exec Addr    Load Addr    Size         Type   Attr      Idx    E Section Name        Object

    0x0100a180        -       0x00000000   Zero   RW           43    __ddsc_OPTION_SETTING_OFS1_START.bss  anon$$obj.o


    Execution Region .option_setting_ofs1.startof (Exec base: 0x0100a180, Load base: 0x0100a180, Size: 0x00000000, Max: 0x00000000, ABSOLUTE)

    Exec Addr    Load Addr    Size         Type   Attr      Idx    E Section Name        Object

    0x0100a180        -       0x00000000   Zero   RW           44    .option_setting_ofs1.startof.bss  anon$$obj.o


    Execution Region __option_setting_ofs1_reg (Exec base: 0x0100a180, Load base: 0x0100a180, Size: 0x00000000, Max: 0xffffffff, ABSOLUTE, FIXED)

    **** No section assigned to this execution region ****


    Execution Region __ddsc_OPTION_SETTING_OFS1_END (Exec base: 0x0100a180, Load base: 0x0100a180, Size: 0x00000000, Max: 0x00000000, ABSOLUTE)

    Exec Addr    Load Addr    Size         Type   Attr      Idx    E Section Name        Object

    0x0100a180        -       0x00000000   Zero   RW           45    __ddsc_OPTION_SETTING_OFS1_END.bss  anon$$obj.o


    Execution Region .option_setting_ofs1.endof (Exec base: 0x0100a180, Load base: 0x0100a180, Size: 0x00000000, Max: 0x00000000, ABSOLUTE)

    Exec Addr    Load Addr    Size         Type   Attr      Idx    E Section Name        Object

    0x0100a180        -       0x00000000   Zero   RW           46    .option_setting_ofs1.endof.bss  anon$$obj.o


    Execution Region __OPTION_SETTING_OFS1_end (Exec base: 0x0100a180, Load base: 0x0100a180, Size: 0x00000000, Max: 0x00000000, ABSOLUTE)

    Exec Addr    Load Addr    Size         Type   Attr      Idx    E Section Name        Object

    0x0100a180        -       0x00000000   Zero   RW           47    __OPTION_SETTING_OFS1_end.bss  anon$$obj.o



  Load Region LOAD_REGION_OPTION_SETTING_BPS (Base: 0x0100a1c0, Size: 0x00000000, Max: 0x00000004, ABSOLUTE)

    Execution Region __OPTION_SETTING_BPS_start (Exec base: 0x0100a1c0, Load base: 0x0100a1c0, Size: 0x00000000, Max: 0x00000000, ABSOLUTE)

    Exec Addr    Load Addr    Size         Type   Attr      Idx    E Section Name        Object

    0x0100a1c0        -       0x00000000   Zero   RW           48    __OPTION_SETTING_BPS_start.bss  anon$$obj.o


    Execution Region __OPTION_SETTING_BPS_init (Exec base: 0x0100a1c0, Load base: 0x0100a1c0, Size: 0x00000000, Max: 0x00000000, ABSOLUTE)

    Exec Addr    Load Addr    Size         Type   Attr      Idx    E Section Name        Object

    0x0100a1c0        -       0x00000000   Zero   RW           49    __OPTION_SETTING_BPS_init.bss  anon$$obj.o


    Execution Region __ddsc_OPTION_SETTING_BPS_START (Exec base: 0x0100a1c0, Load base: 0x0100a1c0, Size: 0x00000000, Max: 0x00000000, ABSOLUTE)

    Exec Addr    Load Addr    Size         Type   Attr      Idx    E Section Name        Object

    0x0100a1c0        -       0x00000000   Zero   RW           50    __ddsc_OPTION_SETTING_BPS_START.bss  anon$$obj.o


    Execution Region .option_setting_bps.startof (Exec base: 0x0100a1c0, Load base: 0x0100a1c0, Size: 0x00000000, Max: 0x00000000, ABSOLUTE)

    Exec Addr    Load Addr    Size         Type   Attr      Idx    E Section Name        Object

    0x0100a1c0        -       0x00000000   Zero   RW           51    .option_setting_bps.startof.bss  anon$$obj.o


    Execution Region __option_setting_bps_reg (Exec base: 0x0100a1c0, Load base: 0x0100a1c0, Size: 0x00000000, Max: 0xffffffff, ABSOLUTE, FIXED)

    **** No section assigned to this execution region ****


    Execution Region __ddsc_OPTION_SETTING_BPS_END (Exec base: 0x0100a1c0, Load base: 0x0100a1c0, Size: 0x00000000, Max: 0x00000000, ABSOLUTE)

    Exec Addr    Load Addr    Size         Type   Attr      Idx    E Section Name        Object

    0x0100a1c0        -       0x00000000   Zero   RW           52    __ddsc_OPTION_SETTING_BPS_END.bss  anon$$obj.o


    Execution Region .option_setting_bps.endof (Exec base: 0x0100a1c0, Load base: 0x0100a1c0, Size: 0x00000000, Max: 0x00000000, ABSOLUTE)

    Exec Addr    Load Addr    Size         Type   Attr      Idx    E Section Name        Object

    0x0100a1c0        -       0x00000000   Zero   RW           53    .option_setting_bps.endof.bss  anon$$obj.o


    Execution Region __OPTION_SETTING_BPS_end (Exec base: 0x0100a1c0, Load base: 0x0100a1c0, Size: 0x00000000, Max: 0x00000000, ABSOLUTE)

    Exec Addr    Load Addr    Size         Type   Attr      Idx    E Section Name        Object

    0x0100a1c0        -       0x00000000   Zero   RW           54    __OPTION_SETTING_BPS_end.bss  anon$$obj.o



  Load Region LOAD_REGION_OPTION_SETTING_PBPS (Base: 0x0100a1e0, Size: 0x00000000, Max: 0x00000004, ABSOLUTE)

    Execution Region __OPTION_SETTING_PBPS_start (Exec base: 0x0100a1e0, Load base: 0x0100a1e0, Size: 0x00000000, Max: 0x00000000, ABSOLUTE)

    Exec Addr    Load Addr    Size         Type   Attr      Idx    E Section Name        Object

    0x0100a1e0        -       0x00000000   Zero   RW           55    __OPTION_SETTING_PBPS_start.bss  anon$$obj.o


    Execution Region __OPTION_SETTING_PBPS_init (Exec base: 0x0100a1e0, Load base: 0x0100a1e0, Size: 0x00000000, Max: 0x00000000, ABSOLUTE)

    Exec Addr    Load Addr    Size         Type   Attr      Idx    E Section Name        Object

    0x0100a1e0        -       0x00000000   Zero   RW           56    __OPTION_SETTING_PBPS_init.bss  anon$$obj.o


    Execution Region __ddsc_OPTION_SETTING_PBPS_START (Exec base: 0x0100a1e0, Load base: 0x0100a1e0, Size: 0x00000000, Max: 0x00000000, ABSOLUTE)

    Exec Addr    Load Addr    Size         Type   Attr      Idx    E Section Name        Object

    0x0100a1e0        -       0x00000000   Zero   RW           57    __ddsc_OPTION_SETTING_PBPS_START.bss  anon$$obj.o


    Execution Region .option_setting_pbps.startof (Exec base: 0x0100a1e0, Load base: 0x0100a1e0, Size: 0x00000000, Max: 0x00000000, ABSOLUTE)

    Exec Addr    Load Addr    Size         Type   Attr      Idx    E Section Name        Object

    0x0100a1e0        -       0x00000000   Zero   RW           58    .option_setting_pbps.startof.bss  anon$$obj.o


    Execution Region __option_setting_pbps_reg (Exec base: 0x0100a1e0, Load base: 0x0100a1e0, Size: 0x00000000, Max: 0xffffffff, ABSOLUTE, FIXED)

    **** No section assigned to this execution region ****


    Execution Region __ddsc_OPTION_SETTING_PBPS_END (Exec base: 0x0100a1e0, Load base: 0x0100a1e0, Size: 0x00000000, Max: 0x00000000, ABSOLUTE)

    Exec Addr    Load Addr    Size         Type   Attr      Idx    E Section Name        Object

    0x0100a1e0        -       0x00000000   Zero   RW           59    __ddsc_OPTION_SETTING_PBPS_END.bss  anon$$obj.o


    Execution Region .option_setting_pbps.endof (Exec base: 0x0100a1e0, Load base: 0x0100a1e0, Size: 0x00000000, Max: 0x00000000, ABSOLUTE)

    Exec Addr    Load Addr    Size         Type   Attr      Idx    E Section Name        Object

    0x0100a1e0        -       0x00000000   Zero   RW           60    .option_setting_pbps.endof.bss  anon$$obj.o


    Execution Region __OPTION_SETTING_PBPS_end (Exec base: 0x0100a1e0, Load base: 0x0100a1e0, Size: 0x00000000, Max: 0x00000000, ABSOLUTE)

    Exec Addr    Load Addr    Size         Type   Attr      Idx    E Section Name        Object

    0x0100a1e0        -       0x00000000   Zero   RW           61    __OPTION_SETTING_PBPS_end.bss  anon$$obj.o



  Load Region LOAD_REGION_OPTION_SETTING_OFS1_SEC (Base: 0x0100a200, Size: 0x00000004, Max: 0x00000004, ABSOLUTE)

    Execution Region __OPTION_SETTING_OFS1_SEC_start (Exec base: 0x0100a200, Load base: 0x0100a200, Size: 0x00000000, Max: 0x00000000, ABSOLUTE)

    Exec Addr    Load Addr    Size         Type   Attr      Idx    E Section Name        Object

    0x0100a200        -       0x00000000   Zero   RW           62    __OPTION_SETTING_OFS1_SEC_start.bss  anon$$obj.o


    Execution Region __OPTION_SETTING_OFS1_SEC_init (Exec base: 0x0100a200, Load base: 0x0100a200, Size: 0x00000000, Max: 0x00000000, ABSOLUTE)

    Exec Addr    Load Addr    Size         Type   Attr      Idx    E Section Name        Object

    0x0100a200        -       0x00000000   Zero   RW           63    __OPTION_SETTING_OFS1_SEC_init.bss  anon$$obj.o


    Execution Region __ddsc_OPTION_SETTING_OFS1_SEC_START (Exec base: 0x0100a200, Load base: 0x0100a200, Size: 0x00000000, Max: 0x00000000, ABSOLUTE)

    Exec Addr    Load Addr    Size         Type   Attr      Idx    E Section Name        Object

    0x0100a200        -       0x00000000   Zero   RW           64    __ddsc_OPTION_SETTING_OFS1_SEC_START.bss  anon$$obj.o


    Execution Region .option_setting_ofs1_sec.startof (Exec base: 0x0100a200, Load base: 0x0100a200, Size: 0x00000000, Max: 0x00000000, ABSOLUTE)

    Exec Addr    Load Addr    Size         Type   Attr      Idx    E Section Name        Object

    0x0100a200        -       0x00000000   Zero   RW           65    .option_setting_ofs1_sec.startof.bss  anon$$obj.o


    Execution Region __option_setting_ofs1_sec_reg (Exec base: 0x0100a200, Load base: 0x0100a200, Size: 0x00000004, Max: 0xffffffff, ABSOLUTE, FIXED)

    Exec Addr    Load Addr    Size         Type   Attr      Idx    E Section Name        Object

    0x0100a200   0x0100a200   0x00000004   Data   RO          951    .option_setting_ofs1_sec  bsp_linker.o


    Execution Region __ddsc_OPTION_SETTING_OFS1_SEC_END (Exec base: 0x0100a204, Load base: 0x0100a204, Size: 0x00000000, Max: 0x00000000, ABSOLUTE)

    Exec Addr    Load Addr    Size         Type   Attr      Idx    E Section Name        Object

    0x0100a204        -       0x00000000   Zero   RW           66    __ddsc_OPTION_SETTING_OFS1_SEC_END.bss  anon$$obj.o


    Execution Region .option_setting_ofs1_sec.endof (Exec base: 0x0100a204, Load base: 0x0100a204, Size: 0x00000000, Max: 0x00000000, ABSOLUTE)

    Exec Addr    Load Addr    Size         Type   Attr      Idx    E Section Name        Object

    0x0100a204        -       0x00000000   Zero   RW           67    .option_setting_ofs1_sec.endof.bss  anon$$obj.o


    Execution Region __OPTION_SETTING_OFS1_SEC_end (Exec base: 0x0100a204, Load base: 0x0100a204, Size: 0x00000000, Max: 0x00000000, ABSOLUTE)

    Exec Addr    Load Addr    Size         Type   Attr      Idx    E Section Name        Object

    0x0100a204        -       0x00000000   Zero   RW           68    __OPTION_SETTING_OFS1_SEC_end.bss  anon$$obj.o



  Load Region LOAD_REGION_OPTION_SETTING_BPS_SEC (Base: 0x0100a240, Size: 0x00000000, Max: 0x00000004, ABSOLUTE)

    Execution Region __OPTION_SETTING_BPS_SEC_start (Exec base: 0x0100a240, Load base: 0x0100a240, Size: 0x00000000, Max: 0x00000000, ABSOLUTE)

    Exec Addr    Load Addr    Size         Type   Attr      Idx    E Section Name        Object

    0x0100a240        -       0x00000000   Zero   RW           69    __OPTION_SETTING_BPS_SEC_start.bss  anon$$obj.o


    Execution Region __OPTION_SETTING_BPS_SEC_init (Exec base: 0x0100a240, Load base: 0x0100a240, Size: 0x00000000, Max: 0x00000000, ABSOLUTE)

    Exec Addr    Load Addr    Size         Type   Attr      Idx    E Section Name        Object

    0x0100a240        -       0x00000000   Zero   RW           70    __OPTION_SETTING_BPS_SEC_init.bss  anon$$obj.o


    Execution Region __ddsc_OPTION_SETTING_BPS_SEC_START (Exec base: 0x0100a240, Load base: 0x0100a240, Size: 0x00000000, Max: 0x00000000, ABSOLUTE)

    Exec Addr    Load Addr    Size         Type   Attr      Idx    E Section Name        Object

    0x0100a240        -       0x00000000   Zero   RW           71    __ddsc_OPTION_SETTING_BPS_SEC_START.bss  anon$$obj.o


    Execution Region .option_setting_bps_sec.startof (Exec base: 0x0100a240, Load base: 0x0100a240, Size: 0x00000000, Max: 0x00000000, ABSOLUTE)

    Exec Addr    Load Addr    Size         Type   Attr      Idx    E Section Name        Object

    0x0100a240        -       0x00000000   Zero   RW           72    .option_setting_bps_sec.startof.bss  anon$$obj.o


    Execution Region __option_setting_bps_sec_reg (Exec base: 0x0100a240, Load base: 0x0100a240, Size: 0x00000000, Max: 0xffffffff, ABSOLUTE, FIXED)

    **** No section assigned to this execution region ****


    Execution Region __ddsc_OPTION_SETTING_BPS_SEC_END (Exec base: 0x0100a240, Load base: 0x0100a240, Size: 0x00000000, Max: 0x00000000, ABSOLUTE)

    Exec Addr    Load Addr    Size         Type   Attr      Idx    E Section Name        Object

    0x0100a240        -       0x00000000   Zero   RW           73    __ddsc_OPTION_SETTING_BPS_SEC_END.bss  anon$$obj.o


    Execution Region .option_setting_bps_sec.endof (Exec base: 0x0100a240, Load base: 0x0100a240, Size: 0x00000000, Max: 0x00000000, ABSOLUTE)

    Exec Addr    Load Addr    Size         Type   Attr      Idx    E Section Name        Object

    0x0100a240        -       0x00000000   Zero   RW           74    .option_setting_bps_sec.endof.bss  anon$$obj.o


    Execution Region __OPTION_SETTING_BPS_SEC_end (Exec base: 0x0100a240, Load base: 0x0100a240, Size: 0x00000000, Max: 0x00000000, ABSOLUTE)

    Exec Addr    Load Addr    Size         Type   Attr      Idx    E Section Name        Object

    0x0100a240        -       0x00000000   Zero   RW           75    __OPTION_SETTING_BPS_SEC_end.bss  anon$$obj.o



  Load Region LOAD_REGION_OPTION_SETTING_PBPS_SEC (Base: 0x0100a260, Size: 0x00000000, Max: 0x00000004, ABSOLUTE)

    Execution Region __OPTION_SETTING_PBPS_SEC_start (Exec base: 0x0100a260, Load base: 0x0100a260, Size: 0x00000000, Max: 0x00000000, ABSOLUTE)

    Exec Addr    Load Addr    Size         Type   Attr      Idx    E Section Name        Object

    0x0100a260        -       0x00000000   Zero   RW           76    __OPTION_SETTING_PBPS_SEC_start.bss  anon$$obj.o


    Execution Region __OPTION_SETTING_PBPS_SEC_init (Exec base: 0x0100a260, Load base: 0x0100a260, Size: 0x00000000, Max: 0x00000000, ABSOLUTE)

    Exec Addr    Load Addr    Size         Type   Attr      Idx    E Section Name        Object

    0x0100a260        -       0x00000000   Zero   RW           77    __OPTION_SETTING_PBPS_SEC_init.bss  anon$$obj.o


    Execution Region __ddsc_OPTION_SETTING_PBPS_SEC_START (Exec base: 0x0100a260, Load base: 0x0100a260, Size: 0x00000000, Max: 0x00000000, ABSOLUTE)

    Exec Addr    Load Addr    Size         Type   Attr      Idx    E Section Name        Object

    0x0100a260        -       0x00000000   Zero   RW           78    __ddsc_OPTION_SETTING_PBPS_SEC_START.bss  anon$$obj.o


    Execution Region .option_setting_pbps_sec.startof (Exec base: 0x0100a260, Load base: 0x0100a260, Size: 0x00000000, Max: 0x00000000, ABSOLUTE)

    Exec Addr    Load Addr    Size         Type   Attr      Idx    E Section Name        Object

    0x0100a260        -       0x00000000   Zero   RW           79    .option_setting_pbps_sec.startof.bss  anon$$obj.o


    Execution Region __option_setting_pbps_sec_reg (Exec base: 0x0100a260, Load base: 0x0100a260, Size: 0x00000000, Max: 0xffffffff, ABSOLUTE, FIXED)

    **** No section assigned to this execution region ****


    Execution Region __ddsc_OPTION_SETTING_PBPS_SEC_END (Exec base: 0x0100a260, Load base: 0x0100a260, Size: 0x00000000, Max: 0x00000000, ABSOLUTE)

    Exec Addr    Load Addr    Size         Type   Attr      Idx    E Section Name        Object

    0x0100a260        -       0x00000000   Zero   RW           80    __ddsc_OPTION_SETTING_PBPS_SEC_END.bss  anon$$obj.o


    Execution Region .option_setting_pbps_sec.endof (Exec base: 0x0100a260, Load base: 0x0100a260, Size: 0x00000000, Max: 0x00000000, ABSOLUTE)

    Exec Addr    Load Addr    Size         Type   Attr      Idx    E Section Name        Object

    0x0100a260        -       0x00000000   Zero   RW           81    .option_setting_pbps_sec.endof.bss  anon$$obj.o


    Execution Region __OPTION_SETTING_PBPS_SEC_end (Exec base: 0x0100a260, Load base: 0x0100a260, Size: 0x00000000, Max: 0x00000000, ABSOLUTE)

    Exec Addr    Load Addr    Size         Type   Attr      Idx    E Section Name        Object

    0x0100a260        -       0x00000000   Zero   RW           82    __OPTION_SETTING_PBPS_SEC_end.bss  anon$$obj.o



  Load Region LOAD_REGION_OPTION_SETTING_OFS1_SEL (Base: 0x0100a280, Size: 0x00000004, Max: 0x00000004, ABSOLUTE)

    Execution Region __OPTION_SETTING_OFS1_SEL_start (Exec base: 0x0100a280, Load base: 0x0100a280, Size: 0x00000000, Max: 0x00000000, ABSOLUTE)

    Exec Addr    Load Addr    Size         Type   Attr      Idx    E Section Name        Object

    0x0100a280        -       0x00000000   Zero   RW           83    __OPTION_SETTING_OFS1_SEL_start.bss  anon$$obj.o


    Execution Region __OPTION_SETTING_OFS1_SEL_init (Exec base: 0x0100a280, Load base: 0x0100a280, Size: 0x00000000, Max: 0x00000000, ABSOLUTE)

    Exec Addr    Load Addr    Size         Type   Attr      Idx    E Section Name        Object

    0x0100a280        -       0x00000000   Zero   RW           84    __OPTION_SETTING_OFS1_SEL_init.bss  anon$$obj.o


    Execution Region __ddsc_OPTION_SETTING_OFS1_SEL_START (Exec base: 0x0100a280, Load base: 0x0100a280, Size: 0x00000000, Max: 0x00000000, ABSOLUTE)

    Exec Addr    Load Addr    Size         Type   Attr      Idx    E Section Name        Object

    0x0100a280        -       0x00000000   Zero   RW           85    __ddsc_OPTION_SETTING_OFS1_SEL_START.bss  anon$$obj.o


    Execution Region .option_setting_ofs1_sel.startof (Exec base: 0x0100a280, Load base: 0x0100a280, Size: 0x00000000, Max: 0x00000000, ABSOLUTE)

    Exec Addr    Load Addr    Size         Type   Attr      Idx    E Section Name        Object

    0x0100a280        -       0x00000000   Zero   RW           86    .option_setting_ofs1_sel.startof.bss  anon$$obj.o


    Execution Region __option_setting_ofs1_sel_reg (Exec base: 0x0100a280, Load base: 0x0100a280, Size: 0x00000004, Max: 0xffffffff, ABSOLUTE, FIXED)

    Exec Addr    Load Addr    Size         Type   Attr      Idx    E Section Name        Object

    0x0100a280   0x0100a280   0x00000004   Data   RO          952    .option_setting_ofs1_sel  bsp_linker.o


    Execution Region __ddsc_OPTION_SETTING_OFS1_SEL_END (Exec base: 0x0100a284, Load base: 0x0100a284, Size: 0x00000000, Max: 0x00000000, ABSOLUTE)

    Exec Addr    Load Addr    Size         Type   Attr      Idx    E Section Name        Object

    0x0100a284        -       0x00000000   Zero   RW           87    __ddsc_OPTION_SETTING_OFS1_SEL_END.bss  anon$$obj.o


    Execution Region .option_setting_ofs1_sel.endof (Exec base: 0x0100a284, Load base: 0x0100a284, Size: 0x00000000, Max: 0x00000000, ABSOLUTE)

    Exec Addr    Load Addr    Size         Type   Attr      Idx    E Section Name        Object

    0x0100a284        -       0x00000000   Zero   RW           88    .option_setting_ofs1_sel.endof.bss  anon$$obj.o


    Execution Region __OPTION_SETTING_OFS1_SEL_end (Exec base: 0x0100a284, Load base: 0x0100a284, Size: 0x00000000, Max: 0x00000000, ABSOLUTE)

    Exec Addr    Load Addr    Size         Type   Attr      Idx    E Section Name        Object

    0x0100a284        -       0x00000000   Zero   RW           89    __OPTION_SETTING_OFS1_SEL_end.bss  anon$$obj.o



  Load Region LOAD_REGION_OPTION_SETTING_BPS_SEL (Base: 0x0100a2c0, Size: 0x00000000, Max: 0x00000004, ABSOLUTE)

    Execution Region __OPTION_SETTING_BPS_SEL_start (Exec base: 0x0100a2c0, Load base: 0x0100a2c0, Size: 0x00000000, Max: 0x00000000, ABSOLUTE)

    Exec Addr    Load Addr    Size         Type   Attr      Idx    E Section Name        Object

    0x0100a2c0        -       0x00000000   Zero   RW           90    __OPTION_SETTING_BPS_SEL_start.bss  anon$$obj.o


    Execution Region __OPTION_SETTING_BPS_SEL_init (Exec base: 0x0100a2c0, Load base: 0x0100a2c0, Size: 0x00000000, Max: 0x00000000, ABSOLUTE)

    Exec Addr    Load Addr    Size         Type   Attr      Idx    E Section Name        Object

    0x0100a2c0        -       0x00000000   Zero   RW           91    __OPTION_SETTING_BPS_SEL_init.bss  anon$$obj.o


    Execution Region __ddsc_OPTION_SETTING_BPS_SEL_START (Exec base: 0x0100a2c0, Load base: 0x0100a2c0, Size: 0x00000000, Max: 0x00000000, ABSOLUTE)

    Exec Addr    Load Addr    Size         Type   Attr      Idx    E Section Name        Object

    0x0100a2c0        -       0x00000000   Zero   RW           92    __ddsc_OPTION_SETTING_BPS_SEL_START.bss  anon$$obj.o


    Execution Region .option_setting_bps_sel.startof (Exec base: 0x0100a2c0, Load base: 0x0100a2c0, Size: 0x00000000, Max: 0x00000000, ABSOLUTE)

    Exec Addr    Load Addr    Size         Type   Attr      Idx    E Section Name        Object

    0x0100a2c0        -       0x00000000   Zero   RW           93    .option_setting_bps_sel.startof.bss  anon$$obj.o


    Execution Region __option_setting_bps_sel_reg (Exec base: 0x0100a2c0, Load base: 0x0100a2c0, Size: 0x00000000, Max: 0xffffffff, ABSOLUTE, FIXED)

    **** No section assigned to this execution region ****


    Execution Region __ddsc_OPTION_SETTING_BPS_SEL_END (Exec base: 0x0100a2c0, Load base: 0x0100a2c0, Size: 0x00000000, Max: 0x00000000, ABSOLUTE)

    Exec Addr    Load Addr    Size         Type   Attr      Idx    E Section Name        Object

    0x0100a2c0        -       0x00000000   Zero   RW           94    __ddsc_OPTION_SETTING_BPS_SEL_END.bss  anon$$obj.o


    Execution Region .option_setting_bps_sel.endof (Exec base: 0x0100a2c0, Load base: 0x0100a2c0, Size: 0x00000000, Max: 0x00000000, ABSOLUTE)

    Exec Addr    Load Addr    Size         Type   Attr      Idx    E Section Name        Object

    0x0100a2c0        -       0x00000000   Zero   RW           95    .option_setting_bps_sel.endof.bss  anon$$obj.o


    Execution Region __OPTION_SETTING_BPS_SEL_end (Exec base: 0x0100a2c0, Load base: 0x0100a2c0, Size: 0x00000000, Max: 0x00000000, ABSOLUTE)

    Exec Addr    Load Addr    Size         Type   Attr      Idx    E Section Name        Object

    0x0100a2c0        -       0x00000000   Zero   RW           96    __OPTION_SETTING_BPS_SEL_end.bss  anon$$obj.o


==============================================================================

Image component sizes


      Code (inc. data)   RO Data    RW Data    ZI Data      Debug   Object Name

      3260        324        327          4       9080      13295   appliance_identification.o
       480          0          0          0         28      33436   bsp_clocks.o
         8          0         78          0          0      10100   bsp_common.o
       132          0          0          0          1      14383   bsp_debug_uart.o
        96          0          0          0          0       1748   bsp_delay.o
        68          0          0          0         56      14191   bsp_group_irq.o
         0          0          0          0          4        569   bsp_io.o
       138          0          0          0         68      16409   bsp_irq.o
         0          0        192          0          0       2806   bsp_linker.o
       160          0         10          0         10      21916   bsp_register_protection.o
       142          0         53          0         33      14237   bsp_sdhi_sdcard.o
      3742       1016        858          0       4825      28558   bsp_wifi_esp8266.o
       210          0          0          0       8312       1999   circle_buf.o
      4570        106         19         12          8      49538   cjson.o
      2274        500        277        140        543       8463   cjson_handle.o
         0          0         24          0         16      26273   common_data.o
       380         44          0          0          0      11725   diskio.o
         0          0         80          0          0       7699   elc_data.o
       554         96         69          0          4       2410   event_detector.o
      7370         56         13          0         10      57857   ff.o
       250         10      87858          0          0       2956   ffunicode.o
         6          0        768         84        820      75518   hal_data.o
       592        144         25          0       4171      20189   hal_entry.o
       408         64          0          0        136      18120   key.o
        10          0          0          0          0        498   main.o
         0          0        292          0          0       8104   pin_data.o
       914          0         44          0          0      37713   r_dmac.o
       214          0         28          0          0      25003   r_elc.o
      1848          0         52          0          0      79522   r_gpt.o
       980         12         52          0          0      57196   r_ioport.o
      1782          0         44          0          0      73262   r_sci_uart.o
      2716          0          0          0          0      72084   r_sdhi.o
       400         76         32          0         48       9301   relay.o
        14          0         64          0      20480       1033   startup.o
       252          0          0          0          4       6769   system.o
        98          0          0          0          4      12470   systick.o
      1892        304         45          2        135      23434   uart_hlw.o
         0          0        136          0          0       7753   vector_data.o

    ----------------------------------------------------------------------
     36020       2756      91448        244      48832     868537   Object Totals
         0          0          0          0          0          0   (incl. Generated)
        60          4          8          2         36          0   (incl. Padding)

    ----------------------------------------------------------------------

      Code (inc. data)   RO Data    RW Data    ZI Data      Debug   Library Member Name

        40          8          0          0          0        128   strtod.o
        56          8          0          0          0         84   __0sscanf.o
        28          0          0          0          0         68   _chval.o
       812          4          0          0          0        112   _scanf.o
       332          0          0          0          0         96   _scanf_int.o
       224          0          0          0          0         96   _scanf_str.o
        64          0          0          0          0         84   _sgetc.o
        40          6         64          0          0         68   ctype_c.o
        10          0          0          0          0         68   isspace_c.o
         0          0          0          0          0          0   iusefp.o
        30          0          0          0          0         68   llshl.o
        36          0          0          0          0         68   llsshr.o
        32          0          0          0          0         68   llushr.o
       360         30          0          0          0        356   mallocr2.o
        20          0          0          0          0         68   memchr.o
        26          0          0          0          0         80   memcmp.o
        36          0          0          0          0         68   memcpya.o
        36          0          0          0          0        108   memseta.o
         0          0          0          8          0          0   mvars.o
      2382        100          0          0          0        760   printfa.o
        36          6          0          0          0         80   puts.o
        40          8          0          0          0         84   scanf_char.o
       878         12          0          0          0        216   scanf_fp.o
         0          0          0          4          0          0   stdout.o
        20          0          0          0          0         68   strchr.o
        28          0          0          0          0         76   strcmp.o
        14          0          0          0          0         68   strlen.o
        30          0          0          0          0         80   strncmp.o
        24          0          0          0          0         76   strncpy.o
        22          0          0          0          0         68   strrchr.o
        36          0          0          0          0         80   strstr.o
       168         12          0          0          0        124   strtod.o
        12          0          0          0          0         68   tolower.o
        44          0          0          0          0         80   uidiv.o
        98          0          0          0          0         92   uldiv.o
        48          0          0          0          0         68   cdrcmple.o
        56          0          0          0          0         88   d2f.o
       334          0          0          0          0        148   dadd.o
        56          0          0          0          0         80   dcmpeq.o
        54          0          0          0          0         80   dcmpge.o
        54          0          0          0          0         80   dcmpgt.o
        54          0          0          0          0         80   dcmple.o
        54          0          0          0          0         80   dcmplt.o
       222          0          0          0          0        100   ddiv.o
       186          0          0          0          0        176   depilogue.o
        62          0          0          0          0         80   dfixi.o
        50          0          0          0          0         76   dfixui.o
        48          0          0          0          0         68   dfixul.o
        34          0          0          0          0         76   dflti.o
        26          0          0          0          0         76   dfltui.o
        24          0          0          0          0         76   dfltul.o
       228          0          0          0          0         96   dmul.o
        38          0          0          0          0         68   f2d.o
       110          0          0          0          0        168   fepilogue.o

    ----------------------------------------------------------------------
      7760        194         64         12          0       5472   Library Totals
         8          0          0          0          0          0   (incl. Padding)

    ----------------------------------------------------------------------

      Code (inc. data)   RO Data    RW Data    ZI Data      Debug   Library Name

        40          8          0          0          0        128   m_wm.l
      5974        186         64         12          0       3580   mc_w.l
      1738          0          0          0          0       1764   mf_w.l

    ----------------------------------------------------------------------
      7760        194         64         12          0       5472   Library Totals

    ----------------------------------------------------------------------

==============================================================================


      Code (inc. data)   RO Data    RW Data    ZI Data      Debug   

     43780       2950      91512        256      48832     870321   Grand Totals
     43780       2950      91512        256      48832     870321   ELF Image Totals
     43780       2950      91512        256          0          0   ROM Totals

==============================================================================

    Total RO  Size (Code + RO Data)               135292 ( 132.12kB)
    Total RW  Size (RW Data + ZI Data)             49088 (  47.94kB)
    Total ROM Size (Code + RO Data + RW Data)     135548 ( 132.37kB)

==============================================================================

